Archive member included to satisfy reference by file (symbol)

c:/st/stm32cubeide_1.7.0/stm32cubeide/plugins/com.st.stm32cube.ide.mcu.externaltools.gnu-tools-for-stm32.9-2020-q2-update.win32_2.0.0.202105311346/tools/bin/../lib/gcc/arm-none-eabi/9.3.1/../../../../arm-none-eabi/lib/thumb/v7e-m+fp/hard\libstdc++_nano.a(pure.o)
                              ./Core/Src/LiquidCrystal.o (__cxa_pure_virtual)
c:/st/stm32cubeide_1.7.0/stm32cubeide/plugins/com.st.stm32cube.ide.mcu.externaltools.gnu-tools-for-stm32.9-2020-q2-update.win32_2.0.0.202105311346/tools/bin/../lib/gcc/arm-none-eabi/9.3.1/../../../../arm-none-eabi/lib/thumb/v7e-m+fp/hard\libstdc++_nano.a(allocator-inst.o)
                              ./Core/Src/main.o (std::allocator<char>::allocator())
c:/st/stm32cubeide_1.7.0/stm32cubeide/plugins/com.st.stm32cube.ide.mcu.externaltools.gnu-tools-for-stm32.9-2020-q2-update.win32_2.0.0.202105311346/tools/bin/../lib/gcc/arm-none-eabi/9.3.1/../../../../arm-none-eabi/lib/thumb/v7e-m+fp/hard\libstdc++_nano.a(functexcept.o)
                              ./Core/Src/main.o (std::__throw_logic_error(char const*))
c:/st/stm32cubeide_1.7.0/stm32cubeide/plugins/com.st.stm32cube.ide.mcu.externaltools.gnu-tools-for-stm32.9-2020-q2-update.win32_2.0.0.202105311346/tools/bin/../lib/gcc/arm-none-eabi/9.3.1/../../../../arm-none-eabi/lib/thumb/v7e-m+fp/hard\libstdc++_nano.a(snprintf_lite.o)
                              c:/st/stm32cubeide_1.7.0/stm32cubeide/plugins/com.st.stm32cube.ide.mcu.externaltools.gnu-tools-for-stm32.9-2020-q2-update.win32_2.0.0.202105311346/tools/bin/../lib/gcc/arm-none-eabi/9.3.1/../../../../arm-none-eabi/lib/thumb/v7e-m+fp/hard\libstdc++_nano.a(functexcept.o) (__gnu_cxx::__snprintf_lite(char*, unsigned int, char const*, std::__va_list))
c:/st/stm32cubeide_1.7.0/stm32cubeide/plugins/com.st.stm32cube.ide.mcu.externaltools.gnu-tools-for-stm32.9-2020-q2-update.win32_2.0.0.202105311346/tools/bin/../lib/gcc/arm-none-eabi/9.3.1/../../../../arm-none-eabi/lib/thumb/v7e-m+fp/hard\libstdc++_nano.a(string-inst.o)
                              ./Core/Src/main.o (std::__cxx11::basic_string<char, std::char_traits<char>, std::allocator<char> >::_M_data(char*))
c:/st/stm32cubeide_1.7.0/stm32cubeide/plugins/com.st.stm32cube.ide.mcu.externaltools.gnu-tools-for-stm32.9-2020-q2-update.win32_2.0.0.202105311346/tools/bin/../lib/gcc/arm-none-eabi/9.3.1/../../../../arm-none-eabi/lib/thumb/v7e-m+fp/hard\libstdc++_nano.a(del_op.o)
                              c:/st/stm32cubeide_1.7.0/stm32cubeide/plugins/com.st.stm32cube.ide.mcu.externaltools.gnu-tools-for-stm32.9-2020-q2-update.win32_2.0.0.202105311346/tools/bin/../lib/gcc/arm-none-eabi/9.3.1/../../../../arm-none-eabi/lib/thumb/v7e-m+fp/hard\libstdc++_nano.a(string-inst.o) (operator delete(void*))
c:/st/stm32cubeide_1.7.0/stm32cubeide/plugins/com.st.stm32cube.ide.mcu.externaltools.gnu-tools-for-stm32.9-2020-q2-update.win32_2.0.0.202105311346/tools/bin/../lib/gcc/arm-none-eabi/9.3.1/../../../../arm-none-eabi/lib/thumb/v7e-m+fp/hard\libstdc++_nano.a(eh_terminate.o)
                              c:/st/stm32cubeide_1.7.0/stm32cubeide/plugins/com.st.stm32cube.ide.mcu.externaltools.gnu-tools-for-stm32.9-2020-q2-update.win32_2.0.0.202105311346/tools/bin/../lib/gcc/arm-none-eabi/9.3.1/../../../../arm-none-eabi/lib/thumb/v7e-m+fp/hard\libstdc++_nano.a(pure.o) (std::terminate())
c:/st/stm32cubeide_1.7.0/stm32cubeide/plugins/com.st.stm32cube.ide.mcu.externaltools.gnu-tools-for-stm32.9-2020-q2-update.win32_2.0.0.202105311346/tools/bin/../lib/gcc/arm-none-eabi/9.3.1/../../../../arm-none-eabi/lib/thumb/v7e-m+fp/hard\libstdc++_nano.a(eh_unex_handler.o)
                              c:/st/stm32cubeide_1.7.0/stm32cubeide/plugins/com.st.stm32cube.ide.mcu.externaltools.gnu-tools-for-stm32.9-2020-q2-update.win32_2.0.0.202105311346/tools/bin/../lib/gcc/arm-none-eabi/9.3.1/../../../../arm-none-eabi/lib/thumb/v7e-m+fp/hard\libstdc++_nano.a(eh_terminate.o) (__cxxabiv1::__unexpected_handler)
c:/st/stm32cubeide_1.7.0/stm32cubeide/plugins/com.st.stm32cube.ide.mcu.externaltools.gnu-tools-for-stm32.9-2020-q2-update.win32_2.0.0.202105311346/tools/bin/../lib/gcc/arm-none-eabi/9.3.1/../../../../arm-none-eabi/lib/thumb/v7e-m+fp/hard\libstdc++_nano.a(new_op.o)
                              c:/st/stm32cubeide_1.7.0/stm32cubeide/plugins/com.st.stm32cube.ide.mcu.externaltools.gnu-tools-for-stm32.9-2020-q2-update.win32_2.0.0.202105311346/tools/bin/../lib/gcc/arm-none-eabi/9.3.1/../../../../arm-none-eabi/lib/thumb/v7e-m+fp/hard\libstdc++_nano.a(string-inst.o) (operator new(unsigned int))
c:/st/stm32cubeide_1.7.0/stm32cubeide/plugins/com.st.stm32cube.ide.mcu.externaltools.gnu-tools-for-stm32.9-2020-q2-update.win32_2.0.0.202105311346/tools/bin/../lib/gcc/arm-none-eabi/9.3.1/../../../../arm-none-eabi/lib/thumb/v7e-m+fp/hard\libstdc++_nano.a(eh_term_handler.o)
[...]
Memory Configuration

Name             Origin             Length             Attributes
CCMRAM           0x0000000010000000 0x0000000000010000 xrw
RAM              0x0000000020000000 0x0000000000020000 xrw
FLASH            0x0000000008000000 0x0000000000100000 xr
*default*        0x0000000000000000 0xffffffffffffffff

Linker script and memory map

LOAD c:/st/stm32cubeide_1.7.0/stm32cubeide/plugins/com.st.stm32cube.ide.mcu.externaltools.gnu-tools-for-stm32.9-2020-q2-update.win32_2.0.0.202105311346/tools/bin/../lib/gcc/arm-none-eabi/9.3.1/thumb/v7e-m+fp/hard/crti.o
LOAD c:/st/stm32cubeide_1.7.0/stm32cubeide/plugins/com.st.stm32cube.ide.mcu.externaltools.gnu-tools-for-stm32.9-2020-q2-update.win32_2.0.0.202105311346/tools/bin/../lib/gcc/arm-none-eabi/9.3.1/thumb/v7e-m+fp/hard/crtbegin.o
LOAD c:/st/stm32cubeide_1.7.0/stm32cubeide/plugins/com.st.stm32cube.ide.mcu.externaltools.gnu-tools-for-stm32.9-2020-q2-update.win32_2.0.0.202105311346/tools/bin/../lib/gcc/arm-none-eabi/9.3.1/../../../../arm-none-eabi/lib/thumb/v7e-m+fp/hard/crt0.o
LOAD ./Core/Src/Arduino.o
LOAD ./Core/Src/LiquidCrystal.o
LOAD ./Core/Src/Print.o
LOAD ./Core/Src/gpio.o
LOAD ./Core/Src/main.o
LOAD ./Core/Src/stm32f4xx_it.o
LOAD ./Core/Src/syscalls.o
LOAD ./Core/Src/sysmem.o
LOAD ./Core/Src/system_stm32f4xx.o
LOAD ./Core/Src/tim.o
LOAD ./Core/Src/uhal_stm32f407_platform.o
LOAD ./Core/Src/usart.o
LOAD ./Core/Startup/startup_stm32f407vgtx.o
LOAD ./Core/UAPP/UAPP_SIMTOOL.o
LOAD ./Core/USER_API/UHAL/UHAL_ADC/UHAL_ADC.o
LOAD ./Core/USER_API/UHAL/UHAL_DMA/UHAL_DMA.o
LOAD ./Core/USER_API/UHAL/UHAL_INTERRUPT_HANDLER/UHAL_INTERRUPT HANDLER.o
LOAD ./Core/USER_API/UHAL/UHAL_TIM/uhal_tim.o
LOAD ./Core/USER_API/UHAL/UHAL_USART/uhal_usart.o
LOAD ./Drivers/STM32F4xx_HAL_Driver/Src/stm32f4xx_ll_adc.o
LOAD ./Drivers/STM32F4xx_HAL_Driver/Src/stm32f4xx_ll_dma.o
LOAD ./Drivers/STM32F4xx_HAL_Driver/Src/stm32f4xx_ll_exti.o
LOAD ./Drivers/STM32F4xx_HAL_Driver/Src/stm32f4xx_ll_gpio.o
LOAD ./Drivers/STM32F4xx_HAL_Driver/Src/stm32f4xx_ll_rcc.o
LOAD ./Drivers/STM32F4xx_HAL_Driver/Src/stm32f4xx_ll_tim.o
LOAD ./Drivers/STM32F4xx_HAL_Driver/Src/stm32f4xx_ll_usart.o
LOAD ./Drivers/STM32F4xx_HAL_Driver/Src/stm32f4xx_ll_utils.o
START GROUP
LOAD c:/st/stm32cubeide_1.7.0/stm32cubeide/plugins/com.st.stm32cube.ide.mcu.externaltools.gnu-tools-for-stm32.9-2020-q2-update.win32_2.0.0.202105311346/tools/bin/../lib/gcc/arm-none-eabi/9.3.1/../../../../arm-none-eabi/lib/thumb/v7e-m+fp/hard\libstdc++_nano.a
LOAD c:/st/stm32cubeide_1.7.0/stm32cubeide/plugins/com.st.stm32cube.ide.mcu.externaltools.gnu-tools-for-stm32.9-2020-q2-update.win32_2.0.0.202105311346/tools/bin/../lib/gcc/arm-none-eabi/9.3.1/../../../../arm-none-eabi/lib/thumb/v7e-m+fp/hard\libsupc++_nano.a
END GROUP
LOAD c:/st/stm32cubeide_1.7.0/stm32cubeide/plugins/com.st.stm32cube.ide.mcu.externaltools.gnu-tools-for-stm32.9-2020-q2-update.win32_2.0.0.202105311346/tools/bin/../lib/gcc/arm-none-eabi/9.3.1/../../../../arm-none-eabi/lib/thumb/v7e-m+fp/hard\libstdc++_nano.a
LOAD c:/st/stm32cubeide_1.7.0/stm32cubeide/plugins/com.st.stm32cube.ide.mcu.externaltools.gnu-tools-for-stm32.9-2020-q2-update.win32_2.0.0.202105311346/tools/bin/../lib/gcc/arm-none-eabi/9.3.1/../../../../arm-none-eabi/lib/thumb/v7e-m+fp/hard\libm.a
LOAD c:/st/stm32cubeide_1.7.0/stm32cubeide/plugins/com.st.stm32cube.ide.mcu.externaltools.gnu-tools-for-stm32.9-2020-q2-update.win32_2.0.0.202105311346/tools/bin/../lib/gcc/arm-none-eabi/9.3.1/../../../../arm-none-eabi/lib/thumb/v7e-m+fp/hard\libc_nano.a
START GROUP
LOAD c:/st/stm32cubeide_1.7.0/stm32cubeide/plugins/com.st.stm32cube.ide.mcu.externaltools.gnu-tools-for-stm32.9-2020-q2-update.win32_2.0.0.202105311346/tools/bin/../lib/gcc/arm-none-eabi/9.3.1/thumb/v7e-m+fp/hard\libgcc.a
LOAD c:/st/stm32cubeide_1.7.0/stm32cubeide/plugins/com.st.stm32cube.ide.mcu.externaltools.gnu-tools-for-stm32.9-2020-q2-update.win32_2.0.0.202105311346/tools/bin/../lib/gcc/arm-none-eabi/9.3.1/../../../../arm-none-eabi/lib/thumb/v7e-m+fp/hard\libc_nano.a
END GROUP
START GROUP
LOAD c:/st/stm32cubeide_1.7.0/stm32cubeide/plugins/com.st.stm32cube.ide.mcu.externaltools.gnu-tools-for-stm32.9-2020-q2-update.win32_2.0.0.202105311346/tools/bin/../lib/gcc/arm-none-eabi/9.3.1/thumb/v7e-m+fp/hard\libgcc.a
LOAD c:/st/stm32cubeide_1.7.0/stm32cubeide/plugins/com.st.stm32cube.ide.mcu.externaltools.gnu-tools-for-stm32.9-2020-q2-update.win32_2.0.0.202105311346/tools/bin/../lib/gcc/arm-none-eabi/9.3.1/../../../../arm-none-eabi/lib/thumb/v7e-m+fp/hard\libc_nano.a
LOAD c:/st/stm32cubeide_1.7.0/stm32cubeide/plugins/com.st.stm32cube.ide.mcu.externaltools.gnu-tools-for-stm32.9-2020-q2-update.win32_2.0.0.202105311346/tools/bin/../lib/gcc/arm-none-eabi/9.3.1/../../../../arm-none-eabi/lib/thumb/v7e-m+fp/hard\libnosys.a
END GROUP
START GROUP
LOAD c:/st/stm32cubeide_1.7.0/stm32cubeide/plugins/com.st.stm32cube.ide.mcu.externaltools.gnu-tools-for-stm32.9-2020-q2-update.win32_2.0.0.202105311346/tools/bin/../lib/gcc/arm-none-eabi/9.3.1/thumb/v7e-m+fp/hard\libgcc.a
LOAD c:/st/stm32cubeide_1.7.0/stm32cubeide/plugins/com.st.stm32cube.ide.mcu.externaltools.gnu-tools-for-stm32.9-2020-q2-update.win32_2.0.0.202105311346/tools/bin/../lib/gcc/arm-none-eabi/9.3.1/../../../../arm-none-eabi/lib/thumb/v7e-m+fp/hard\libc_nano.a
LOAD c:/st/stm32cubeide_1.7.0/stm32cubeide/plugins/com.st.stm32cube.ide.mcu.externaltools.gnu-tools-for-stm32.9-2020-q2-update.win32_2.0.0.202105311346/tools/bin/../lib/gcc/arm-none-eabi/9.3.1/../../../../arm-none-eabi/lib/thumb/v7e-m+fp/hard\libnosys.a
END GROUP
LOAD c:/st/stm32cubeide_1.7.0/stm32cubeide/plugins/com.st.stm32cube.ide.mcu.externaltools.gnu-tools-for-stm32.9-2020-q2-update.win32_2.0.0.202105311346/tools/bin/../lib/gcc/arm-none-eabi/9.3.1/thumb/v7e-m+fp/hard/crtend.o
LOAD c:/st/stm32cubeide_1.7.0/stm32cubeide/plugins/com.st.stm32cube.ide.mcu.externaltools.gnu-tools-for-stm32.9-2020-q2-update.win32_2.0.0.202105311346/tools/bin/../lib/gcc/arm-none-eabi/9.3.1/thumb/v7e-m+fp/hard/crtn.o
                0x0000000020020000                _estack = (ORIGIN (RAM) + LENGTH (RAM))
                0x0000000000000200                _Min_Heap_Size = 0x200
                0x0000000000000400                _Min_Stack_Size = 0x400

.isr_vector     0x0000000008000000      0x188
                0x0000000008000000                . = ALIGN (0x4)
 *(.isr_vector)
 .isr_vector    0x0000000008000000      0x188 ./Core/Startup/startup_stm32f407vgtx.o
                0x0000000008000000                g_pfnVectors
                0x0000000008000188                . = ALIGN (0x4)

.text           0x0000000008000190     0x4400
                0x0000000008000190                . = ALIGN (0x4)
 *(.text)
 .text          0x0000000008000190       0x40 c:/st/stm32cubeide_1.7.0/stm32cubeide/plugins/com.st.stm32cube.ide.mcu.externaltools.gnu-tools-for-stm32.9-2020-q2-update.win32_2.0.0.202105311346/tools/bin/../lib/gcc/arm-none-eabi/9.3.1/thumb/v7e-m+fp/hard/crtbegin.o
 .text          0x00000000080001d0       0xa0 c:/st/stm32cubeide_1.7.0/stm32cubeide/plugins/com.st.stm32cube.ide.mcu.externaltools.gnu-tools-for-stm32.9-2020-q2-update.win32_2.0.0.202105311346/tools/bin/../lib/gcc/arm-none-eabi/9.3.1/../../../../arm-none-eabi/lib/thumb/v7e-m+fp/hard\libc_nano.a(lib_a-memchr.o)
                0x00000000080001d0                memchr
 .text          0x0000000008000270       0x10 c:/st/stm32cubeide_1.7.0/stm32cubeide/plugins/com.st.stm32cube.ide.mcu.externaltools.gnu-tools-for-stm32.9-2020-q2-update.win32_2.0.0.202105311346/tools/bin/../lib/gcc/arm-none-eabi/9.3.1/../../../../arm-none-eabi/lib/thumb/v7e-m+fp/hard\libc_nano.a(lib_a-strlen.o)
                0x0000000008000270                strlen
 .text          0x0000000008000280       0x30 c:/st/stm32cubeide_1.7.0/stm32cubeide/plugins/com.st.stm32cube.ide.mcu.externaltools.gnu-tools-for-stm32.9-2020-q2-update.win32_2.0.0.202105311346/tools/bin/../lib/gcc/arm-none-eabi/9.3.1/thumb/v7e-m+fp/hard\libgcc.a(_aeabi_uldivmod.o)
                0x0000000008000280                __aeabi_uldivmod
 .text          0x00000000080002b0      0x2c4 c:/st/stm32cubeide_1.7.0/stm32cubeide/plugins/com.st.stm32cube.ide.mcu.externaltools.gnu-tools-for-stm32.9-2020-q2-update.win32_2.0.0.202105311346/tools/bin/../lib/gcc/arm-none-eabi/9.3.1/thumb/v7e-m+fp/hard\libgcc.a(_udivmoddi4.o)
                0x00000000080002b0                __udivmoddi4
 .text          0x0000000008000574        0x4 c:/st/stm32cubeide_1.7.0/stm32cubeide/plugins/com.st.stm32cube.ide.mcu.externaltools.gnu-tools-for-stm32.9-2020-q2-update.win32_2.0.0.202105311346/tools/bin/../lib/gcc/arm-none-eabi/9.3.1/thumb/v7e-m+fp/hard\libgcc.a(_dvmd_tls.o)
                0x0000000008000574                __aeabi_idiv0
                0x0000000008000574                __aeabi_ldiv0
 *(.text*)
 .text.LL_AHB1_GRP1_EnableClock
                0x0000000008000578       0x30 ./Core/Src/gpio.o
 .text.LL_GPIO_ResetOutputPin
                0x00000000080005a8       0x1e ./Core/Src/gpio.o
 *fill*         0x00000000080005c6        0x2 
 .text.MX_GPIO_Init
                0x00000000080005c8       0x54 ./Core/Src/gpio.o
                0x00000000080005c8                MX_GPIO_Init
 .text.__NVIC_SetPriorityGrouping
                0x000000000800061c       0x48 ./Core/Src/main.o
 .text.__NVIC_ClearPendingIRQ
                0x0000000008000664       0x3c ./Core/Src/main.o
 .text.LL_RCC_HSE_EnableBypass
                0x00000000080006a0       0x20 ./Core/Src/main.o
 .text.LL_RCC_HSE_Enable
                0x00000000080006c0       0x20 ./Core/Src/main.o
 .text.LL_RCC_HSE_IsReady
                0x00000000080006e0       0x28 ./Core/Src/main.o
 .text.LL_RCC_SetSysClkSource
                0x0000000008000708       0x28 ./Core/Src/main.o
 .text.LL_RCC_GetSysClkSource
                0x0000000008000730       0x1c ./Core/Src/main.o
 .text.LL_RCC_SetAHBPrescaler
                0x000000000800074c       0x28 ./Core/Src/main.o
 .text.LL_RCC_SetAPB1Prescaler
                0x0000000008000774       0x28 ./Core/Src/main.o
 .text.LL_RCC_SetAPB2Prescaler
                0x000000000800079c       0x28 ./Core/Src/main.o
 .text.LL_RCC_PLL_Enable
                0x00000000080007c4       0x20 ./Core/Src/main.o
 .text.LL_RCC_PLL_IsReady
                0x00000000080007e4       0x28 ./Core/Src/main.o
 .text.LL_RCC_PLL_ConfigDomain_SYS
                0x000000000800080c       0x4c ./Core/Src/main.o
 .text.LL_APB1_GRP1_EnableClock
                0x0000000008000858       0x30 ./Core/Src/main.o
 .text.LL_APB2_GRP1_EnableClock
                0x0000000008000888       0x30 ./Core/Src/main.o
 .text.LL_FLASH_SetLatency
                0x00000000080008b8       0x28 ./Core/Src/main.o
 .text.LL_FLASH_GetLatency
                0x00000000080008e0       0x1c ./Core/Src/main.o
 .text.LL_PWR_SetRegulVoltageScaling
                0x00000000080008fc       0x28 ./Core/Src/main.o
 .text.LL_DMA_IsActiveFlag_HT0
                0x0000000008000924       0x26 ./Core/Src/main.o
 .text.LL_DMA_IsActiveFlag_TC0
                0x000000000800094a       0x26 ./Core/Src/main.o
 .text.LL_DMA_IsActiveFlag_TE0
                0x0000000008000970       0x26 ./Core/Src/main.o
 .text.LL_DMA_IsActiveFlag_DME0
                0x0000000008000996       0x26 ./Core/Src/main.o
 .text.LL_DMA_IsActiveFlag_FE0
                0x00000000080009bc       0x26 ./Core/Src/main.o
 .text.LL_DMA_ClearFlag_HT0
                0x00000000080009e2       0x1a ./Core/Src/main.o
 .text.LL_DMA_ClearFlag_TC0
                0x00000000080009fc       0x1a ./Core/Src/main.o
 .text.LL_DMA_ClearFlag_TE0
                0x0000000008000a16       0x1a ./Core/Src/main.o
 .text.LL_DMA_ClearFlag_DME0
                0x0000000008000a30       0x1a ./Core/Src/main.o
 .text.LL_DMA_ClearFlag_FE0
                0x0000000008000a4a       0x1a ./Core/Src/main.o
 .text.LL_USART_IsActiveFlag_RXNE
                0x0000000008000a64       0x26 ./Core/Src/main.o
 .text.LL_USART_IsActiveFlag_TXE
                0x0000000008000a8a       0x26 ./Core/Src/main.o
 .text.LL_USART_ClearFlag_RXNE
                0x0000000008000ab0       0x1c ./Core/Src/main.o
 .text._ZNSt11char_traitsIcE6lengthEPKc
                0x0000000008000acc       0x2e ./Core/Src/main.o
                0x0000000008000acc                std::char_traits<char>::length(char const*)
 *fill*         0x0000000008000afa        0x2 
 .text._ZNSt7__cxx119to_stringEm
                0x0000000008000afc       0x2c ./Core/Src/main.o
                0x0000000008000afc                std::__cxx11::to_string(unsigned long)
 .text.LL_ADC_IsActiveFlag_EOCS
                0x0000000008000b28       0x26 ./Core/Src/main.o
 .text.LL_ADC_IsActiveFlag_OVR
                0x0000000008000b4e       0x26 ./Core/Src/main.o
 .text.LL_ADC_ClearFlag_EOCS
                0x0000000008000b74       0x1c ./Core/Src/main.o
 .text.main     0x0000000008000b90       0x74 ./Core/Src/main.o
                0x0000000008000b90                main
 .text.USART6_IRQHandler
                0x0000000008000c04       0x70 ./Core/Src/main.o
                0x0000000008000c04                USART6_IRQHandler
 .text.DMA2_Stream0_IRQHandler
                0x0000000008000c74      0x108 ./Core/Src/main.o
                0x0000000008000c74                DMA2_Stream0_IRQHandler
 .text.DMA2_Stream1_IRQHandler
                0x0000000008000d7c        0xe ./Core/Src/main.o
                0x0000000008000d7c                DMA2_Stream1_IRQHandler
 *fill*         0x0000000008000d8a        0x2 
 .text.ADC_IRQHandler
                0x0000000008000d8c       0x68 ./Core/Src/main.o
                0x0000000008000d8c                ADC_IRQHandler
 .text._Z18SystemClock_Configv
                0x0000000008000df4       0xb4 ./Core/Src/main.o
                0x0000000008000df4                SystemClock_Config()
 .text.assert_failed
                0x0000000008000ea8       0x96 ./Core/Src/main.o
                0x0000000008000ea8                assert_failed
 .text._ZN9__gnu_cxx11char_traitsIcE2eqERKcS3_
                0x0000000008000f3e       0x28 ./Core/Src/main.o
                0x0000000008000f3e                __gnu_cxx::char_traits<char>::eq(char const&, char const&)
 .text._ZN9__gnu_cxx11char_traitsIcE6lengthEPKc
                0x0000000008000f66       0x40 ./Core/Src/main.o
                0x0000000008000f66                __gnu_cxx::char_traits<char>::length(char const*)
 .text._ZN9__gnu_cxx12__to_xstringINSt7__cxx1112basic_stringIcSt11char_traitsIcESaIcEEEcEET_PFiPT0_jPKS8_St9__va_listEjSB_z
                0x0000000008000fa6       0x70 ./Core/Src/main.o
                0x0000000008000fa6                std::__cxx11::basic_string<char, std::char_traits<char>, std::allocator<char> > __gnu_cxx::__to_xstring<std::__cxx11::basic_string<char, std::char_traits<char>, std::allocator<char> >, char>(int (*)(char*, unsigned int, char const*, std::__va_list), unsigned int, char const*, ...)
 .text._ZNSt7__cxx1112basic_stringIcSt11char_traitsIcESaIcEEC2IS3_EEPKcRKS3_
                0x0000000008001016       0x4c ./Core/Src/main.o
                0x0000000008001016                std::__cxx11::basic_string<char, std::char_traits<char>, std::allocator<char> >::basic_string<std::allocator<char> >(char const*, std::allocator<char> const&)
                0x0000000008001016                std::__cxx11::basic_string<char, std::char_traits<char>, std::allocator<char> >::basic_string<std::allocator<char> >(char const*, std::allocator<char> const&)
 .text._ZStplIcSt11char_traitsIcESaIcEENSt7__cxx1112basic_stringIT_T0_T1_EERKS8_SA_
                0x0000000008001062       0x26 ./Core/Src/main.o
                0x0000000008001062                std::__cxx11::basic_string<char, std::char_traits<char>, std::allocator<char> > std::operator+<char, std::char_traits<char>, std::allocator<char> >(std::__cxx11::basic_string<char, std::char_traits<char>, std::allocator<char> > const&, std::__cxx11::basic_string<char, std::char_traits<char>, std::allocator<char> > const&)
 .text._ZStplIcSt11char_traitsIcESaIcEENSt7__cxx1112basic_stringIT_T0_T1_EEOS8_S5_
                0x0000000008001088       0x34 ./Core/Src/main.o
                0x0000000008001088                std::__cxx11::basic_string<char, std::char_traits<char>, std::allocator<char> > std::operator+<char, std::char_traits<char>, std::allocator<char> >(std::__cxx11::basic_string<char, std::char_traits<char>, std::allocator<char> >&&, char)
 .text._ZNSt7__cxx1112basic_stringIcSt11char_traitsIcESaIcEEC2IPcvEET_S7_RKS3_
                0x00000000080010bc       0x36 ./Core/Src/main.o
                0x00000000080010bc                std::__cxx11::basic_string<char, std::char_traits<char>, std::allocator<char> >::basic_string<char*, void>(char*, char*, std::allocator<char> const&)
                0x00000000080010bc                std::__cxx11::basic_string<char, std::char_traits<char>, std::allocator<char> >::basic_string<char*, void>(char*, char*, std::allocator<char> const&)
 .text._ZNSt7__cxx1112basic_stringIcSt11char_traitsIcESaIcEE12_M_constructIPKcEEvT_S8_
                0x00000000080010f2       0x1e ./Core/Src/main.o
                0x00000000080010f2                void std::__cxx11::basic_string<char, std::char_traits<char>, std::allocator<char> >::_M_construct<char const*>(char const*, char const*)
 .text._ZSt4moveIRNSt7__cxx1112basic_stringIcSt11char_traitsIcESaIcEEEEONSt16remove_referenceIT_E4typeEOS8_
                0x0000000008001110       0x16 ./Core/Src/main.o
                0x0000000008001110                std::remove_reference<std::__cxx11::basic_string<char, std::char_traits<char>, std::allocator<char> >&>::type&& std::move<std::__cxx11::basic_string<char, std::char_traits<char>, std::allocator<char> >&>(std::__cxx11::basic_string<char, std::char_traits<char>, std::allocator<char> >&)
 .text._ZNSt7__cxx1112basic_stringIcSt11char_traitsIcESaIcEE12_M_constructIPcEEvT_S7_
                0x0000000008001126       0x1e ./Core/Src/main.o
                0x0000000008001126                void std::__cxx11::basic_string<char, std::char_traits<char>, std::allocator<char> >::_M_construct<char*>(char*, char*)
 .text._ZNSt7__cxx1112basic_stringIcSt11char_traitsIcESaIcEE16_M_construct_auxIPKcEEvT_S8_St12__false_type
                0x0000000008001144       0x22 ./Core/Src/main.o
                0x0000000008001144                void std::__cxx11::basic_string<char, std::char_traits<char>, std::allocator<char> >::_M_construct_aux<char const*>(char const*, char const*, std::__false_type)
 .text._ZNSt7__cxx1112basic_stringIcSt11char_traitsIcESaIcEE16_M_construct_auxIPcEEvT_S7_St12__false_type
                0x0000000008001166       0x22 ./Core/Src/main.o
                0x0000000008001166                void std::__cxx11::basic_string<char, std::char_traits<char>, std::allocator<char> >::_M_construct_aux<char*>(char*, char*, std::__false_type)
 .text._ZSt8distanceIPKcENSt15iterator_traitsIT_E15difference_typeES3_S3_
                0x0000000008001188       0x28 ./Core/Src/main.o
                0x0000000008001188                std::iterator_traits<char const*>::difference_type std::distance<char const*>(char const*, char const*)
 .text._ZNSt7__cxx1112basic_stringIcSt11char_traitsIcESaIcEE12_M_constructIPKcEEvT_S8_St20forward_iterator_tag
                0x00000000080011b0       0x90 ./Core/Src/main.o
                0x00000000080011b0                void std::__cxx11::basic_string<char, std::char_traits<char>, std::allocator<char> >::_M_construct<char const*>(char const*, char const*, std::forward_iterator_tag)
 .text._ZSt8distanceIPcENSt15iterator_traitsIT_E15difference_typeES2_S2_
                0x0000000008001240       0x28 ./Core/Src/main.o
                0x0000000008001240                std::iterator_traits<char*>::difference_type std::distance<char*>(char*, char*)
 .text._ZNSt7__cxx1112basic_stringIcSt11char_traitsIcESaIcEE12_M_constructIPcEEvT_S7_St20forward_iterator_tag
                0x0000000008001268       0x90 ./Core/Src/main.o
                0x0000000008001268                void std::__cxx11::basic_string<char, std::char_traits<char>, std::allocator<char> >::_M_construct<char*>(char*, char*, std::forward_iterator_tag)
 .text._ZN9__gnu_cxx17__is_null_pointerIKcEEbPT_
                0x00000000080012f8       0x20 ./Core/Src/main.o
                0x00000000080012f8                bool __gnu_cxx::__is_null_pointer<char const>(char const*)
 .text._ZSt19__iterator_categoryIPKcENSt15iterator_traitsIT_E17iterator_categoryERKS3_
                0x0000000008001318       0x14 ./Core/Src/main.o
                0x0000000008001318                std::iterator_traits<char const*>::iterator_category std::__iterator_category<char const*>(char const* const&)
 .text._ZSt10__distanceIPKcENSt15iterator_traitsIT_E15difference_typeES3_S3_St26random_access_iterator_tag
                0x000000000800132c       0x1e ./Core/Src/main.o
                0x000000000800132c                std::iterator_traits<char const*>::difference_type std::__distance<char const*>(char const*, char const*, std::random_access_iterator_tag)
 .text._ZN9__gnu_cxx17__is_null_pointerIcEEbPT_
                0x000000000800134a       0x20 ./Core/Src/main.o
                0x000000000800134a                bool __gnu_cxx::__is_null_pointer<char>(char*)
 .text._ZSt19__iterator_categoryIPcENSt15iterator_traitsIT_E17iterator_categoryERKS2_
                0x000000000800136a       0x14 ./Core/Src/main.o
                0x000000000800136a                std::iterator_traits<char*>::iterator_category std::__iterator_category<char*>(char* const&)
 .text._ZSt10__distanceIPcENSt15iterator_traitsIT_E15difference_typeES2_S2_St26random_access_iterator_tag
                0x000000000800137e       0x1e ./Core/Src/main.o
                0x000000000800137e                std::iterator_traits<char*>::difference_type std::__distance<char*>(char*, char*, std::random_access_iterator_tag)
 .text.NMI_Handler
                0x000000000800139c        0x6 ./Core/Src/stm32f4xx_it.o
                0x000000000800139c                NMI_Handler
 .text.HardFault_Handler
                0x00000000080013a2        0x6 ./Core/Src/stm32f4xx_it.o
                0x00000000080013a2                HardFault_Handler
 .text.MemManage_Handler
                0x00000000080013a8        0x6 ./Core/Src/stm32f4xx_it.o
                0x00000000080013a8                MemManage_Handler
 .text.BusFault_Handler
                0x00000000080013ae        0x6 ./Core/Src/stm32f4xx_it.o
                0x00000000080013ae                BusFault_Handler
 .text.UsageFault_Handler
                0x00000000080013b4        0x6 ./Core/Src/stm32f4xx_it.o
                0x00000000080013b4                UsageFault_Handler
 .text.SVC_Handler
                0x00000000080013ba        0xe ./Core/Src/stm32f4xx_it.o
                0x00000000080013ba                SVC_Handler
 .text.DebugMon_Handler
                0x00000000080013c8        0xe ./Core/Src/stm32f4xx_it.o
                0x00000000080013c8                DebugMon_Handler
 .text.PendSV_Handler
                0x00000000080013d6        0xe ./Core/Src/stm32f4xx_it.o
                0x00000000080013d6                PendSV_Handler
 .text.SysTick_Handler
                0x00000000080013e4        0xe ./Core/Src/stm32f4xx_it.o
                0x00000000080013e4                SysTick_Handler
 .text.UART4_IRQHandler
                0x00000000080013f2        0xe ./Core/Src/stm32f4xx_it.o
                0x00000000080013f2                UART4_IRQHandler
 .text._getpid  0x0000000008001400       0x10 ./Core/Src/syscalls.o
                0x0000000008001400                _getpid
 .text._kill    0x0000000008001410       0x20 ./Core/Src/syscalls.o
                0x0000000008001410                _kill
 .text._exit    0x0000000008001430       0x14 ./Core/Src/syscalls.o
                0x0000000008001430                _exit
 .text._sbrk    0x0000000008001444       0x6c ./Core/Src/sysmem.o
                0x0000000008001444                _sbrk
 .text.SystemInit
                0x00000000080014b0       0x24 ./Core/Src/system_stm32f4xx.o
                0x00000000080014b0                SystemInit
 .text.Reset_Handler
                0x00000000080014d4       0x50 ./Core/Startup/startup_stm32f407vgtx.o
                0x00000000080014d4                Reset_Handler
 .text.Default_Handler
                0x0000000008001524        0x2 ./Core/Startup/startup_stm32f407vgtx.o
                0x0000000008001524                RTC_Alarm_IRQHandler
                0x0000000008001524                HASH_RNG_IRQHandler
                0x0000000008001524                EXTI2_IRQHandler
                0x0000000008001524                TIM8_CC_IRQHandler
                0x0000000008001524                TIM1_CC_IRQHandler
                0x0000000008001524                DMA2_Stream5_IRQHandler
                0x0000000008001524                DMA1_Stream5_IRQHandler
                0x0000000008001524                PVD_IRQHandler
                0x0000000008001524                SDIO_IRQHandler
                0x0000000008001524                TAMP_STAMP_IRQHandler
                0x0000000008001524                CAN2_RX1_IRQHandler
                0x0000000008001524                EXTI3_IRQHandler
                0x0000000008001524                TIM8_TRG_COM_TIM14_IRQHandler
                0x0000000008001524                TIM1_UP_TIM10_IRQHandler
                0x0000000008001524                TIM8_UP_TIM13_IRQHandler
                0x0000000008001524                I2C3_ER_IRQHandler
                0x0000000008001524                EXTI0_IRQHandler
                0x0000000008001524                I2C2_EV_IRQHandler
                0x0000000008001524                DMA1_Stream2_IRQHandler
                0x0000000008001524                CAN1_RX0_IRQHandler
                0x0000000008001524                FPU_IRQHandler
                0x0000000008001524                OTG_HS_WKUP_IRQHandler
                0x0000000008001524                CAN2_SCE_IRQHandler
                0x0000000008001524                DMA2_Stream2_IRQHandler
                0x0000000008001524                SPI1_IRQHandler
                0x0000000008001524                TIM6_DAC_IRQHandler
                0x0000000008001524                TIM1_BRK_TIM9_IRQHandler
                0x0000000008001524                DCMI_IRQHandler
                0x0000000008001524                CAN2_RX0_IRQHandler
                0x0000000008001524                DMA2_Stream3_IRQHandler
                0x0000000008001524                USART3_IRQHandler
                0x0000000008001524                CAN1_RX1_IRQHandler
                0x0000000008001524                UART5_IRQHandler
                0x0000000008001524                TIM4_IRQHandler
                0x0000000008001524                I2C1_EV_IRQHandler
                0x0000000008001524                DMA1_Stream6_IRQHandler
                0x0000000008001524                DMA1_Stream1_IRQHandler
                0x0000000008001524                TIM3_IRQHandler
                0x0000000008001524                RCC_IRQHandler
                0x0000000008001524                TIM8_BRK_TIM12_IRQHandler
                0x0000000008001524                Default_Handler
                0x0000000008001524                EXTI15_10_IRQHandler
                0x0000000008001524                DMA1_Stream7_IRQHandler
                0x0000000008001524                TIM7_IRQHandler
                0x0000000008001524                CAN2_TX_IRQHandler
                0x0000000008001524                TIM5_IRQHandler
                0x0000000008001524                DMA2_Stream7_IRQHandler
                0x0000000008001524                I2C3_EV_IRQHandler
                0x0000000008001524                EXTI9_5_IRQHandler
                0x0000000008001524                RTC_WKUP_IRQHandler
                0x0000000008001524                ETH_WKUP_IRQHandler
                0x0000000008001524                SPI2_IRQHandler
                0x0000000008001524                OTG_HS_EP1_IN_IRQHandler
                0x0000000008001524                DMA1_Stream0_IRQHandler
                0x0000000008001524                CAN1_TX_IRQHandler
                0x0000000008001524                EXTI4_IRQHandler
                0x0000000008001524                FSMC_IRQHandler
                0x0000000008001524                ETH_IRQHandler
                0x0000000008001524                OTG_HS_EP1_OUT_IRQHandler
                0x0000000008001524                WWDG_IRQHandler
                0x0000000008001524                TIM2_IRQHandler
                0x0000000008001524                OTG_FS_WKUP_IRQHandler
                0x0000000008001524                TIM1_TRG_COM_TIM11_IRQHandler
                0x0000000008001524                OTG_HS_IRQHandler
                0x0000000008001524                EXTI1_IRQHandler
                0x0000000008001524                USART2_IRQHandler
                0x0000000008001524                I2C2_ER_IRQHandler
                0x0000000008001524                CAN1_SCE_IRQHandler
                0x0000000008001524                FLASH_IRQHandler
                0x0000000008001524                DMA2_Stream4_IRQHandler
                0x0000000008001524                USART1_IRQHandler
                0x0000000008001524                OTG_FS_IRQHandler
                0x0000000008001524                SPI3_IRQHandler
                0x0000000008001524                DMA1_Stream4_IRQHandler
                0x0000000008001524                I2C1_ER_IRQHandler
                0x0000000008001524                DMA2_Stream6_IRQHandler
                0x0000000008001524                DMA1_Stream3_IRQHandler
 *fill*         0x0000000008001526        0x2 
 .text.__NVIC_GetPriorityGrouping
                0x0000000008001528       0x1c ./Core/USER_API/UHAL/UHAL_ADC/UHAL_ADC.o
 .text.__NVIC_EnableIRQ
                0x0000000008001544       0x3c ./Core/USER_API/UHAL/UHAL_ADC/UHAL_ADC.o
 .text.__NVIC_SetPriority
                0x0000000008001580       0x54 ./Core/USER_API/UHAL/UHAL_ADC/UHAL_ADC.o
 .text.NVIC_EncodePriority
                0x00000000080015d4       0x62 ./Core/USER_API/UHAL/UHAL_ADC/UHAL_ADC.o
 *fill*         0x0000000008001636        0x2 
 .text.LL_AHB1_GRP1_EnableClock
                0x0000000008001638       0x30 ./Core/USER_API/UHAL/UHAL_ADC/UHAL_ADC.o
 .text.LL_APB2_GRP1_EnableClock
                0x0000000008001668       0x30 ./Core/USER_API/UHAL/UHAL_ADC/UHAL_ADC.o
 .text.LL_DMA_SetDataTransferDirection
                0x0000000008001698       0x48 ./Core/USER_API/UHAL/UHAL_ADC/UHAL_ADC.o
 .text.LL_DMA_SetMode
                0x00000000080016e0       0x48 ./Core/USER_API/UHAL/UHAL_ADC/UHAL_ADC.o
 .text.LL_DMA_SetPeriphIncMode
                0x0000000008001728       0x48 ./Core/USER_API/UHAL/UHAL_ADC/UHAL_ADC.o
 .text.LL_DMA_SetMemoryIncMode
                0x0000000008001770       0x48 ./Core/USER_API/UHAL/UHAL_ADC/UHAL_ADC.o
 .text.LL_DMA_SetPeriphSize
                0x00000000080017b8       0x48 ./Core/USER_API/UHAL/UHAL_ADC/UHAL_ADC.o
 .text.LL_DMA_SetMemorySize
                0x0000000008001800       0x48 ./Core/USER_API/UHAL/UHAL_ADC/UHAL_ADC.o
 .text.LL_DMA_SetStreamPriorityLevel
                0x0000000008001848       0x48 ./Core/USER_API/UHAL/UHAL_ADC/UHAL_ADC.o
 .text.LL_DMA_SetChannelSelection
                0x0000000008001890       0x48 ./Core/USER_API/UHAL/UHAL_ADC/UHAL_ADC.o
 .text.LL_DMA_SetMemoryBurstxfer
                0x00000000080018d8       0x48 ./Core/USER_API/UHAL/UHAL_ADC/UHAL_ADC.o
 .text.LL_DMA_SetPeriphBurstxfer
                0x0000000008001920       0x48 ./Core/USER_API/UHAL/UHAL_ADC/UHAL_ADC.o
 .text.LL_DMA_EnableFifoMode
                0x0000000008001968       0x40 ./Core/USER_API/UHAL/UHAL_ADC/UHAL_ADC.o
 .text.LL_DMA_SetFIFOThreshold
                0x00000000080019a8       0x48 ./Core/USER_API/UHAL/UHAL_ADC/UHAL_ADC.o
 .text.LL_ADC_REG_SetSequencerRanks
                0x00000000080019f0       0x6c ./Core/USER_API/UHAL/UHAL_ADC/UHAL_ADC.o
 .text.LL_ADC_REG_SetFlagEndOfConversion
                0x0000000008001a5c       0x26 ./Core/USER_API/UHAL/UHAL_ADC/UHAL_ADC.o
 .text.LL_ADC_SetChannelSamplingTime
                0x0000000008001a82       0x98 ./Core/USER_API/UHAL/UHAL_ADC/UHAL_ADC.o
 .text.LL_ADC_Enable
                0x0000000008001b1a       0x20 ./Core/USER_API/UHAL/UHAL_ADC/UHAL_ADC.o
 .text.LL_ADC_IsEnabled
                0x0000000008001b3a       0x26 ./Core/USER_API/UHAL/UHAL_ADC/UHAL_ADC.o
 .text.LL_ADC_REG_StartConversionSWStart
                0x0000000008001b60       0x20 ./Core/USER_API/UHAL/UHAL_ADC/UHAL_ADC.o
 .text.LL_ADC_EnableIT_EOCS
                0x0000000008001b80       0x20 ./Core/USER_API/UHAL/UHAL_ADC/UHAL_ADC.o
 .text.LL_ADC_EnableIT_OVR
                0x0000000008001ba0       0x20 ./Core/USER_API/UHAL/UHAL_ADC/UHAL_ADC.o
 .text._ZN8UHAL_ADC6enableEv
                0x0000000008001bc0       0x2c ./Core/USER_API/UHAL/UHAL_ADC/UHAL_ADC.o
                0x0000000008001bc0                UHAL_ADC::enable()
 .text._ZN8UHAL_ADC15enableInterruptEv
                0x0000000008001bec       0x3c ./Core/USER_API/UHAL/UHAL_ADC/UHAL_ADC.o
                0x0000000008001bec                UHAL_ADC::enableInterrupt()
 .text._ZN8UHAL_ADC15startConversionEv
                0x0000000008001c28       0x14 ./Core/USER_API/UHAL/UHAL_ADC/UHAL_ADC.o
                0x0000000008001c28                UHAL_ADC::startConversion()
 .text._ZN8UHAL_ADC11initialize2Ev
                0x0000000008001c3c      0x1ac ./Core/USER_API/UHAL/UHAL_ADC/UHAL_ADC.o
                0x0000000008001c3c                UHAL_ADC::initialize2()
 .text.__NVIC_GetPriorityGrouping
                0x0000000008001de8       0x1c ./Core/USER_API/UHAL/UHAL_DMA/UHAL_DMA.o
 .text.__NVIC_EnableIRQ
                0x0000000008001e04       0x3c ./Core/USER_API/UHAL/UHAL_DMA/UHAL_DMA.o
 .text.__NVIC_SetPriority
                0x0000000008001e40       0x54 ./Core/USER_API/UHAL/UHAL_DMA/UHAL_DMA.o
 .text.NVIC_EncodePriority
                0x0000000008001e94       0x62 ./Core/USER_API/UHAL/UHAL_DMA/UHAL_DMA.o
 *fill*         0x0000000008001ef6        0x2 
 .text.LL_DMA_EnableStream
                0x0000000008001ef8       0x40 ./Core/USER_API/UHAL/UHAL_DMA/UHAL_DMA.o
 .text.LL_DMA_SetDataLength
                0x0000000008001f38       0x48 ./Core/USER_API/UHAL/UHAL_DMA/UHAL_DMA.o
 .text.LL_DMA_SetMemoryAddress
                0x0000000008001f80       0x30 ./Core/USER_API/UHAL/UHAL_DMA/UHAL_DMA.o
 .text.LL_DMA_SetPeriphAddress
                0x0000000008001fb0       0x30 ./Core/USER_API/UHAL/UHAL_DMA/UHAL_DMA.o
 .text.LL_DMA_EnableIT_HT
                0x0000000008001fe0       0x40 ./Core/USER_API/UHAL/UHAL_DMA/UHAL_DMA.o
 .text.LL_DMA_EnableIT_TE
                0x0000000008002020       0x40 ./Core/USER_API/UHAL/UHAL_DMA/UHAL_DMA.o
 .text.LL_DMA_EnableIT_TC
                0x0000000008002060       0x40 ./Core/USER_API/UHAL/UHAL_DMA/UHAL_DMA.o
 .text.LL_DMA_EnableIT_DME
                0x00000000080020a0       0x40 ./Core/USER_API/UHAL/UHAL_DMA/UHAL_DMA.o
 .text.LL_DMA_EnableIT_FE
                0x00000000080020e0       0x40 ./Core/USER_API/UHAL/UHAL_DMA/UHAL_DMA.o
 .text.LL_AHB1_GRP1_EnableClock
                0x0000000008002120       0x30 ./Core/USER_API/UHAL/UHAL_DMA/UHAL_DMA.o
 .text._ZN9UHAL_DMA28DMA_ADC116setBufferAddressEj
                0x0000000008002150       0x20 ./Core/USER_API/UHAL/UHAL_DMA/UHAL_DMA.o
                0x0000000008002150                UHAL_DMA2::DMA_ADC1::setBufferAddress(unsigned int)
 .text._ZN9UHAL_DMA28DMA_ADC111initialize2Ev
                0x0000000008002170       0x30 ./Core/USER_API/UHAL/UHAL_DMA/UHAL_DMA.o
                0x0000000008002170                UHAL_DMA2::DMA_ADC1::initialize2()
 .text._ZN9UHAL_DMA28DMA_ADC16enableEv
                0x00000000080021a0       0x14 ./Core/USER_API/UHAL/UHAL_DMA/UHAL_DMA.o
                0x00000000080021a0                UHAL_DMA2::DMA_ADC1::enable()
 .text._ZN9UHAL_DMA28DMA_ADC123setNumberOfDataTransferEt
                0x00000000080021b4       0x24 ./Core/USER_API/UHAL/UHAL_DMA/UHAL_DMA.o
                0x00000000080021b4                UHAL_DMA2::DMA_ADC1::setNumberOfDataTransfer(unsigned short)
 .text._ZN9UHAL_DMA28DMA_ADC120setPeripheralADDressEj
                0x00000000080021d8       0x20 ./Core/USER_API/UHAL/UHAL_DMA/UHAL_DMA.o
                0x00000000080021d8                UHAL_DMA2::DMA_ADC1::setPeripheralADDress(unsigned int)
 .text._ZN9UHAL_DMA28DMA_ADC115enableInterruptEv
                0x00000000080021f8       0x40 ./Core/USER_API/UHAL/UHAL_DMA/UHAL_DMA.o
                0x00000000080021f8                UHAL_DMA2::DMA_ADC1::enableInterrupt()
 .text._ZN9UHAL_DMA210DMA_USART616setBufferAddressEj
                0x0000000008002238       0x20 ./Core/USER_API/UHAL/UHAL_DMA/UHAL_DMA.o
                0x0000000008002238                UHAL_DMA2::DMA_USART6::setBufferAddress(unsigned int)
 .text._ZN9UHAL_DMA210DMA_USART623setNumberOfDataTransferEt
                0x0000000008002258       0x24 ./Core/USER_API/UHAL/UHAL_DMA/UHAL_DMA.o
                0x0000000008002258                UHAL_DMA2::DMA_USART6::setNumberOfDataTransfer(unsigned short)
 .text._ZN9UHAL_DMA210DMA_USART620setPeripheralADDressEj
                0x000000000800227c       0x20 ./Core/USER_API/UHAL/UHAL_DMA/UHAL_DMA.o
                0x000000000800227c                UHAL_DMA2::DMA_USART6::setPeripheralADDress(unsigned int)
 .text._ZN9UHAL_DMA210DMA_USART610initializeEv
                0x000000000800229c       0x30 ./Core/USER_API/UHAL/UHAL_DMA/UHAL_DMA.o
                0x000000000800229c                UHAL_DMA2::DMA_USART6::initialize()
 .text._ZNSt14_Function_baseC2Ev
                0x00000000080022cc       0x1c ./Core/USER_API/UHAL/UHAL_INTERRUPT_HANDLER/UHAL_INTERRUPT HANDLER.o
                0x00000000080022cc                std::_Function_base::_Function_base()
                0x00000000080022cc                std::_Function_base::_Function_base()
 .text._ZNSt14_Function_baseD2Ev
                0x00000000080022e8       0x26 ./Core/USER_API/UHAL/UHAL_INTERRUPT_HANDLER/UHAL_INTERRUPT HANDLER.o
                0x00000000080022e8                std::_Function_base::~_Function_base()
                0x00000000080022e8                std::_Function_base::~_Function_base()
 .text._ZNSt8functionIFvvEEC2Ev
                0x000000000800230e       0x1a ./Core/USER_API/UHAL/UHAL_INTERRUPT_HANDLER/UHAL_INTERRUPT HANDLER.o
                0x000000000800230e                std::function<void ()>::function()
                0x000000000800230e                std::function<void ()>::function()
 .text._ZNSt8functionIFvvEED2Ev
                0x0000000008002328       0x1a ./Core/USER_API/UHAL/UHAL_INTERRUPT_HANDLER/UHAL_INTERRUPT HANDLER.o
                0x0000000008002328                std::function<void ()>::~function()
                0x0000000008002328                std::function<void ()>::~function()
 *fill*         0x0000000008002342        0x2 
 .text._Z41__static_initialization_and_destruction_0ii
                0x0000000008002344       0x44 ./Core/USER_API/UHAL/UHAL_INTERRUPT_HANDLER/UHAL_INTERRUPT HANDLER.o
 .text._GLOBAL__sub_I_interruptCallback
                0x0000000008002388       0x10 ./Core/USER_API/UHAL/UHAL_INTERRUPT_HANDLER/UHAL_INTERRUPT HANDLER.o
 .text._GLOBAL__sub_D_interruptCallback
                0x0000000008002398       0x10 ./Core/USER_API/UHAL/UHAL_INTERRUPT_HANDLER/UHAL_INTERRUPT HANDLER.o
 .text.__NVIC_GetPriorityGrouping
                0x00000000080023a8       0x1c ./Core/USER_API/UHAL/UHAL_USART/uhal_usart.o
 .text.__NVIC_EnableIRQ
                0x00000000080023c4       0x3c ./Core/USER_API/UHAL/UHAL_USART/uhal_usart.o
 .text.__NVIC_SetPriority
                0x0000000008002400       0x54 ./Core/USER_API/UHAL/UHAL_USART/uhal_usart.o
 .text.NVIC_EncodePriority
                0x0000000008002454       0x62 ./Core/USER_API/UHAL/UHAL_USART/uhal_usart.o
 *fill*         0x00000000080024b6        0x2 
 .text.LL_AHB1_GRP1_EnableClock
                0x00000000080024b8       0x30 ./Core/USER_API/UHAL/UHAL_USART/uhal_usart.o
 .text.LL_APB2_GRP1_EnableClock
                0x00000000080024e8       0x30 ./Core/USER_API/UHAL/UHAL_USART/uhal_usart.o
 .text.LL_APB2_GRP1_IsEnabledClock
                0x0000000008002518       0x2c ./Core/USER_API/UHAL/UHAL_USART/uhal_usart.o
 .text.LL_DMA_SetDataTransferDirection
                0x0000000008002544       0x48 ./Core/USER_API/UHAL/UHAL_USART/uhal_usart.o
 .text.LL_DMA_SetMode
                0x000000000800258c       0x48 ./Core/USER_API/UHAL/UHAL_USART/uhal_usart.o
 .text.LL_DMA_SetPeriphIncMode
                0x00000000080025d4       0x48 ./Core/USER_API/UHAL/UHAL_USART/uhal_usart.o
 .text.LL_DMA_SetMemoryIncMode
                0x000000000800261c       0x48 ./Core/USER_API/UHAL/UHAL_USART/uhal_usart.o
 .text.LL_DMA_SetPeriphSize
                0x0000000008002664       0x48 ./Core/USER_API/UHAL/UHAL_USART/uhal_usart.o
 .text.LL_DMA_SetMemorySize
                0x00000000080026ac       0x48 ./Core/USER_API/UHAL/UHAL_USART/uhal_usart.o
 .text.LL_DMA_SetStreamPriorityLevel
                0x00000000080026f4       0x48 ./Core/USER_API/UHAL/UHAL_USART/uhal_usart.o
 .text.LL_DMA_SetChannelSelection
                0x000000000800273c       0x48 ./Core/USER_API/UHAL/UHAL_USART/uhal_usart.o
 .text.LL_USART_Enable
                0x0000000008002784       0x20 ./Core/USER_API/UHAL/UHAL_USART/uhal_usart.o
 .text.LL_USART_EnableDirectionRx
                0x00000000080027a4       0x50 ./Core/USER_API/UHAL/UHAL_USART/uhal_usart.o
 .text.LL_USART_EnableDirectionTx
                0x00000000080027f4       0x50 ./Core/USER_API/UHAL/UHAL_USART/uhal_usart.o
 .text.LL_USART_ConfigAsyncMode
                0x0000000008002844       0x2c ./Core/USER_API/UHAL/UHAL_USART/uhal_usart.o
 .text.LL_USART_IsActiveFlag_TC
                0x0000000008002870       0x26 ./Core/USER_API/UHAL/UHAL_USART/uhal_usart.o
 .text.LL_USART_IsActiveFlag_TXE
                0x0000000008002896       0x26 ./Core/USER_API/UHAL/UHAL_USART/uhal_usart.o
 .text.LL_USART_EnableIT_RXNE
                0x00000000080028bc       0x50 ./Core/USER_API/UHAL/UHAL_USART/uhal_usart.o
 .text.LL_USART_TransmitData8
                0x000000000800290c       0x1e ./Core/USER_API/UHAL/UHAL_USART/uhal_usart.o
 *fill*         0x000000000800292a        0x2 
 .text._ZN11UHAL_USART610initializeEm
                0x000000000800292c      0x11c ./Core/USER_API/UHAL/UHAL_USART/uhal_usart.o
                0x000000000800292c                UHAL_USART6::initialize(unsigned long)
 .text._ZN11UHAL_USART64sendERKNSt7__cxx1112basic_stringIcSt11char_traitsIcESaIcEEE
                0x0000000008002a48       0xa4 ./Core/USER_API/UHAL/UHAL_USART/uhal_usart.o
                0x0000000008002a48                UHAL_USART6::send(std::__cxx11::basic_string<char, std::char_traits<char>, std::allocator<char> > const&)
 .text._ZN11UHAL_USART620interruptReceiveInitEv
                0x0000000008002aec       0x44 ./Core/USER_API/UHAL/UHAL_USART/uhal_usart.o
                0x0000000008002aec                UHAL_USART6::interruptReceiveInit()
 .text._ZN11UHAL_USART610developing8fristRunEjt
                0x0000000008002b30       0x44 ./Core/USER_API/UHAL/UHAL_USART/uhal_usart.o
                0x0000000008002b30                UHAL_USART6::developing::fristRun(unsigned int, unsigned short)
 .text._ZN11UHAL_USART66enableEv
                0x0000000008002b74       0x34 ./Core/USER_API/UHAL/UHAL_USART/uhal_usart.o
                0x0000000008002b74                UHAL_USART6::enable()
 .text._ZN11UHAL_USART617enableTransmitterEv
                0x0000000008002ba8       0x14 ./Core/USER_API/UHAL/UHAL_USART/uhal_usart.o
                0x0000000008002ba8                UHAL_USART6::enableTransmitter()
 .text._ZN11UHAL_USART612transmitDataEh
                0x0000000008002bbc       0x20 ./Core/USER_API/UHAL/UHAL_USART/uhal_usart.o
                0x0000000008002bbc                UHAL_USART6::transmitData(unsigned char)
 .text._ZN11UHAL_USART621enableInterruptHandleEhh
                0x0000000008002bdc       0x36 ./Core/USER_API/UHAL/UHAL_USART/uhal_usart.o
                0x0000000008002bdc                UHAL_USART6::enableInterruptHandle(unsigned char, unsigned char)
 *fill*         0x0000000008002c12        0x2 
 .text._ZN11UHAL_USART614enableReceiverEv
                0x0000000008002c14       0x14 ./Core/USER_API/UHAL/UHAL_USART/uhal_usart.o
                0x0000000008002c14                UHAL_USART6::enableReceiver()
 .text._ZN9__gnu_cxxneIPKcNSt7__cxx1112basic_stringIcSt11char_traitsIcESaIcEEEEEbRKNS_17__normal_iteratorIT_T0_EESE_
                0x0000000008002c28       0x30 ./Core/USER_API/UHAL/UHAL_USART/uhal_usart.o
                0x0000000008002c28                bool __gnu_cxx::operator!=<char const*, std::__cxx11::basic_string<char, std::char_traits<char>, std::allocator<char> > >(__gnu_cxx::__normal_iterator<char const*, std::__cxx11::basic_string<char, std::char_traits<char>, std::allocator<char> > > const&, __gnu_cxx::__normal_iterator<char const*, std::__cxx11::basic_string<char, std::char_traits<char>, std::allocator<char> > > const&)
 .text._ZN9__gnu_cxx17__normal_iteratorIPKcNSt7__cxx1112basic_stringIcSt11char_traitsIcESaIcEEEEppEv
                0x0000000008002c58       0x20 ./Core/USER_API/UHAL/UHAL_USART/uhal_usart.o
                0x0000000008002c58                __gnu_cxx::__normal_iterator<char const*, std::__cxx11::basic_string<char, std::char_traits<char>, std::allocator<char> > >::operator++()
 .text._ZNK9__gnu_cxx17__normal_iteratorIPKcNSt7__cxx1112basic_stringIcSt11char_traitsIcESaIcEEEEdeEv
                0x0000000008002c78       0x18 ./Core/USER_API/UHAL/UHAL_USART/uhal_usart.o
                0x0000000008002c78                __gnu_cxx::__normal_iterator<char const*, std::__cxx11::basic_string<char, std::char_traits<char>, std::allocator<char> > >::operator*() const
 .text._ZNK9__gnu_cxx17__normal_iteratorIPKcNSt7__cxx1112basic_stringIcSt11char_traitsIcESaIcEEEE4baseEv
                0x0000000008002c90       0x16 ./Core/USER_API/UHAL/UHAL_USART/uhal_usart.o
                0x0000000008002c90                __gnu_cxx::__normal_iterator<char const*, std::__cxx11::basic_string<char, std::char_traits<char>, std::allocator<char> > >::base() const
 .text.LL_ADC_REG_SetSequencerLength
                0x0000000008002ca6       0x26 ./Drivers/STM32F4xx_HAL_Driver/Src/stm32f4xx_ll_adc.o
 .text.LL_ADC_IsEnabled
                0x0000000008002ccc       0x26 ./Drivers/STM32F4xx_HAL_Driver/Src/stm32f4xx_ll_adc.o
 *fill*         0x0000000008002cf2        0x2 
 .text.LL_ADC_CommonInit
                0x0000000008002cf4       0x90 ./Drivers/STM32F4xx_HAL_Driver/Src/stm32f4xx_ll_adc.o
                0x0000000008002cf4                LL_ADC_CommonInit
 .text.LL_ADC_Init
                0x0000000008002d84       0x58 ./Drivers/STM32F4xx_HAL_Driver/Src/stm32f4xx_ll_adc.o
                0x0000000008002d84                LL_ADC_Init
 .text.LL_ADC_REG_Init
                0x0000000008002ddc       0x84 ./Drivers/STM32F4xx_HAL_Driver/Src/stm32f4xx_ll_adc.o
                0x0000000008002ddc                LL_ADC_REG_Init
 .text.LL_GPIO_SetPinMode
                0x0000000008002e60       0x5e ./Drivers/STM32F4xx_HAL_Driver/Src/stm32f4xx_ll_gpio.o
 .text.LL_GPIO_SetPinOutputType
                0x0000000008002ebe       0x30 ./Drivers/STM32F4xx_HAL_Driver/Src/stm32f4xx_ll_gpio.o
 .text.LL_GPIO_SetPinSpeed
                0x0000000008002eee       0x5e ./Drivers/STM32F4xx_HAL_Driver/Src/stm32f4xx_ll_gpio.o
 .text.LL_GPIO_SetPinPull
                0x0000000008002f4c       0x5e ./Drivers/STM32F4xx_HAL_Driver/Src/stm32f4xx_ll_gpio.o
 .text.LL_GPIO_SetAFPin_0_7
                0x0000000008002faa       0x5e ./Drivers/STM32F4xx_HAL_Driver/Src/stm32f4xx_ll_gpio.o
 .text.LL_GPIO_SetAFPin_8_15
                0x0000000008003008       0x62 ./Drivers/STM32F4xx_HAL_Driver/Src/stm32f4xx_ll_gpio.o
 .text.LL_GPIO_Init
                0x000000000800306a       0xe6 ./Drivers/STM32F4xx_HAL_Driver/Src/stm32f4xx_ll_gpio.o
                0x000000000800306a                LL_GPIO_Init
 .text.LL_RCC_GetSysClkSource
                0x0000000008003150       0x1c ./Drivers/STM32F4xx_HAL_Driver/Src/stm32f4xx_ll_rcc.o
 .text.LL_RCC_GetAHBPrescaler
                0x000000000800316c       0x1c ./Drivers/STM32F4xx_HAL_Driver/Src/stm32f4xx_ll_rcc.o
 .text.LL_RCC_GetAPB1Prescaler
                0x0000000008003188       0x1c ./Drivers/STM32F4xx_HAL_Driver/Src/stm32f4xx_ll_rcc.o
 .text.LL_RCC_GetAPB2Prescaler
                0x00000000080031a4       0x1c ./Drivers/STM32F4xx_HAL_Driver/Src/stm32f4xx_ll_rcc.o
 .text.LL_RCC_PLL_GetMainSource
                0x00000000080031c0       0x1c ./Drivers/STM32F4xx_HAL_Driver/Src/stm32f4xx_ll_rcc.o
 .text.LL_RCC_PLL_GetN
                0x00000000080031dc       0x1c ./Drivers/STM32F4xx_HAL_Driver/Src/stm32f4xx_ll_rcc.o
 .text.LL_RCC_PLL_GetP
                0x00000000080031f8       0x1c ./Drivers/STM32F4xx_HAL_Driver/Src/stm32f4xx_ll_rcc.o
 .text.LL_RCC_PLL_GetDivider
                0x0000000008003214       0x1c ./Drivers/STM32F4xx_HAL_Driver/Src/stm32f4xx_ll_rcc.o
 .text.LL_RCC_GetSystemClocksFreq
                0x0000000008003230       0x4a ./Drivers/STM32F4xx_HAL_Driver/Src/stm32f4xx_ll_rcc.o
                0x0000000008003230                LL_RCC_GetSystemClocksFreq
 *fill*         0x000000000800327a        0x2 
 .text.RCC_GetSystemClockFreq
                0x000000000800327c       0x50 ./Drivers/STM32F4xx_HAL_Driver/Src/stm32f4xx_ll_rcc.o
                0x000000000800327c                RCC_GetSystemClockFreq
 .text.RCC_GetHCLKClockFreq
                0x00000000080032cc       0x2c ./Drivers/STM32F4xx_HAL_Driver/Src/stm32f4xx_ll_rcc.o
                0x00000000080032cc                RCC_GetHCLKClockFreq
 .text.RCC_GetPCLK1ClockFreq
                0x00000000080032f8       0x28 ./Drivers/STM32F4xx_HAL_Driver/Src/stm32f4xx_ll_rcc.o
                0x00000000080032f8                RCC_GetPCLK1ClockFreq
 .text.RCC_GetPCLK2ClockFreq
                0x0000000008003320       0x28 ./Drivers/STM32F4xx_HAL_Driver/Src/stm32f4xx_ll_rcc.o
                0x0000000008003320                RCC_GetPCLK2ClockFreq
 .text.RCC_PLL_GetFreqDomain_SYS
                0x0000000008003348       0x7c ./Drivers/STM32F4xx_HAL_Driver/Src/stm32f4xx_ll_rcc.o
                0x0000000008003348                RCC_PLL_GetFreqDomain_SYS
 .text.LL_USART_IsEnabled
                0x00000000080033c4       0x28 ./Drivers/STM32F4xx_HAL_Driver/Src/stm32f4xx_ll_usart.o
 .text.LL_USART_SetStopBitsLength
                0x00000000080033ec       0x26 ./Drivers/STM32F4xx_HAL_Driver/Src/stm32f4xx_ll_usart.o
 .text.LL_USART_SetHWFlowCtrl
                0x0000000008003412       0x26 ./Drivers/STM32F4xx_HAL_Driver/Src/stm32f4xx_ll_usart.o
 .text.LL_USART_SetBaudRate
                0x0000000008003438      0x320 ./Drivers/STM32F4xx_HAL_Driver/Src/stm32f4xx_ll_usart.o
 .text.LL_USART_Init
                0x0000000008003758      0x100 ./Drivers/STM32F4xx_HAL_Driver/Src/stm32f4xx_ll_usart.o
                0x0000000008003758                LL_USART_Init
 .text.LL_InitTick
                0x0000000008003858       0x34 ./Drivers/STM32F4xx_HAL_Driver/Src/stm32f4xx_ll_utils.o
 .text.LL_Init1msTick
                0x000000000800388c       0x1a ./Drivers/STM32F4xx_HAL_Driver/Src/stm32f4xx_ll_utils.o
                0x000000000800388c                LL_Init1msTick
 *fill*         0x00000000080038a6        0x2 
 .text.LL_SetSystemCoreClock
                0x00000000080038a8       0x20 ./Drivers/STM32F4xx_HAL_Driver/Src/stm32f4xx_ll_utils.o
                0x00000000080038a8                LL_SetSystemCoreClock
 .text._ZNSaIcEC2Ev
                0x00000000080038c8        0x2 c:/st/stm32cubeide_1.7.0/stm32cubeide/plugins/com.st.stm32cube.ide.mcu.externaltools.gnu-tools-for-stm32.9-2020-q2-update.win32_2.0.0.202105311346/tools/bin/../lib/gcc/arm-none-eabi/9.3.1/../../../../arm-none-eabi/lib/thumb/v7e-m+fp/hard\libstdc++_nano.a(allocator-inst.o)
                0x00000000080038c8                std::allocator<char>::allocator()
                0x00000000080038c8                std::allocator<char>::allocator()
 .text._ZNSaIcED2Ev
                0x00000000080038ca        0x2 c:/st/stm32cubeide_1.7.0/stm32cubeide/plugins/com.st.stm32cube.ide.mcu.externaltools.gnu-tools-for-stm32.9-2020-q2-update.win32_2.0.0.202105311346/tools/bin/../lib/gcc/arm-none-eabi/9.3.1/../../../../arm-none-eabi/lib/thumb/v7e-m+fp/hard\libstdc++_nano.a(allocator-inst.o)
                0x00000000080038ca                std::allocator<char>::~allocator()
                0x00000000080038ca                std::allocator<char>::~allocator()
 .text.unlikely._ZSt17__throw_bad_allocv
                0x00000000080038cc        0x6 c:/st/stm32cubeide_1.7.0/stm32cubeide/plugins/com.st.stm32cube.ide.mcu.externaltools.gnu-tools-for-stm32.9-2020-q2-update.win32_2.0.0.202105311346/tools/bin/../lib/gcc/arm-none-eabi/9.3.1/../../../../arm-none-eabi/lib/thumb/v7e-m+fp/hard\libstdc++_nano.a(functexcept.o)
                0x00000000080038cc                std::__throw_bad_alloc()
 .text.unlikely._ZSt19__throw_logic_errorPKc
                0x00000000080038d2        0x6 c:/st/stm32cubeide_1.7.0/stm32cubeide/plugins/com.st.stm32cube.ide.mcu.externaltools.gnu-tools-for-stm32.9-2020-q2-update.win32_2.0.0.202105311346/tools/bin/../lib/gcc/arm-none-eabi/9.3.1/../../../../arm-none-eabi/lib/thumb/v7e-m+fp/hard\libstdc++_nano.a(functexcept.o)
                0x00000000080038d2                std::__throw_logic_error(char const*)
 .text.unlikely._ZSt20__throw_length_errorPKc
                0x00000000080038d8        0x6 c:/st/stm32cubeide_1.7.0/stm32cubeide/plugins/com.st.stm32cube.ide.mcu.externaltools.gnu-tools-for-stm32.9-2020-q2-update.win32_2.0.0.202105311346/tools/bin/../lib/gcc/arm-none-eabi/9.3.1/../../../../arm-none-eabi/lib/thumb/v7e-m+fp/hard\libstdc++_nano.a(functexcept.o)
                0x00000000080038d8                std::__throw_length_error(char const*)
 .text._ZNSt11char_traitsIcE4copyEPcPKcj
                0x00000000080038de        0x8 c:/st/stm32cubeide_1.7.0/stm32cubeide/plugins/com.st.stm32cube.ide.mcu.externaltools.gnu-tools-for-stm32.9-2020-q2-update.win32_2.0.0.202105311346/tools/bin/../lib/gcc/arm-none-eabi/9.3.1/../../../../arm-none-eabi/lib/thumb/v7e-m+fp/hard\libstdc++_nano.a(string-inst.o)
                0x00000000080038de                std::char_traits<char>::copy(char*, char const*, unsigned int)
 .text._ZNSt7__cxx1112basic_stringIcSt11char_traitsIcESaIcEE7_M_dataEPc
                0x00000000080038e6        0x4 c:/st/stm32cubeide_1.7.0/stm32cubeide/plugins/com.st.stm32cube.ide.mcu.externaltools.gnu-tools-for-stm32.9-2020-q2-update.win32_2.0.0.202105311346/tools/bin/../lib/gcc/arm-none-eabi/9.3.1/../../../../arm-none-eabi/lib/thumb/v7e-m+fp/hard\libstdc++_nano.a(string-inst.o)
                0x00000000080038e6                std::__cxx11::basic_string<char, std::char_traits<char>, std::allocator<char> >::_M_data(char*)
 .text._ZNKSt7__cxx1112basic_stringIcSt11char_traitsIcESaIcEE7_M_dataEv
                0x00000000080038ea        0x4 c:/st/stm32cubeide_1.7.0/stm32cubeide/plugins/com.st.stm32cube.ide.mcu.externaltools.gnu-tools-for-stm32.9-2020-q2-update.win32_2.0.0.202105311346/tools/bin/../lib/gcc/arm-none-eabi/9.3.1/../../../../arm-none-eabi/lib/thumb/v7e-m+fp/hard\libstdc++_nano.a(string-inst.o)
                0x00000000080038ea                std::__cxx11::basic_string<char, std::char_traits<char>, std::allocator<char> >::_M_data() const
 .text._ZNSt7__cxx1112basic_stringIcSt11char_traitsIcESaIcEE13_M_local_dataEv
                0x00000000080038ee        0x4 c:/st/stm32cubeide_1.7.0/stm32cubeide/plugins/com.st.stm32cube.ide.mcu.externaltools.gnu-tools-for-stm32.9-2020-q2-update.win32_2.0.0.202105311346/tools/bin/../lib/gcc/arm-none-eabi/9.3.1/../../../../arm-none-eabi/lib/thumb/v7e-m+fp/hard\libstdc++_nano.a(string-inst.o)
                0x00000000080038ee                std::__cxx11::basic_string<char, std::char_traits<char>, std::allocator<char> >::_M_local_data()
 .text._ZNSt7__cxx1112basic_stringIcSt11char_traitsIcESaIcEE11_M_capacityEj
                0x00000000080038f2        0x4 c:/st/stm32cubeide_1.7.0/stm32cubeide/plugins/com.st.stm32cube.ide.mcu.externaltools.gnu-tools-for-stm32.9-2020-q2-update.win32_2.0.0.202105311346/tools/bin/../lib/gcc/arm-none-eabi/9.3.1/../../../../arm-none-eabi/lib/thumb/v7e-m+fp/hard\libstdc++_nano.a(string-inst.o)
                0x00000000080038f2                std::__cxx11::basic_string<char, std::char_traits<char>, std::allocator<char> >::_M_capacity(unsigned int)
 .text._ZNSt7__cxx1112basic_stringIcSt11char_traitsIcESaIcEE13_M_set_lengthEj
                0x00000000080038f6        0xa c:/st/stm32cubeide_1.7.0/stm32cubeide/plugins/com.st.stm32cube.ide.mcu.externaltools.gnu-tools-for-stm32.9-2020-q2-update.win32_2.0.0.202105311346/tools/bin/../lib/gcc/arm-none-eabi/9.3.1/../../../../arm-none-eabi/lib/thumb/v7e-m+fp/hard\libstdc++_nano.a(string-inst.o)
                0x00000000080038f6                std::__cxx11::basic_string<char, std::char_traits<char>, std::allocator<char> >::_M_set_length(unsigned int)
 .text._ZNSt7__cxx1112basic_stringIcSt11char_traitsIcESaIcEE9_M_createERjj
                0x0000000008003900       0x44 c:/st/stm32cubeide_1.7.0/stm32cubeide/plugins/com.st.stm32cube.ide.mcu.externaltools.gnu-tools-for-stm32.9-2020-q2-update.win32_2.0.0.202105311346/tools/bin/../lib/gcc/arm-none-eabi/9.3.1/../../../../arm-none-eabi/lib/thumb/v7e-m+fp/hard\libstdc++_nano.a(string-inst.o)
                0x0000000008003900                std::__cxx11::basic_string<char, std::char_traits<char>, std::allocator<char> >::_M_create(unsigned int&, unsigned int)
 .text._ZNSt7__cxx1112basic_stringIcSt11char_traitsIcESaIcEE10_M_disposeEv
                0x0000000008003944       0x10 c:/st/stm32cubeide_1.7.0/stm32cubeide/plugins/com.st.stm32cube.ide.mcu.externaltools.gnu-tools-for-stm32.9-2020-q2-update.win32_2.0.0.202105311346/tools/bin/../lib/gcc/arm-none-eabi/9.3.1/../../../../arm-none-eabi/lib/thumb/v7e-m+fp/hard\libstdc++_nano.a(string-inst.o)
                0x0000000008003944                std::__cxx11::basic_string<char, std::char_traits<char>, std::allocator<char> >::_M_dispose()
 .text._ZNKSt7__cxx1112basic_stringIcSt11char_traitsIcESaIcEE15_M_check_lengthEjjPKc
                0x0000000008003954       0x18 c:/st/stm32cubeide_1.7.0/stm32cubeide/plugins/com.st.stm32cube.ide.mcu.externaltools.gnu-tools-for-stm32.9-2020-q2-update.win32_2.0.0.202105311346/tools/bin/../lib/gcc/arm-none-eabi/9.3.1/../../../../arm-none-eabi/lib/thumb/v7e-m+fp/hard\libstdc++_nano.a(string-inst.o)
                0x0000000008003954                std::__cxx11::basic_string<char, std::char_traits<char>, std::allocator<char> >::_M_check_length(unsigned int, unsigned int, char const*) const
 .text._ZNSt7__cxx1112basic_stringIcSt11char_traitsIcESaIcEE7_S_copyEPcPKcj
                0x000000000800396c       0x12 c:/st/stm32cubeide_1.7.0/stm32cubeide/plugins/com.st.stm32cube.ide.mcu.externaltools.gnu-tools-for-stm32.9-2020-q2-update.win32_2.0.0.202105311346/tools/bin/../lib/gcc/arm-none-eabi/9.3.1/../../../../arm-none-eabi/lib/thumb/v7e-m+fp/hard\libstdc++_nano.a(string-inst.o)
                0x000000000800396c                std::__cxx11::basic_string<char, std::char_traits<char>, std::allocator<char> >::_S_copy(char*, char const*, unsigned int)
 .text._ZNSt7__cxx1112basic_stringIcSt11char_traitsIcESaIcEE7_S_moveEPcPKcj
                0x000000000800397e       0x18 c:/st/stm32cubeide_1.7.0/stm32cubeide/plugins/com.st.stm32cube.ide.mcu.externaltools.gnu-tools-for-stm32.9-2020-q2-update.win32_2.0.0.202105311346/tools/bin/../lib/gcc/arm-none-eabi/9.3.1/../../../../arm-none-eabi/lib/thumb/v7e-m+fp/hard\libstdc++_nano.a(string-inst.o)
                0x000000000800397e                std::__cxx11::basic_string<char, std::char_traits<char>, std::allocator<char> >::_S_move(char*, char const*, unsigned int)
 .text._ZNSt7__cxx1112basic_stringIcSt11char_traitsIcESaIcEE9_S_assignEPcjc
                0x0000000008003996       0x22 c:/st/stm32cubeide_1.7.0/stm32cubeide/plugins/com.st.stm32cube.ide.mcu.externaltools.gnu-tools-for-stm32.9-2020-q2-update.win32_2.0.0.202105311346/tools/bin/../lib/gcc/arm-none-eabi/9.3.1/../../../../arm-none-eabi/lib/thumb/v7e-m+fp/hard\libstdc++_nano.a(string-inst.o)
                0x0000000008003996                std::__cxx11::basic_string<char, std::char_traits<char>, std::allocator<char> >::_S_assign(char*, unsigned int, char)
 .text._ZNSt7__cxx1112basic_stringIcSt11char_traitsIcESaIcEE13_S_copy_charsEPcS5_S5_
                0x00000000080039b8        0xa c:/st/stm32cubeide_1.7.0/stm32cubeide/plugins/com.st.stm32cube.ide.mcu.externaltools.gnu-tools-for-stm32.9-2020-q2-update.win32_2.0.0.202105311346/tools/bin/../lib/gcc/arm-none-eabi/9.3.1/../../../../arm-none-eabi/lib/thumb/v7e-m+fp/hard\libstdc++_nano.a(string-inst.o)
                0x00000000080039b8                std::__cxx11::basic_string<char, std::char_traits<char>, std::allocator<char> >::_S_copy_chars(char*, char*, char*)
 .text._ZNSt7__cxx1112basic_stringIcSt11char_traitsIcESaIcEE13_S_copy_charsEPcPKcS7_
                0x00000000080039c2        0xa c:/st/stm32cubeide_1.7.0/stm32cubeide/plugins/com.st.stm32cube.ide.mcu.externaltools.gnu-tools-for-stm32.9-2020-q2-update.win32_2.0.0.202105311346/tools/bin/../lib/gcc/arm-none-eabi/9.3.1/../../../../arm-none-eabi/lib/thumb/v7e-m+fp/hard\libstdc++_nano.a(string-inst.o)
                0x00000000080039c2                std::__cxx11::basic_string<char, std::char_traits<char>, std::allocator<char> >::_S_copy_chars(char*, char const*, char const*)
 .text._ZNSt7__cxx1112basic_stringIcSt11char_traitsIcESaIcEE9_M_mutateEjjPKcj
                0x00000000080039cc       0x78 c:/st/stm32cubeide_1.7.0/stm32cubeide/plugins/com.st.stm32cube.ide.mcu.externaltools.gnu-tools-for-stm32.9-2020-q2-update.win32_2.0.0.202105311346/tools/bin/../lib/gcc/arm-none-eabi/9.3.1/../../../../arm-none-eabi/lib/thumb/v7e-m+fp/hard\libstdc++_nano.a(string-inst.o)
                0x00000000080039cc                std::__cxx11::basic_string<char, std::char_traits<char>, std::allocator<char> >::_M_mutate(unsigned int, unsigned int, char const*, unsigned int)
 .text._ZNSt7__cxx1112basic_stringIcSt11char_traitsIcESaIcEEC2EOS4_
                0x0000000008003a44       0x34 c:/st/stm32cubeide_1.7.0/stm32cubeide/plugins/com.st.stm32cube.ide.mcu.externaltools.gnu-tools-for-stm32.9-2020-q2-update.win32_2.0.0.202105311346/tools/bin/../lib/gcc/arm-none-eabi/9.3.1/../../../../arm-none-eabi/lib/thumb/v7e-m+fp/hard\libstdc++_nano.a(string-inst.o)
                0x0000000008003a44                std::__cxx11::basic_string<char, std::char_traits<char>, std::allocator<char> >::basic_string(std::__cxx11::basic_string<char, std::char_traits<char>, std::allocator<char> >&&)
                0x0000000008003a44                std::__cxx11::basic_string<char, std::char_traits<char>, std::allocator<char> >::basic_string(std::__cxx11::basic_string<char, std::char_traits<char>, std::allocator<char> >&&)
 .text._ZNSt7__cxx1112basic_stringIcSt11char_traitsIcESaIcEED2Ev
                0x0000000008003a78        0xc c:/st/stm32cubeide_1.7.0/stm32cubeide/plugins/com.st.stm32cube.ide.mcu.externaltools.gnu-tools-for-stm32.9-2020-q2-update.win32_2.0.0.202105311346/tools/bin/../lib/gcc/arm-none-eabi/9.3.1/../../../../arm-none-eabi/lib/thumb/v7e-m+fp/hard\libstdc++_nano.a(string-inst.o)
                0x0000000008003a78                std::__cxx11::basic_string<char, std::char_traits<char>, std::allocator<char> >::~basic_string()
                0x0000000008003a78                std::__cxx11::basic_string<char, std::char_traits<char>, std::allocator<char> >::~basic_string()
 .text._ZNKSt7__cxx1112basic_stringIcSt11char_traitsIcESaIcEE5beginEv
                0x0000000008003a84        0x4 c:/st/stm32cubeide_1.7.0/stm32cubeide/plugins/com.st.stm32cube.ide.mcu.externaltools.gnu-tools-for-stm32.9-2020-q2-update.win32_2.0.0.202105311346/tools/bin/../lib/gcc/arm-none-eabi/9.3.1/../../../../arm-none-eabi/lib/thumb/v7e-m+fp/hard\libstdc++_nano.a(string-inst.o)
                0x0000000008003a84                std::__cxx11::basic_string<char, std::char_traits<char>, std::allocator<char> >::begin() const
 .text._ZNKSt7__cxx1112basic_stringIcSt11char_traitsIcESaIcEE3endEv
                0x0000000008003a88        0x8 c:/st/stm32cubeide_1.7.0/stm32cubeide/plugins/com.st.stm32cube.ide.mcu.externaltools.gnu-tools-for-stm32.9-2020-q2-update.win32_2.0.0.202105311346/tools/bin/../lib/gcc/arm-none-eabi/9.3.1/../../../../arm-none-eabi/lib/thumb/v7e-m+fp/hard\libstdc++_nano.a(string-inst.o)
                0x0000000008003a88                std::__cxx11::basic_string<char, std::char_traits<char>, std::allocator<char> >::end() const
 .text._ZNSt7__cxx1112basic_stringIcSt11char_traitsIcESaIcEE14_M_replace_auxEjjjc
                0x0000000008003a90       0x80 c:/st/stm32cubeide_1.7.0/stm32cubeide/plugins/com.st.stm32cube.ide.mcu.externaltools.gnu-tools-for-stm32.9-2020-q2-update.win32_2.0.0.202105311346/tools/bin/../lib/gcc/arm-none-eabi/9.3.1/../../../../arm-none-eabi/lib/thumb/v7e-m+fp/hard\libstdc++_nano.a(string-inst.o)
                0x0000000008003a90                std::__cxx11::basic_string<char, std::char_traits<char>, std::allocator<char> >::_M_replace_aux(unsigned int, unsigned int, unsigned int, char)
 .text._ZNSt7__cxx1112basic_stringIcSt11char_traitsIcESaIcEE6appendEjc
                0x0000000008003b10       0x14 c:/st/stm32cubeide_1.7.0/stm32cubeide/plugins/com.st.stm32cube.ide.mcu.externaltools.gnu-tools-for-stm32.9-2020-q2-update.win32_2.0.0.202105311346/tools/bin/../lib/gcc/arm-none-eabi/9.3.1/../../../../arm-none-eabi/lib/thumb/v7e-m+fp/hard\libstdc++_nano.a(string-inst.o)
                0x0000000008003b10                std::__cxx11::basic_string<char, std::char_traits<char>, std::allocator<char> >::append(unsigned int, char)
 .text._ZNSt7__cxx1112basic_stringIcSt11char_traitsIcESaIcEE9_M_appendEPKcj
                0x0000000008003b24       0x44 c:/st/stm32cubeide_1.7.0/stm32cubeide/plugins/com.st.stm32cube.ide.mcu.externaltools.gnu-tools-for-stm32.9-2020-q2-update.win32_2.0.0.202105311346/tools/bin/../lib/gcc/arm-none-eabi/9.3.1/../../../../arm-none-eabi/lib/thumb/v7e-m+fp/hard\libstdc++_nano.a(string-inst.o)
                0x0000000008003b24                std::__cxx11::basic_string<char, std::char_traits<char>, std::allocator<char> >::_M_append(char const*, unsigned int)
 .text._ZNSt7__cxx1112basic_stringIcSt11char_traitsIcESaIcEE6appendERKS4_
                0x0000000008003b68        0xc c:/st/stm32cubeide_1.7.0/stm32cubeide/plugins/com.st.stm32cube.ide.mcu.externaltools.gnu-tools-for-stm32.9-2020-q2-update.win32_2.0.0.202105311346/tools/bin/../lib/gcc/arm-none-eabi/9.3.1/../../../../arm-none-eabi/lib/thumb/v7e-m+fp/hard\libstdc++_nano.a(string-inst.o)
                0x0000000008003b68                std::__cxx11::basic_string<char, std::char_traits<char>, std::allocator<char> >::append(std::__cxx11::basic_string<char, std::char_traits<char>, std::allocator<char> > const&)
 .text._ZNSt7__cxx1112basic_stringIcSt11char_traitsIcESaIcEE12_Alloc_hiderC2EPcRKS3_
                0x0000000008003b74        0x4 c:/st/stm32cubeide_1.7.0/stm32cubeide/plugins/com.st.stm32cube.ide.mcu.externaltools.gnu-tools-for-stm32.9-2020-q2-update.win32_2.0.0.202105311346/tools/bin/../lib/gcc/arm-none-eabi/9.3.1/../../../../arm-none-eabi/lib/thumb/v7e-m+fp/hard\libstdc++_nano.a(string-inst.o)
                0x0000000008003b74                std::__cxx11::basic_string<char, std::char_traits<char>, std::allocator<char> >::_Alloc_hider::_Alloc_hider(char*, std::allocator<char> const&)
                0x0000000008003b74                std::__cxx11::basic_string<char, std::char_traits<char>, std::allocator<char> >::_Alloc_hider::_Alloc_hider(char*, std::allocator<char> const&)
 .text._ZNSt7__cxx1112basic_stringIcSt11char_traitsIcESaIcEEC2ERKS4_
                0x0000000008003b78       0x1e c:/st/stm32cubeide_1.7.0/stm32cubeide/plugins/com.st.stm32cube.ide.mcu.externaltools.gnu-tools-for-stm32.9-2020-q2-update.win32_2.0.0.202105311346/tools/bin/../lib/gcc/arm-none-eabi/9.3.1/../../../../arm-none-eabi/lib/thumb/v7e-m+fp/hard\libstdc++_nano.a(string-inst.o)
                0x0000000008003b78                std::__cxx11::basic_string<char, std::char_traits<char>, std::allocator<char> >::basic_string(std::__cxx11::basic_string<char, std::char_traits<char>, std::allocator<char> > const&)
                0x0000000008003b78                std::__cxx11::basic_string<char, std::char_traits<char>, std::allocator<char> >::basic_string(std::__cxx11::basic_string<char, std::char_traits<char>, std::allocator<char> > const&)
 .text._ZdlPv   0x0000000008003b96        0x4 c:/st/stm32cubeide_1.7.0/stm32cubeide/plugins/com.st.stm32cube.ide.mcu.externaltools.gnu-tools-for-stm32.9-2020-q2-update.win32_2.0.0.202105311346/tools/bin/../lib/gcc/arm-none-eabi/9.3.1/../../../../arm-none-eabi/lib/thumb/v7e-m+fp/hard\libstdc++_nano.a(del_op.o)
                0x0000000008003b96                operator delete(void*)
 .text._Znwj    0x0000000008003b9a       0x22 c:/st/stm32cubeide_1.7.0/stm32cubeide/plugins/com.st.stm32cube.ide.mcu.externaltools.gnu-tools-for-stm32.9-2020-q2-update.win32_2.0.0.202105311346/tools/bin/../lib/gcc/arm-none-eabi/9.3.1/../../../../arm-none-eabi/lib/thumb/v7e-m+fp/hard\libstdc++_nano.a(new_op.o)
                0x0000000008003b9a                operator new(unsigned int)
 .text._ZSt15get_new_handlerv
                0x0000000008003bbc       0x10 c:/st/stm32cubeide_1.7.0/stm32cubeide/plugins/com.st.stm32cube.ide.mcu.externaltools.gnu-tools-for-stm32.9-2020-q2-update.win32_2.0.0.202105311346/tools/bin/../lib/gcc/arm-none-eabi/9.3.1/../../../../arm-none-eabi/lib/thumb/v7e-m+fp/hard\libstdc++_nano.a(new_handler.o)
                0x0000000008003bbc                std::get_new_handler()
 .text.abort    0x0000000008003bcc        0xe c:/st/stm32cubeide_1.7.0/stm32cubeide/plugins/com.st.stm32cube.ide.mcu.externaltools.gnu-tools-for-stm32.9-2020-q2-update.win32_2.0.0.202105311346/tools/bin/../lib/gcc/arm-none-eabi/9.3.1/../../../../arm-none-eabi/lib/thumb/v7e-m+fp/hard\libc_nano.a(lib_a-abort.o)
                0x0000000008003bcc                abort
 *fill*         0x0000000008003bda        0x2 
 .text.__errno  0x0000000008003bdc        0xc c:/st/stm32cubeide_1.7.0/stm32cubeide/plugins/com.st.stm32cube.ide.mcu.externaltools.gnu-tools-for-stm32.9-2020-q2-update.win32_2.0.0.202105311346/tools/bin/../lib/gcc/arm-none-eabi/9.3.1/../../../../arm-none-eabi/lib/thumb/v7e-m+fp/hard\libc_nano.a(lib_a-errno.o)
                0x0000000008003bdc                __errno
 .text.__libc_init_array
                0x0000000008003be8       0x48 c:/st/stm32cubeide_1.7.0/stm32cubeide/plugins/com.st.stm32cube.ide.mcu.externaltools.gnu-tools-for-stm32.9-2020-q2-update.win32_2.0.0.202105311346/tools/bin/../lib/gcc/arm-none-eabi/9.3.1/../../../../arm-none-eabi/lib/thumb/v7e-m+fp/hard\libc_nano.a(lib_a-init.o)
                0x0000000008003be8                __libc_init_array
 .text.malloc   0x0000000008003c30       0x10 c:/st/stm32cubeide_1.7.0/stm32cubeide/plugins/com.st.stm32cube.ide.mcu.externaltools.gnu-tools-for-stm32.9-2020-q2-update.win32_2.0.0.202105311346/tools/bin/../lib/gcc/arm-none-eabi/9.3.1/../../../../arm-none-eabi/lib/thumb/v7e-m+fp/hard\libc_nano.a(lib_a-malloc.o)
                0x0000000008003c30                malloc
 .text.free     0x0000000008003c40       0x10 c:/st/stm32cubeide_1.7.0/stm32cubeide/plugins/com.st.stm32cube.ide.mcu.externaltools.gnu-tools-for-stm32.9-2020-q2-update.win32_2.0.0.202105311346/tools/bin/../lib/gcc/arm-none-eabi/9.3.1/../../../../arm-none-eabi/lib/thumb/v7e-m+fp/hard\libc_nano.a(lib_a-malloc.o)
                0x0000000008003c40                free
 .text.memcpy   0x0000000008003c50       0x1c c:/st/stm32cubeide_1.7.0/stm32cubeide/plugins/com.st.stm32cube.ide.mcu.externaltools.gnu-tools-for-stm32.9-2020-q2-update.win32_2.0.0.202105311346/tools/bin/../lib/gcc/arm-none-eabi/9.3.1/../../../../arm-none-eabi/lib/thumb/v7e-m+fp/hard\libc_nano.a(lib_a-memcpy-stub.o)
                0x0000000008003c50                memcpy
 .text.memmove  0x0000000008003c6c       0x34 c:/st/stm32cubeide_1.7.0/stm32cubeide/plugins/com.st.stm32cube.ide.mcu.externaltools.gnu-tools-for-stm32.9-2020-q2-update.win32_2.0.0.202105311346/tools/bin/../lib/gcc/arm-none-eabi/9.3.1/../../../../arm-none-eabi/lib/thumb/v7e-m+fp/hard\libc_nano.a(lib_a-memmove.o)
                0x0000000008003c6c                memmove
 .text.memset   0x0000000008003ca0       0x10 c:/st/stm32cubeide_1.7.0/stm32cubeide/plugins/com.st.stm32cube.ide.mcu.externaltools.gnu-tools-for-stm32.9-2020-q2-update.win32_2.0.0.202105311346/tools/bin/../lib/gcc/arm-none-eabi/9.3.1/../../../../arm-none-eabi/lib/thumb/v7e-m+fp/hard\libc_nano.a(lib_a-memset.o)
                0x0000000008003ca0                memset
 .text._free_r  0x0000000008003cb0       0xa0 c:/st/stm32cubeide_1.7.0/stm32cubeide/plugins/com.st.stm32cube.ide.mcu.externaltools.gnu-tools-for-stm32.9-2020-q2-update.win32_2.0.0.202105311346/tools/bin/../lib/gcc/arm-none-eabi/9.3.1/../../../../arm-none-eabi/lib/thumb/v7e-m+fp/hard\libc_nano.a(lib_a-nano-freer.o)
                0x0000000008003cb0                _free_r
 .text._malloc_r
                0x0000000008003d50       0xb4 c:/st/stm32cubeide_1.7.0/stm32cubeide/plugins/com.st.stm32cube.ide.mcu.externaltools.gnu-tools-for-stm32.9-2020-q2-update.win32_2.0.0.202105311346/tools/bin/../lib/gcc/arm-none-eabi/9.3.1/../../../../arm-none-eabi/lib/thumb/v7e-m+fp/hard\libc_nano.a(lib_a-nano-mallocr.o)
                0x0000000008003d50                _malloc_r
 .text._sbrk_r  0x0000000008003e04       0x20 c:/st/stm32cubeide_1.7.0/stm32cubeide/plugins/com.st.stm32cube.ide.mcu.externaltools.gnu-tools-for-stm32.9-2020-q2-update.win32_2.0.0.202105311346/tools/bin/../lib/gcc/arm-none-eabi/9.3.1/../../../../arm-none-eabi/lib/thumb/v7e-m+fp/hard\libc_nano.a(lib_a-sbrkr.o)
                0x0000000008003e04                _sbrk_r
 .text._raise_r
                0x0000000008003e24       0x50 c:/st/stm32cubeide_1.7.0/stm32cubeide/plugins/com.st.stm32cube.ide.mcu.externaltools.gnu-tools-for-stm32.9-2020-q2-update.win32_2.0.0.202105311346/tools/bin/../lib/gcc/arm-none-eabi/9.3.1/../../../../arm-none-eabi/lib/thumb/v7e-m+fp/hard\libc_nano.a(lib_a-signal.o)
                0x0000000008003e24                _raise_r
 .text.raise    0x0000000008003e74       0x10 c:/st/stm32cubeide_1.7.0/stm32cubeide/plugins/com.st.stm32cube.ide.mcu.externaltools.gnu-tools-for-stm32.9-2020-q2-update.win32_2.0.0.202105311346/tools/bin/../lib/gcc/arm-none-eabi/9.3.1/../../../../arm-none-eabi/lib/thumb/v7e-m+fp/hard\libc_nano.a(lib_a-signal.o)
                0x0000000008003e74                raise
 .text._kill_r  0x0000000008003e84       0x24 c:/st/stm32cubeide_1.7.0/stm32cubeide/plugins/com.st.stm32cube.ide.mcu.externaltools.gnu-tools-for-stm32.9-2020-q2-update.win32_2.0.0.202105311346/tools/bin/../lib/gcc/arm-none-eabi/9.3.1/../../../../arm-none-eabi/lib/thumb/v7e-m+fp/hard\libc_nano.a(lib_a-signalr.o)
                0x0000000008003e84                _kill_r
 .text._getpid_r
                0x0000000008003ea8        0x4 c:/st/stm32cubeide_1.7.0/stm32cubeide/plugins/com.st.stm32cube.ide.mcu.externaltools.gnu-tools-for-stm32.9-2020-q2-update.win32_2.0.0.202105311346/tools/bin/../lib/gcc/arm-none-eabi/9.3.1/../../../../arm-none-eabi/lib/thumb/v7e-m+fp/hard\libc_nano.a(lib_a-signalr.o)
                0x0000000008003ea8                _getpid_r
 .text._vsnprintf_r
                0x0000000008003eac       0x58 c:/st/stm32cubeide_1.7.0/stm32cubeide/plugins/com.st.stm32cube.ide.mcu.externaltools.gnu-tools-for-stm32.9-2020-q2-update.win32_2.0.0.202105311346/tools/bin/../lib/gcc/arm-none-eabi/9.3.1/../../../../arm-none-eabi/lib/thumb/v7e-m+fp/hard\libc_nano.a(lib_a-vsnprintf.o)
                0x0000000008003eac                _vsniprintf_r
                0x0000000008003eac                _vsnprintf_r
 .text.vsnprintf
                0x0000000008003f04       0x1c c:/st/stm32cubeide_1.7.0/stm32cubeide/plugins/com.st.stm32cube.ide.mcu.externaltools.gnu-tools-for-stm32.9-2020-q2-update.win32_2.0.0.202105311346/tools/bin/../lib/gcc/arm-none-eabi/9.3.1/../../../../arm-none-eabi/lib/thumb/v7e-m+fp/hard\libc_nano.a(lib_a-vsnprintf.o)
                0x0000000008003f04                vsniprintf
                0x0000000008003f04                vsnprintf
 .text.__malloc_lock
                0x0000000008003f20        0xc c:/st/stm32cubeide_1.7.0/stm32cubeide/plugins/com.st.stm32cube.ide.mcu.externaltools.gnu-tools-for-stm32.9-2020-q2-update.win32_2.0.0.202105311346/tools/bin/../lib/gcc/arm-none-eabi/9.3.1/../../../../arm-none-eabi/lib/thumb/v7e-m+fp/hard\libc_nano.a(lib_a-mlock.o)
                0x0000000008003f20                __malloc_lock
 .text.__malloc_unlock
                0x0000000008003f2c        0xc c:/st/stm32cubeide_1.7.0/stm32cubeide/plugins/com.st.stm32cube.ide.mcu.externaltools.gnu-tools-for-stm32.9-2020-q2-update.win32_2.0.0.202105311346/tools/bin/../lib/gcc/arm-none-eabi/9.3.1/../../../../arm-none-eabi/lib/thumb/v7e-m+fp/hard\libc_nano.a(lib_a-mlock.o)
                0x0000000008003f2c                __malloc_unlock
 .text.__ssputs_r
                0x0000000008003f38       0xb6 c:/st/stm32cubeide_1.7.0/stm32cubeide/plugins/com.st.stm32cube.ide.mcu.externaltools.gnu-tools-for-stm32.9-2020-q2-update.win32_2.0.0.202105311346/tools/bin/../lib/gcc/arm-none-eabi/9.3.1/../../../../arm-none-eabi/lib/thumb/v7e-m+fp/hard\libc_nano.a(lib_a-nano-svfprintf.o)
                0x0000000008003f38                __ssputs_r
 *fill*         0x0000000008003fee        0x2 
 .text._svfprintf_r
                0x0000000008003ff0      0x200 c:/st/stm32cubeide_1.7.0/stm32cubeide/plugins/com.st.stm32cube.ide.mcu.externaltools.gnu-tools-for-stm32.9-2020-q2-update.win32_2.0.0.202105311346/tools/bin/../lib/gcc/arm-none-eabi/9.3.1/../../../../arm-none-eabi/lib/thumb/v7e-m+fp/hard\libc_nano.a(lib_a-nano-svfprintf.o)
                0x0000000008003ff0                _svfiprintf_r
                0x0000000008003ff0                _svfprintf_r
 .text._printf_common
                0x00000000080041f0       0xda c:/st/stm32cubeide_1.7.0/stm32cubeide/plugins/com.st.stm32cube.ide.mcu.externaltools.gnu-tools-for-stm32.9-2020-q2-update.win32_2.0.0.202105311346/tools/bin/../lib/gcc/arm-none-eabi/9.3.1/../../../../arm-none-eabi/lib/thumb/v7e-m+fp/hard\libc_nano.a(lib_a-nano-vfprintf_i.o)
                0x00000000080041f0                _printf_common
 *fill*         0x00000000080042ca        0x2 
 .text._printf_i
                0x00000000080042cc      0x24c c:/st/stm32cubeide_1.7.0/stm32cubeide/plugins/com.st.stm32cube.ide.mcu.externaltools.gnu-tools-for-stm32.9-2020-q2-update.win32_2.0.0.202105311346/tools/bin/../lib/gcc/arm-none-eabi/9.3.1/../../../../arm-none-eabi/lib/thumb/v7e-m+fp/hard\libc_nano.a(lib_a-nano-vfprintf_i.o)
                0x00000000080042cc                _printf_i
 .text.__retarget_lock_acquire_recursive
                0x0000000008004518        0x2 c:/st/stm32cubeide_1.7.0/stm32cubeide/plugins/com.st.stm32cube.ide.mcu.externaltools.gnu-tools-for-stm32.9-2020-q2-update.win32_2.0.0.202105311346/tools/bin/../lib/gcc/arm-none-eabi/9.3.1/../../../../arm-none-eabi/lib/thumb/v7e-m+fp/hard\libc_nano.a(lib_a-lock.o)
                0x0000000008004518                __retarget_lock_acquire_recursive
 .text.__retarget_lock_release_recursive
                0x000000000800451a        0x2 c:/st/stm32cubeide_1.7.0/stm32cubeide/plugins/com.st.stm32cube.ide.mcu.externaltools.gnu-tools-for-stm32.9-2020-q2-update.win32_2.0.0.202105311346/tools/bin/../lib/gcc/arm-none-eabi/9.3.1/../../../../arm-none-eabi/lib/thumb/v7e-m+fp/hard\libc_nano.a(lib_a-lock.o)
                0x000000000800451a                __retarget_lock_release_recursive
 .text._realloc_r
                0x000000000800451c       0x4c c:/st/stm32cubeide_1.7.0/stm32cubeide/plugins/com.st.stm32cube.ide.mcu.externaltools.gnu-tools-for-stm32.9-2020-q2-update.win32_2.0.0.202105311346/tools/bin/../lib/gcc/arm-none-eabi/9.3.1/../../../../arm-none-eabi/lib/thumb/v7e-m+fp/hard\libc_nano.a(lib_a-nano-reallocr.o)
                0x000000000800451c                _realloc_r
 .text._malloc_usable_size_r
                0x0000000008004568       0x10 c:/st/stm32cubeide_1.7.0/stm32cubeide/plugins/com.st.stm32cube.ide.mcu.externaltools.gnu-tools-for-stm32.9-2020-q2-update.win32_2.0.0.202105311346/tools/bin/../lib/gcc/arm-none-eabi/9.3.1/../../../../arm-none-eabi/lib/thumb/v7e-m+fp/hard\libc_nano.a(lib_a-nano-msizer.o)
                0x0000000008004568                _malloc_usable_size_r
 *(.glue_7)
 .glue_7        0x0000000008004578        0x0 linker stubs
 *(.glue_7t)
 .glue_7t       0x0000000008004578        0x0 linker stubs
 *(.eh_frame)
 .eh_frame      0x0000000008004578        0x0 c:/st/stm32cubeide_1.7.0/stm32cubeide/plugins/com.st.stm32cube.ide.mcu.externaltools.gnu-tools-for-stm32.9-2020-q2-update.win32_2.0.0.202105311346/tools/bin/../lib/gcc/arm-none-eabi/9.3.1/thumb/v7e-m+fp/hard/crtbegin.o
 *(.init)
 .init          0x0000000008004578        0x4 c:/st/stm32cubeide_1.7.0/stm32cubeide/plugins/com.st.stm32cube.ide.mcu.externaltools.gnu-tools-for-stm32.9-2020-q2-update.win32_2.0.0.202105311346/tools/bin/../lib/gcc/arm-none-eabi/9.3.1/thumb/v7e-m+fp/hard/crti.o
                0x0000000008004578                _init
 .init          0x000000000800457c        0x8 c:/st/stm32cubeide_1.7.0/stm32cubeide/plugins/com.st.stm32cube.ide.mcu.externaltools.gnu-tools-for-stm32.9-2020-q2-update.win32_2.0.0.202105311346/tools/bin/../lib/gcc/arm-none-eabi/9.3.1/thumb/v7e-m+fp/hard/crtn.o
 *(.fini)
 .fini          0x0000000008004584        0x4 c:/st/stm32cubeide_1.7.0/stm32cubeide/plugins/com.st.stm32cube.ide.mcu.externaltools.gnu-tools-for-stm32.9-2020-q2-update.win32_2.0.0.202105311346/tools/bin/../lib/gcc/arm-none-eabi/9.3.1/thumb/v7e-m+fp/hard/crti.o
                0x0000000008004584                _fini
 .fini          0x0000000008004588        0x8 c:/st/stm32cubeide_1.7.0/stm32cubeide/plugins/com.st.stm32cube.ide.mcu.externaltools.gnu-tools-for-stm32.9-2020-q2-update.win32_2.0.0.202105311346/tools/bin/../lib/gcc/arm-none-eabi/9.3.1/thumb/v7e-m+fp/hard/crtn.o
                0x0000000008004590                . = ALIGN (0x4)
                0x0000000008004590                _etext = .

.vfp11_veneer   0x0000000008004590        0x0
 .vfp11_veneer  0x0000000008004590        0x0 linker stubs

.v4_bx          0x0000000008004590        0x0
 .v4_bx         0x0000000008004590        0x0 linker stubs

.iplt           0x0000000008004590        0x0
 .iplt          0x0000000008004590        0x0 c:/st/stm32cubeide_1.7.0/stm32cubeide/plugins/com.st.stm32cube.ide.mcu.externaltools.gnu-tools-for-stm32.9-2020-q2-update.win32_2.0.0.202105311346/tools/bin/../lib/gcc/arm-none-eabi/9.3.1/thumb/v7e-m+fp/hard/crtbegin.o

.rodata         0x0000000008004590      0x140
                0x0000000008004590                . = ALIGN (0x4)
 *(.rodata)
 .rodata        0x0000000008004590       0x76 ./Core/Src/main.o
 *fill*         0x0000000008004606        0x2 
 .rodata        0x0000000008004608       0x30 ./Core/USER_API/UHAL/UHAL_USART/uhal_usart.o
 *(.rodata*)
 .rodata.AHBPrescTable
                0x0000000008004638       0x10 ./Core/Src/system_stm32f4xx.o
                0x0000000008004638                AHBPrescTable
 .rodata.APBPrescTable
                0x0000000008004648        0x8 ./Core/Src/system_stm32f4xx.o
                0x0000000008004648                APBPrescTable
 .rodata._ZL17STREAM_OFFSET_TAB
                0x0000000008004650        0x8 ./Core/USER_API/UHAL/UHAL_ADC/UHAL_ADC.o
 .rodata._ZL17STREAM_OFFSET_TAB
                0x0000000008004658        0x8 ./Core/USER_API/UHAL/UHAL_DMA/UHAL_DMA.o
 .rodata._ZL17STREAM_OFFSET_TAB
                0x0000000008004660        0x8 ./Core/USER_API/UHAL/UHAL_USART/uhal_usart.o
 .rodata._ZNSt7__cxx1112basic_stringIcSt11char_traitsIcESaIcEE9_M_createERjj.str1.1
                0x0000000008004668       0x18 c:/st/stm32cubeide_1.7.0/stm32cubeide/plugins/com.st.stm32cube.ide.mcu.externaltools.gnu-tools-for-stm32.9-2020-q2-update.win32_2.0.0.202105311346/tools/bin/../lib/gcc/arm-none-eabi/9.3.1/../../../../arm-none-eabi/lib/thumb/v7e-m+fp/hard\libstdc++_nano.a(string-inst.o)
 .rodata._ZNSt7__cxx1112basic_stringIcSt11char_traitsIcESaIcEE14_M_replace_auxEjjjc.str1.1
                0x0000000008004680       0x1d c:/st/stm32cubeide_1.7.0/stm32cubeide/plugins/com.st.stm32cube.ide.mcu.externaltools.gnu-tools-for-stm32.9-2020-q2-update.win32_2.0.0.202105311346/tools/bin/../lib/gcc/arm-none-eabi/9.3.1/../../../../arm-none-eabi/lib/thumb/v7e-m+fp/hard\libstdc++_nano.a(string-inst.o)
 .rodata._svfprintf_r.str1.1
                0x000000000800469d       0x11 c:/st/stm32cubeide_1.7.0/stm32cubeide/plugins/com.st.stm32cube.ide.mcu.externaltools.gnu-tools-for-stm32.9-2020-q2-update.win32_2.0.0.202105311346/tools/bin/../lib/gcc/arm-none-eabi/9.3.1/../../../../arm-none-eabi/lib/thumb/v7e-m+fp/hard\libc_nano.a(lib_a-nano-svfprintf.o)
 .rodata._printf_i.str1.1
                0x00000000080046ae       0x22 c:/st/stm32cubeide_1.7.0/stm32cubeide/plugins/com.st.stm32cube.ide.mcu.externaltools.gnu-tools-for-stm32.9-2020-q2-update.win32_2.0.0.202105311346/tools/bin/../lib/gcc/arm-none-eabi/9.3.1/../../../../arm-none-eabi/lib/thumb/v7e-m+fp/hard\libc_nano.a(lib_a-nano-vfprintf_i.o)
                0x00000000080046d0                . = ALIGN (0x4)

.ARM.extab      0x00000000080046d0        0x0
                0x00000000080046d0                . = ALIGN (0x4)
 *(.ARM.extab* .gnu.linkonce.armextab.*)
                0x00000000080046d0                . = ALIGN (0x4)

.ARM            0x00000000080046d0        0x8
                0x00000000080046d0                . = ALIGN (0x4)
                0x00000000080046d0                __exidx_start = .
 *(.ARM.exidx*)
 .ARM.exidx     0x00000000080046d0        0x8 c:/st/stm32cubeide_1.7.0/stm32cubeide/plugins/com.st.stm32cube.ide.mcu.externaltools.gnu-tools-for-stm32.9-2020-q2-update.win32_2.0.0.202105311346/tools/bin/../lib/gcc/arm-none-eabi/9.3.1/thumb/v7e-m+fp/hard\libgcc.a(_udivmoddi4.o)
                0x00000000080046d8                __exidx_end = .
                0x00000000080046d8                . = ALIGN (0x4)

.rel.dyn        0x00000000080046d8        0x0
 .rel.iplt      0x00000000080046d8        0x0 c:/st/stm32cubeide_1.7.0/stm32cubeide/plugins/com.st.stm32cube.ide.mcu.externaltools.gnu-tools-for-stm32.9-2020-q2-update.win32_2.0.0.202105311346/tools/bin/../lib/gcc/arm-none-eabi/9.3.1/thumb/v7e-m+fp/hard/crtbegin.o

.preinit_array  0x00000000080046d8        0x0
                0x00000000080046d8                . = ALIGN (0x4)
                0x00000000080046d8                PROVIDE (__preinit_array_start = .)
 *(.preinit_array*)
                0x00000000080046d8                PROVIDE (__preinit_array_end = .)
                0x00000000080046d8                . = ALIGN (0x4)

.init_array     0x00000000080046d8        0x8
                0x00000000080046d8                . = ALIGN (0x4)
                0x00000000080046d8                PROVIDE (__init_array_start = .)
 *(SORT_BY_NAME(.init_array.*))
 *(.init_array*)
 .init_array    0x00000000080046d8        0x4 c:/st/stm32cubeide_1.7.0/stm32cubeide/plugins/com.st.stm32cube.ide.mcu.externaltools.gnu-tools-for-stm32.9-2020-q2-update.win32_2.0.0.202105311346/tools/bin/../lib/gcc/arm-none-eabi/9.3.1/thumb/v7e-m+fp/hard/crtbegin.o
 .init_array    0x00000000080046dc        0x4 ./Core/USER_API/UHAL/UHAL_INTERRUPT_HANDLER/UHAL_INTERRUPT HANDLER.o
                0x00000000080046e0                PROVIDE (__init_array_end = .)
                0x00000000080046e0                . = ALIGN (0x4)

.fini_array     0x00000000080046e0        0x8
                0x00000000080046e0                . = ALIGN (0x4)
                [!provide]                        PROVIDE (__fini_array_start = .)
 *(SORT_BY_NAME(.fini_array.*))
 *(.fini_array*)
 .fini_array    0x00000000080046e0        0x4 c:/st/stm32cubeide_1.7.0/stm32cubeide/plugins/com.st.stm32cube.ide.mcu.externaltools.gnu-tools-for-stm32.9-2020-q2-update.win32_2.0.0.202105311346/tools/bin/../lib/gcc/arm-none-eabi/9.3.1/thumb/v7e-m+fp/hard/crtbegin.o
 .fini_array    0x00000000080046e4        0x4 ./Core/USER_API/UHAL/UHAL_INTERRUPT_HANDLER/UHAL_INTERRUPT HANDLER.o
                [!provide]                        PROVIDE (__fini_array_end = .)
                0x00000000080046e8                . = ALIGN (0x4)
                0x00000000080046e8                _sidata = LOADADDR (.data)

.data           0x0000000020000000       0x68 load address 0x00000000080046e8
                0x0000000020000000                . = ALIGN (0x4)
                0x0000000020000000                _sdata = .
 *(.data)
 *(.data*)
 .data.SystemCoreClock
                0x0000000020000000        0x4 ./Core/Src/system_stm32f4xx.o
                0x0000000020000000                SystemCoreClock
 .data._impure_ptr
                0x0000000020000004        0x4 c:/st/stm32cubeide_1.7.0/stm32cubeide/plugins/com.st.stm32cube.ide.mcu.externaltools.gnu-tools-for-stm32.9-2020-q2-update.win32_2.0.0.202105311346/tools/bin/../lib/gcc/arm-none-eabi/9.3.1/../../../../arm-none-eabi/lib/thumb/v7e-m+fp/hard\libc_nano.a(lib_a-impure.o)
                0x0000000020000004                _impure_ptr
 .data.impure_data
                0x0000000020000008       0x60 c:/st/stm32cubeide_1.7.0/stm32cubeide/plugins/com.st.stm32cube.ide.mcu.externaltools.gnu-tools-for-stm32.9-2020-q2-update.win32_2.0.0.202105311346/tools/bin/../lib/gcc/arm-none-eabi/9.3.1/../../../../arm-none-eabi/lib/thumb/v7e-m+fp/hard\libc_nano.a(lib_a-impure.o)
 *(.RamFunc)
 *(.RamFunc*)
                0x0000000020000068                . = ALIGN (0x4)
                0x0000000020000068                _edata = .
                0x0000000008004750                _siccmram = LOADADDR (.ccmram)

.igot.plt       0x0000000020000068        0x0 load address 0x0000000008004750
 .igot.plt      0x0000000020000068        0x0 c:/st/stm32cubeide_1.7.0/stm32cubeide/plugins/com.st.stm32cube.ide.mcu.externaltools.gnu-tools-for-stm32.9-2020-q2-update.win32_2.0.0.202105311346/tools/bin/../lib/gcc/arm-none-eabi/9.3.1/thumb/v7e-m+fp/hard/crtbegin.o

.ccmram         0x0000000010000000        0x0 load address 0x0000000008004750
                0x0000000010000000                . = ALIGN (0x4)
                0x0000000010000000                _sccmram = .
 *(.ccmram)
 *(.ccmram*)
                0x0000000010000000                . = ALIGN (0x4)
                0x0000000010000000                _eccmram = .
                0x0000000010000000                . = ALIGN (0x4)

.bss            0x0000000020000068       0xa0
                0x0000000020000068                _sbss = .
                0x0000000020000068                __bss_start__ = _sbss
 *(.bss)
 .bss           0x0000000020000068       0x1c c:/st/stm32cubeide_1.7.0/stm32cubeide/plugins/com.st.stm32cube.ide.mcu.externaltools.gnu-tools-for-stm32.9-2020-q2-update.win32_2.0.0.202105311346/tools/bin/../lib/gcc/arm-none-eabi/9.3.1/thumb/v7e-m+fp/hard/crtbegin.o
 *(.bss*)
 .bss.adcOverrun
                0x0000000020000084        0x4 ./Core/Src/main.o
                0x0000000020000084                adcOverrun
 .bss.adcComp   0x0000000020000088        0x4 ./Core/Src/main.o
                0x0000000020000088                adcComp
 .bss.dmaInterrupt
                0x000000002000008c        0x4 ./Core/Src/main.o
                0x000000002000008c                dmaInterrupt
 .bss.dmaHalfTrans
                0x0000000020000090        0x4 ./Core/Src/main.o
                0x0000000020000090                dmaHalfTrans
 .bss.dmaCompTrans
                0x0000000020000094        0x4 ./Core/Src/main.o
                0x0000000020000094                dmaCompTrans
 .bss.dmaTransError
                0x0000000020000098        0x4 ./Core/Src/main.o
                0x0000000020000098                dmaTransError
 .bss.dmaFifoOverUnder
                0x000000002000009c        0x4 ./Core/Src/main.o
                0x000000002000009c                dmaFifoOverUnder
 .bss.dmaDirectModeERROR
                0x00000000200000a0        0x4 ./Core/Src/main.o
                0x00000000200000a0                dmaDirectModeERROR
 .bss.usartRXNE
                0x00000000200000a4        0x4 ./Core/Src/main.o
                0x00000000200000a4                usartRXNE
 .bss.usartBuffer
                0x00000000200000a8        0xf ./Core/Src/main.o
                0x00000000200000a8                usartBuffer
 *fill*         0x00000000200000b7        0x1 
 .bss.adcBuffer
                0x00000000200000b8       0x1e ./Core/Src/main.o
                0x00000000200000b8                adcBuffer
 *fill*         0x00000000200000d6        0x2 
 .bss.__sbrk_heap_end
                0x00000000200000d8        0x4 ./Core/Src/sysmem.o
 .bss.interruptCallback
                0x00000000200000dc       0x10 ./Core/USER_API/UHAL/UHAL_INTERRUPT_HANDLER/UHAL_INTERRUPT HANDLER.o
                0x00000000200000dc                interruptCallback
 .bss._ZN12_GLOBAL__N_113__new_handlerE
                0x00000000200000ec        0x4 c:/st/stm32cubeide_1.7.0/stm32cubeide/plugins/com.st.stm32cube.ide.mcu.externaltools.gnu-tools-for-stm32.9-2020-q2-update.win32_2.0.0.202105311346/tools/bin/../lib/gcc/arm-none-eabi/9.3.1/../../../../arm-none-eabi/lib/thumb/v7e-m+fp/hard\libstdc++_nano.a(new_handler.o)
 .bss.__malloc_free_list
                0x00000000200000f0        0x4 c:/st/stm32cubeide_1.7.0/stm32cubeide/plugins/com.st.stm32cube.ide.mcu.externaltools.gnu-tools-for-stm32.9-2020-q2-update.win32_2.0.0.202105311346/tools/bin/../lib/gcc/arm-none-eabi/9.3.1/../../../../arm-none-eabi/lib/thumb/v7e-m+fp/hard\libc_nano.a(lib_a-nano-mallocr.o)
                0x00000000200000f0                __malloc_free_list
 .bss.__malloc_sbrk_start
                0x00000000200000f4        0x4 c:/st/stm32cubeide_1.7.0/stm32cubeide/plugins/com.st.stm32cube.ide.mcu.externaltools.gnu-tools-for-stm32.9-2020-q2-update.win32_2.0.0.202105311346/tools/bin/../lib/gcc/arm-none-eabi/9.3.1/../../../../arm-none-eabi/lib/thumb/v7e-m+fp/hard\libc_nano.a(lib_a-nano-mallocr.o)
                0x00000000200000f4                __malloc_sbrk_start
 *(COMMON)