Archive member included to satisfy reference by file (symbol)

c:/st/stm32cubeide_1.8.0/stm32cubeide/plugins/com.st.stm32cube.ide.mcu.externaltools.gnu-tools-for-stm32.10.3-2021.10.win32_1.0.0.202111181127/tools/bin/../lib/gcc/arm-none-eabi/10.3.1/../../../../arm-none-eabi/lib/thumb/v7e-m+fp/hard\libstdc++_nano.a(pure.o)
                              ./Core/Src/LiquidCrystal.o (__cxa_pure_virtual)
c:/st/stm32cubeide_1.8.0/stm32cubeide/plugins/com.st.stm32cube.ide.mcu.externaltools.gnu-tools-for-stm32.10.3-2021.10.win32_1.0.0.202111181127/tools/bin/../lib/gcc/arm-none-eabi/10.3.1/../../../../arm-none-eabi/lib/thumb/v7e-m+fp/hard\libstdc++_nano.a(allocator-inst.o)
                              ./Core/Src/main.o (std::allocator<char>::allocator())
c:/st/stm32cubeide_1.8.0/stm32cubeide/plugins/com.st.stm32cube.ide.mcu.externaltools.gnu-tools-for-stm32.10.3-2021.10.win32_1.0.0.202111181127/tools/bin/../lib/gcc/arm-none-eabi/10.3.1/../../../../arm-none-eabi/lib/thumb/v7e-m+fp/hard\libstdc++_nano.a(functexcept.o)
                              ./Core/Src/main.o (std::__throw_logic_error(char const*))
c:/st/stm32cubeide_1.8.0/stm32cubeide/plugins/com.st.stm32cube.ide.mcu.externaltools.gnu-tools-for-stm32.10.3-2021.10.win32_1.0.0.202111181127/tools/bin/../lib/gcc/arm-none-eabi/10.3.1/../../../../arm-none-eabi/lib/thumb/v7e-m+fp/hard\libstdc++_nano.a(snprintf_lite.o)
                              c:/st/stm32cubeide_1.8.0/stm32cubeide/plugins/com.st.stm32cube.ide.mcu.externaltools.gnu-tools-for-stm32.10.3-2021.10.win32_1.0.0.202111181127/tools/bin/../lib/gcc/arm-none-eabi/10.3.1/../../../../arm-none-eabi/lib/thumb/v7e-m+fp/hard\libstdc++_nano.a(functexcept.o) (__gnu_cxx::__snprintf_lite(char*, unsigned int, char const*, std::__va_list))
c:/st/stm32cubeide_1.8.0/stm32cubeide/plugins/com.st.stm32cube.ide.mcu.externaltools.gnu-tools-for-stm32.10.3-2021.10.win32_1.0.0.202111181127/tools/bin/../lib/gcc/arm-none-eabi/10.3.1/../../../../arm-none-eabi/lib/thumb/v7e-m+fp/hard\libstdc++_nano.a(string-inst.o)
                              ./Core/Src/main.o (std::__cxx11::basic_string<char, std::char_traits<char>, std::allocator<char> >::_M_data(char*))
c:/st/stm32cubeide_1.8.0/stm32cubeide/plugins/com.st.stm32cube.ide.mcu.externaltools.gnu-tools-for-stm32.10.3-2021.10.win32_1.0.0.202111181127/tools/bin/../lib/gcc/arm-none-eabi/10.3.1/../../../../arm-none-eabi/lib/thumb/v7e-m+fp/hard\libstdc++_nano.a(del_op.o)
                              c:/st/stm32cubeide_1.8.0/stm32cubeide/plugins/com.st.stm32cube.ide.mcu.externaltools.gnu-tools-for-stm32.10.3-2021.10.win32_1.0.0.202111181127/tools/bin/../lib/gcc/arm-none-eabi/10.3.1/../../../../arm-none-eabi/lib/thumb/v7e-m+fp/hard\libstdc++_nano.a(string-inst.o) (operator delete(void*))
c:/st/stm32cubeide_1.8.0/stm32cubeide/plugins/com.st.stm32cube.ide.mcu.externaltools.gnu-tools-for-stm32.10.3-2021.10.win32_1.0.0.202111181127/tools/bin/../lib/gcc/arm-none-eabi/10.3.1/../../../../arm-none-eabi/lib/thumb/v7e-m+fp/hard\libstdc++_nano.a(eh_terminate.o)
                              c:/st/stm32cubeide_1.8.0/stm32cubeide/plugins/com.st.stm32cube.ide.mcu.externaltools.gnu-tools-for-stm32.10.3-2021.10.win32_1.0.0.202111181127/tools/bin/../lib/gcc/arm-none-eabi/10.3.1/../../../../arm-none-eabi/lib/thumb/v7e-m+fp/hard\libstdc++_nano.a(pure.o) (std::terminate())
c:/st/stm32cubeide_1.8.0/stm32cubeide/plugins/com.st.stm32cube.ide.mcu.externaltools.gnu-tools-for-stm32.10.3-2021.10.win32_1.0.0.202111181127/tools/bin/../lib/gcc/arm-none-eabi/10.3.1/../../../../arm-none-eabi/lib/thumb/v7e-m+fp/hard\libstdc++_nano.a(eh_unex_handler.o)
                              c:/st/stm32cubeide_1.8.0/stm32cubeide/plugins/com.st.stm32cube.ide.mcu.externaltools.gnu-tools-for-stm32.10.3-2021.10.win32_1.0.0.202111181127/tools/bin/../lib/gcc/arm-none-eabi/10.3.1/../../../../arm-none-eabi/lib/thumb/v7e-m+fp/hard\libstdc++_nano.a(eh_terminate.o) (__cxxabiv1::__unexpected_handler)
c:/st/stm32cubeide_1.8.0/stm32cubeide/plugins/com.st.stm32cube.ide.mcu.externaltools.gnu-tools-for-stm32.10.3-2021.10.win32_1.0.0.202111181127/tools/bin/../lib/gcc/arm-none-eabi/10.3.1/../../../../arm-none-eabi/lib/thumb/v7e-m+fp/hard\libstdc++_nano.a(new_op.o)
                              c:/st/stm32cubeide_1.8.0/stm32cubeide/plugins/com.st.stm32cube.ide.mcu.externaltools.gnu-tools-for-stm32.10.3-2021.10.win32_1.0.0.202111181127/tools/bin/../lib/gcc/arm-none-eabi/10.3.1/../../../../arm-none-eabi/lib/thumb/v7e-m+fp/hard\libstdc++_nano.a(string-inst.o) (operator new(unsigned int))
c:/st/stm32cubeide_1.8.0/stm32cubeide/plugins/com.st.stm32cube.ide.mcu.externaltools.gnu-tools-for-stm32.10.3-2021.10.win32_1.0.0.202111181127/tools/bin/../lib/gcc/arm-none-eabi/10.3.1/../../../../arm-none-eabi/lib/thumb/v7e-m+fp/hard\libstdc++_nano.a(eh_term_handler.o)
[...]
Memory Configuration

Name             Origin             Length             Attributes
CCMRAM           0x0000000010000000 0x0000000000010000 xrw
RAM              0x0000000020000000 0x0000000000020000 xrw
FLASH            0x0000000008000000 0x0000000000100000 xr
*default*        0x0000000000000000 0xffffffffffffffff

Linker script and memory map

LOAD c:/st/stm32cubeide_1.8.0/stm32cubeide/plugins/com.st.stm32cube.ide.mcu.externaltools.gnu-tools-for-stm32.10.3-2021.10.win32_1.0.0.202111181127/tools/bin/../lib/gcc/arm-none-eabi/10.3.1/thumb/v7e-m+fp/hard/crti.o
LOAD c:/st/stm32cubeide_1.8.0/stm32cubeide/plugins/com.st.stm32cube.ide.mcu.externaltools.gnu-tools-for-stm32.10.3-2021.10.win32_1.0.0.202111181127/tools/bin/../lib/gcc/arm-none-eabi/10.3.1/thumb/v7e-m+fp/hard/crtbegin.o
LOAD c:/st/stm32cubeide_1.8.0/stm32cubeide/plugins/com.st.stm32cube.ide.mcu.externaltools.gnu-tools-for-stm32.10.3-2021.10.win32_1.0.0.202111181127/tools/bin/../lib/gcc/arm-none-eabi/10.3.1/../../../../arm-none-eabi/lib/thumb/v7e-m+fp/hard/crt0.o
LOAD ./Core/Src/Arduino.o
LOAD ./Core/Src/LiquidCrystal.o
LOAD ./Core/Src/Print.o
LOAD ./Core/Src/gpio.o
LOAD ./Core/Src/main.o
LOAD ./Core/Src/stm32f4xx_it.o
LOAD ./Core/Src/syscalls.o
LOAD ./Core/Src/sysmem.o
LOAD ./Core/Src/system_stm32f4xx.o
LOAD ./Core/Src/tim.o
LOAD ./Core/Src/uhal_stm32f407_platform.o
LOAD ./Core/Src/usart.o
LOAD ./Core/Startup/startup_stm32f407vgtx.o
LOAD ./Core/UAPP/UAPP_SIMTOOL.o
LOAD ./Core/USER_API/UHAL/UHAL_ADC/UHAL_ADC.o
LOAD ./Core/USER_API/UHAL/UHAL_DMA/UHAL_DMA.o
LOAD ./Core/USER_API/UHAL/UHAL_INTERRUPT_HANDLER/UHAL_INTERRUPT HANDLER.o
LOAD ./Core/USER_API/UHAL/UHAL_TIM/uhal_tim.o
LOAD ./Core/USER_API/UHAL/UHAL_USART/uhal_usart.o
LOAD ./Drivers/STM32F4xx_HAL_Driver/Src/stm32f4xx_ll_adc.o
LOAD ./Drivers/STM32F4xx_HAL_Driver/Src/stm32f4xx_ll_dma.o
LOAD ./Drivers/STM32F4xx_HAL_Driver/Src/stm32f4xx_ll_exti.o
LOAD ./Drivers/STM32F4xx_HAL_Driver/Src/stm32f4xx_ll_gpio.o
LOAD ./Drivers/STM32F4xx_HAL_Driver/Src/stm32f4xx_ll_rcc.o
LOAD ./Drivers/STM32F4xx_HAL_Driver/Src/stm32f4xx_ll_tim.o
LOAD ./Drivers/STM32F4xx_HAL_Driver/Src/stm32f4xx_ll_usart.o
LOAD ./Drivers/STM32F4xx_HAL_Driver/Src/stm32f4xx_ll_utils.o
START GROUP
LOAD c:/st/stm32cubeide_1.8.0/stm32cubeide/plugins/com.st.stm32cube.ide.mcu.externaltools.gnu-tools-for-stm32.10.3-2021.10.win32_1.0.0.202111181127/tools/bin/../lib/gcc/arm-none-eabi/10.3.1/../../../../arm-none-eabi/lib/thumb/v7e-m+fp/hard\libstdc++_nano.a
LOAD c:/st/stm32cubeide_1.8.0/stm32cubeide/plugins/com.st.stm32cube.ide.mcu.externaltools.gnu-tools-for-stm32.10.3-2021.10.win32_1.0.0.202111181127/tools/bin/../lib/gcc/arm-none-eabi/10.3.1/../../../../arm-none-eabi/lib/thumb/v7e-m+fp/hard\libsupc++_nano.a
END GROUP
LOAD c:/st/stm32cubeide_1.8.0/stm32cubeide/plugins/com.st.stm32cube.ide.mcu.externaltools.gnu-tools-for-stm32.10.3-2021.10.win32_1.0.0.202111181127/tools/bin/../lib/gcc/arm-none-eabi/10.3.1/../../../../arm-none-eabi/lib/thumb/v7e-m+fp/hard\libstdc++_nano.a
LOAD c:/st/stm32cubeide_1.8.0/stm32cubeide/plugins/com.st.stm32cube.ide.mcu.externaltools.gnu-tools-for-stm32.10.3-2021.10.win32_1.0.0.202111181127/tools/bin/../lib/gcc/arm-none-eabi/10.3.1/../../../../arm-none-eabi/lib/thumb/v7e-m+fp/hard\libm.a
LOAD c:/st/stm32cubeide_1.8.0/stm32cubeide/plugins/com.st.stm32cube.ide.mcu.externaltools.gnu-tools-for-stm32.10.3-2021.10.win32_1.0.0.202111181127/tools/bin/../lib/gcc/arm-none-eabi/10.3.1/../../../../arm-none-eabi/lib/thumb/v7e-m+fp/hard\libc_nano.a
START GROUP
LOAD c:/st/stm32cubeide_1.8.0/stm32cubeide/plugins/com.st.stm32cube.ide.mcu.externaltools.gnu-tools-for-stm32.10.3-2021.10.win32_1.0.0.202111181127/tools/bin/../lib/gcc/arm-none-eabi/10.3.1/thumb/v7e-m+fp/hard\libgcc.a
LOAD c:/st/stm32cubeide_1.8.0/stm32cubeide/plugins/com.st.stm32cube.ide.mcu.externaltools.gnu-tools-for-stm32.10.3-2021.10.win32_1.0.0.202111181127/tools/bin/../lib/gcc/arm-none-eabi/10.3.1/../../../../arm-none-eabi/lib/thumb/v7e-m+fp/hard\libc_nano.a
END GROUP
START GROUP
LOAD c:/st/stm32cubeide_1.8.0/stm32cubeide/plugins/com.st.stm32cube.ide.mcu.externaltools.gnu-tools-for-stm32.10.3-2021.10.win32_1.0.0.202111181127/tools/bin/../lib/gcc/arm-none-eabi/10.3.1/thumb/v7e-m+fp/hard\libgcc.a
LOAD c:/st/stm32cubeide_1.8.0/stm32cubeide/plugins/com.st.stm32cube.ide.mcu.externaltools.gnu-tools-for-stm32.10.3-2021.10.win32_1.0.0.202111181127/tools/bin/../lib/gcc/arm-none-eabi/10.3.1/../../../../arm-none-eabi/lib/thumb/v7e-m+fp/hard\libc_nano.a
LOAD c:/st/stm32cubeide_1.8.0/stm32cubeide/plugins/com.st.stm32cube.ide.mcu.externaltools.gnu-tools-for-stm32.10.3-2021.10.win32_1.0.0.202111181127/tools/bin/../lib/gcc/arm-none-eabi/10.3.1/../../../../arm-none-eabi/lib/thumb/v7e-m+fp/hard\libnosys.a
END GROUP
START GROUP
LOAD c:/st/stm32cubeide_1.8.0/stm32cubeide/plugins/com.st.stm32cube.ide.mcu.externaltools.gnu-tools-for-stm32.10.3-2021.10.win32_1.0.0.202111181127/tools/bin/../lib/gcc/arm-none-eabi/10.3.1/thumb/v7e-m+fp/hard\libgcc.a
LOAD c:/st/stm32cubeide_1.8.0/stm32cubeide/plugins/com.st.stm32cube.ide.mcu.externaltools.gnu-tools-for-stm32.10.3-2021.10.win32_1.0.0.202111181127/tools/bin/../lib/gcc/arm-none-eabi/10.3.1/../../../../arm-none-eabi/lib/thumb/v7e-m+fp/hard\libc_nano.a
LOAD c:/st/stm32cubeide_1.8.0/stm32cubeide/plugins/com.st.stm32cube.ide.mcu.externaltools.gnu-tools-for-stm32.10.3-2021.10.win32_1.0.0.202111181127/tools/bin/../lib/gcc/arm-none-eabi/10.3.1/../../../../arm-none-eabi/lib/thumb/v7e-m+fp/hard\libnosys.a
END GROUP
LOAD c:/st/stm32cubeide_1.8.0/stm32cubeide/plugins/com.st.stm32cube.ide.mcu.externaltools.gnu-tools-for-stm32.10.3-2021.10.win32_1.0.0.202111181127/tools/bin/../lib/gcc/arm-none-eabi/10.3.1/thumb/v7e-m+fp/hard/crtend.o
LOAD c:/st/stm32cubeide_1.8.0/stm32cubeide/plugins/com.st.stm32cube.ide.mcu.externaltools.gnu-tools-for-stm32.10.3-2021.10.win32_1.0.0.202111181127/tools/bin/../lib/gcc/arm-none-eabi/10.3.1/thumb/v7e-m+fp/hard/crtn.o
                0x0000000020020000                _estack = (ORIGIN (RAM) + LENGTH (RAM))
                0x0000000000000200                _Min_Heap_Size = 0x200
                0x0000000000000400                _Min_Stack_Size = 0x400

.isr_vector     0x0000000008000000      0x188
                0x0000000008000000                . = ALIGN (0x4)
 *(.isr_vector)
 .isr_vector    0x0000000008000000      0x188 ./Core/Startup/startup_stm32f407vgtx.o
                0x0000000008000000                g_pfnVectors
                0x0000000008000188                . = ALIGN (0x4)

.text           0x0000000008000188     0x2d3c
                0x0000000008000188                . = ALIGN (0x4)
 *(.text)
 .text          0x0000000008000188       0x40 c:/st/stm32cubeide_1.8.0/stm32cubeide/plugins/com.st.stm32cube.ide.mcu.externaltools.gnu-tools-for-stm32.10.3-2021.10.win32_1.0.0.202111181127/tools/bin/../lib/gcc/arm-none-eabi/10.3.1/thumb/v7e-m+fp/hard/crtbegin.o
 .text          0x00000000080001c8       0x30 c:/st/stm32cubeide_1.8.0/stm32cubeide/plugins/com.st.stm32cube.ide.mcu.externaltools.gnu-tools-for-stm32.10.3-2021.10.win32_1.0.0.202111181127/tools/bin/../lib/gcc/arm-none-eabi/10.3.1/thumb/v7e-m+fp/hard\libgcc.a(_aeabi_uldivmod.o)
                0x00000000080001c8                __aeabi_uldivmod
 .text          0x00000000080001f8      0x2d0 c:/st/stm32cubeide_1.8.0/stm32cubeide/plugins/com.st.stm32cube.ide.mcu.externaltools.gnu-tools-for-stm32.10.3-2021.10.win32_1.0.0.202111181127/tools/bin/../lib/gcc/arm-none-eabi/10.3.1/thumb/v7e-m+fp/hard\libgcc.a(_udivmoddi4.o)
                0x00000000080001f8                __udivmoddi4
 .text          0x00000000080004c8        0x4 c:/st/stm32cubeide_1.8.0/stm32cubeide/plugins/com.st.stm32cube.ide.mcu.externaltools.gnu-tools-for-stm32.10.3-2021.10.win32_1.0.0.202111181127/tools/bin/../lib/gcc/arm-none-eabi/10.3.1/thumb/v7e-m+fp/hard\libgcc.a(_dvmd_tls.o)
                0x00000000080004c8                __aeabi_idiv0
                0x00000000080004c8                __aeabi_ldiv0
 *(.text*)
 .text.LL_AHB1_GRP1_EnableClock
                0x00000000080004cc       0x30 ./Core/Src/gpio.o
 .text.LL_GPIO_ResetOutputPin
                0x00000000080004fc       0x1e ./Core/Src/gpio.o
 *fill*         0x000000000800051a        0x2 
 .text.MX_GPIO_Init
                0x000000000800051c       0x54 ./Core/Src/gpio.o
                0x000000000800051c                MX_GPIO_Init
 .text.__NVIC_SetPriorityGrouping
                0x0000000008000570       0x48 ./Core/Src/main.o
 .text.__NVIC_ClearPendingIRQ
                0x00000000080005b8       0x3c ./Core/Src/main.o
 .text.LL_RCC_HSE_EnableBypass
                0x00000000080005f4       0x20 ./Core/Src/main.o
 .text.LL_RCC_HSE_Enable
                0x0000000008000614       0x20 ./Core/Src/main.o
 .text.LL_RCC_HSE_IsReady
                0x0000000008000634       0x28 ./Core/Src/main.o
 .text.LL_RCC_SetSysClkSource
                0x000000000800065c       0x28 ./Core/Src/main.o
 .text.LL_RCC_GetSysClkSource
                0x0000000008000684       0x1c ./Core/Src/main.o
 .text.LL_RCC_SetAHBPrescaler
                0x00000000080006a0       0x28 ./Core/Src/main.o
 .text.LL_RCC_SetAPB1Prescaler
                0x00000000080006c8       0x28 ./Core/Src/main.o
 .text.LL_RCC_SetAPB2Prescaler
                0x00000000080006f0       0x28 ./Core/Src/main.o
 .text.LL_RCC_PLL_Enable
                0x0000000008000718       0x20 ./Core/Src/main.o
 .text.LL_RCC_PLL_IsReady
                0x0000000008000738       0x28 ./Core/Src/main.o
 .text.LL_RCC_PLL_ConfigDomain_SYS
                0x0000000008000760       0x4c ./Core/Src/main.o
 .text.LL_APB1_GRP1_EnableClock
                0x00000000080007ac       0x30 ./Core/Src/main.o
 .text.LL_APB2_GRP1_EnableClock
                0x00000000080007dc       0x30 ./Core/Src/main.o
 .text.LL_FLASH_SetLatency
                0x000000000800080c       0x28 ./Core/Src/main.o
 .text.LL_FLASH_GetLatency
                0x0000000008000834       0x1c ./Core/Src/main.o
 .text.LL_PWR_SetRegulVoltageScaling
                0x0000000008000850       0x28 ./Core/Src/main.o
 .text.LL_DMA_IsActiveFlag_HT0
                0x0000000008000878       0x26 ./Core/Src/main.o
 .text.LL_DMA_IsActiveFlag_HT1
                0x000000000800089e       0x28 ./Core/Src/main.o
 .text.LL_DMA_IsActiveFlag_TC0
                0x00000000080008c6       0x26 ./Core/Src/main.o
 .text.LL_DMA_IsActiveFlag_TC1
                0x00000000080008ec       0x28 ./Core/Src/main.o
 .text.LL_DMA_IsActiveFlag_TE0
                0x0000000008000914       0x26 ./Core/Src/main.o
 .text.LL_DMA_IsActiveFlag_TE1
                0x000000000800093a       0x28 ./Core/Src/main.o
 .text.LL_DMA_IsActiveFlag_DME0
                0x0000000008000962       0x26 ./Core/Src/main.o
 .text.LL_DMA_IsActiveFlag_FE0
                0x0000000008000988       0x26 ./Core/Src/main.o
 .text.LL_DMA_IsActiveFlag_FE1
                0x00000000080009ae       0x26 ./Core/Src/main.o
 .text.LL_DMA_ClearFlag_HT0
                0x00000000080009d4       0x1a ./Core/Src/main.o
 .text.LL_DMA_ClearFlag_HT1
                0x00000000080009ee       0x1c ./Core/Src/main.o
 .text.LL_DMA_ClearFlag_TC0
                0x0000000008000a0a       0x1a ./Core/Src/main.o
 .text.LL_DMA_ClearFlag_TC1
                0x0000000008000a24       0x1c ./Core/Src/main.o
 .text.LL_DMA_ClearFlag_TE0
                0x0000000008000a40       0x1a ./Core/Src/main.o
 .text.LL_DMA_ClearFlag_TE1
                0x0000000008000a5a       0x1c ./Core/Src/main.o
 .text.LL_DMA_ClearFlag_DME0
                0x0000000008000a76       0x1a ./Core/Src/main.o
 .text.LL_DMA_ClearFlag_FE0
                0x0000000008000a90       0x1a ./Core/Src/main.o
 .text.LL_DMA_ClearFlag_FE1
                0x0000000008000aaa       0x1a ./Core/Src/main.o
 .text.LL_USART_IsActiveFlag_PE
                0x0000000008000ac4       0x26 ./Core/Src/main.o
 .text.LL_USART_IsActiveFlag_FE
                0x0000000008000aea       0x26 ./Core/Src/main.o
 .text.LL_USART_IsActiveFlag_NE
                0x0000000008000b10       0x26 ./Core/Src/main.o
 .text.LL_USART_IsActiveFlag_ORE
                0x0000000008000b36       0x26 ./Core/Src/main.o
 .text.LL_USART_IsActiveFlag_IDLE
                0x0000000008000b5c       0x26 ./Core/Src/main.o
 .text.LL_USART_ClearFlag_PE
                0x0000000008000b82       0x24 ./Core/Src/main.o
 .text.LL_USART_ClearFlag_FE
                0x0000000008000ba6       0x24 ./Core/Src/main.o
 .text.LL_USART_ClearFlag_NE
                0x0000000008000bca       0x24 ./Core/Src/main.o
 .text.LL_USART_ClearFlag_ORE
                0x0000000008000bee       0x24 ./Core/Src/main.o
 .text.LL_USART_ClearFlag_IDLE
                0x0000000008000c12       0x24 ./Core/Src/main.o
 .text.LL_ADC_IsActiveFlag_EOCS
                0x0000000008000c36       0x26 ./Core/Src/main.o
 .text.LL_ADC_IsActiveFlag_OVR
                0x0000000008000c5c       0x26 ./Core/Src/main.o
 .text.LL_ADC_ClearFlag_EOCS
                0x0000000008000c82       0x1c ./Core/Src/main.o
 .text._Z5Rev16t
                0x0000000008000c9e       0x1e ./Core/Src/main.o
                0x0000000008000c9e                Rev16(unsigned short)
 .text.main     0x0000000008000cbc       0x40 ./Core/Src/main.o
                0x0000000008000cbc                main
 .text.USART1_IRQHandler
                0x0000000008000cfc       0xfc ./Core/Src/main.o
                0x0000000008000cfc                USART1_IRQHandler
 .text.DMA2_Stream0_IRQHandler
                0x0000000008000df8      0x108 ./Core/Src/main.o
                0x0000000008000df8                DMA2_Stream0_IRQHandler
 .text.DMA2_Stream5_IRQHandler
                0x0000000008000f00      0x140 ./Core/Src/main.o
                0x0000000008000f00                DMA2_Stream5_IRQHandler
 .text.ADC_IRQHandler
                0x0000000008001040       0x68 ./Core/Src/main.o
                0x0000000008001040                ADC_IRQHandler
 .text._Z18SystemClock_Configv
                0x00000000080010a8       0xb4 ./Core/Src/main.o
                0x00000000080010a8                SystemClock_Config()
 .text.NMI_Handler
                0x000000000800115c        0x6 ./Core/Src/stm32f4xx_it.o
                0x000000000800115c                NMI_Handler
 .text.HardFault_Handler
                0x0000000008001162        0x6 ./Core/Src/stm32f4xx_it.o
                0x0000000008001162                HardFault_Handler
 .text.MemManage_Handler
                0x0000000008001168        0x6 ./Core/Src/stm32f4xx_it.o
                0x0000000008001168                MemManage_Handler
 .text.BusFault_Handler
                0x000000000800116e        0x6 ./Core/Src/stm32f4xx_it.o
                0x000000000800116e                BusFault_Handler
 .text.UsageFault_Handler
                0x0000000008001174        0x6 ./Core/Src/stm32f4xx_it.o
                0x0000000008001174                UsageFault_Handler
 .text.SVC_Handler
                0x000000000800117a        0xe ./Core/Src/stm32f4xx_it.o
                0x000000000800117a                SVC_Handler
 .text.DebugMon_Handler
                0x0000000008001188        0xe ./Core/Src/stm32f4xx_it.o
                0x0000000008001188                DebugMon_Handler
 .text.PendSV_Handler
                0x0000000008001196        0xe ./Core/Src/stm32f4xx_it.o
                0x0000000008001196                PendSV_Handler
 .text.SysTick_Handler
                0x00000000080011a4        0xe ./Core/Src/stm32f4xx_it.o
                0x00000000080011a4                SysTick_Handler
 .text.UART4_IRQHandler
                0x00000000080011b2        0xe ./Core/Src/stm32f4xx_it.o
                0x00000000080011b2                UART4_IRQHandler
 .text.SystemInit
                0x00000000080011c0       0x24 ./Core/Src/system_stm32f4xx.o
                0x00000000080011c0                SystemInit
 .text.Reset_Handler
                0x00000000080011e4       0x50 ./Core/Startup/startup_stm32f407vgtx.o
                0x00000000080011e4                Reset_Handler
 .text.Default_Handler
                0x0000000008001234        0x2 ./Core/Startup/startup_stm32f407vgtx.o
                0x0000000008001234                RTC_Alarm_IRQHandler
                0x0000000008001234                HASH_RNG_IRQHandler
                0x0000000008001234                EXTI2_IRQHandler
                0x0000000008001234                TIM8_CC_IRQHandler
                0x0000000008001234                TIM1_CC_IRQHandler
                0x0000000008001234                DMA1_Stream5_IRQHandler
                0x0000000008001234                PVD_IRQHandler
                0x0000000008001234                SDIO_IRQHandler
                0x0000000008001234                TAMP_STAMP_IRQHandler
                0x0000000008001234                CAN2_RX1_IRQHandler
                0x0000000008001234                EXTI3_IRQHandler
                0x0000000008001234                TIM8_TRG_COM_TIM14_IRQHandler
                0x0000000008001234                TIM1_UP_TIM10_IRQHandler
                0x0000000008001234                TIM8_UP_TIM13_IRQHandler
                0x0000000008001234                I2C3_ER_IRQHandler
                0x0000000008001234                EXTI0_IRQHandler
                0x0000000008001234                I2C2_EV_IRQHandler
                0x0000000008001234                DMA1_Stream2_IRQHandler
                0x0000000008001234                CAN1_RX0_IRQHandler
                0x0000000008001234                FPU_IRQHandler
                0x0000000008001234                OTG_HS_WKUP_IRQHandler
                0x0000000008001234                CAN2_SCE_IRQHandler
                0x0000000008001234                DMA2_Stream2_IRQHandler
                0x0000000008001234                SPI1_IRQHandler
                0x0000000008001234                TIM6_DAC_IRQHandler
                0x0000000008001234                TIM1_BRK_TIM9_IRQHandler
                0x0000000008001234                DCMI_IRQHandler
                0x0000000008001234                CAN2_RX0_IRQHandler
                0x0000000008001234                DMA2_Stream3_IRQHandler
                0x0000000008001234                USART6_IRQHandler
                0x0000000008001234                USART3_IRQHandler
                0x0000000008001234                CAN1_RX1_IRQHandler
                0x0000000008001234                UART5_IRQHandler
                0x0000000008001234                TIM4_IRQHandler
                0x0000000008001234                I2C1_EV_IRQHandler
                0x0000000008001234                DMA1_Stream6_IRQHandler
                0x0000000008001234                DMA1_Stream1_IRQHandler
                0x0000000008001234                TIM3_IRQHandler
                0x0000000008001234                RCC_IRQHandler
                0x0000000008001234                TIM8_BRK_TIM12_IRQHandler
                0x0000000008001234                Default_Handler
                0x0000000008001234                EXTI15_10_IRQHandler
                0x0000000008001234                DMA1_Stream7_IRQHandler
                0x0000000008001234                TIM7_IRQHandler
                0x0000000008001234                CAN2_TX_IRQHandler
                0x0000000008001234                TIM5_IRQHandler
                0x0000000008001234                DMA2_Stream7_IRQHandler
                0x0000000008001234                I2C3_EV_IRQHandler
                0x0000000008001234                EXTI9_5_IRQHandler
                0x0000000008001234                RTC_WKUP_IRQHandler
                0x0000000008001234                ETH_WKUP_IRQHandler
                0x0000000008001234                SPI2_IRQHandler
                0x0000000008001234                OTG_HS_EP1_IN_IRQHandler
                0x0000000008001234                DMA1_Stream0_IRQHandler
                0x0000000008001234                CAN1_TX_IRQHandler
                0x0000000008001234                EXTI4_IRQHandler
                0x0000000008001234                FSMC_IRQHandler
                0x0000000008001234                ETH_IRQHandler
                0x0000000008001234                OTG_HS_EP1_OUT_IRQHandler
                0x0000000008001234                WWDG_IRQHandler
                0x0000000008001234                TIM2_IRQHandler
                0x0000000008001234                OTG_FS_WKUP_IRQHandler
                0x0000000008001234                TIM1_TRG_COM_TIM11_IRQHandler
                0x0000000008001234                OTG_HS_IRQHandler
                0x0000000008001234                EXTI1_IRQHandler
                0x0000000008001234                USART2_IRQHandler
                0x0000000008001234                I2C2_ER_IRQHandler
                0x0000000008001234                DMA2_Stream1_IRQHandler
                0x0000000008001234                CAN1_SCE_IRQHandler
                0x0000000008001234                FLASH_IRQHandler
                0x0000000008001234                DMA2_Stream4_IRQHandler
                0x0000000008001234                OTG_FS_IRQHandler
                0x0000000008001234                SPI3_IRQHandler
                0x0000000008001234                DMA1_Stream4_IRQHandler
                0x0000000008001234                I2C1_ER_IRQHandler
                0x0000000008001234                DMA2_Stream6_IRQHandler
                0x0000000008001234                DMA1_Stream3_IRQHandler
 *fill*         0x0000000008001236        0x2 
 .text.__NVIC_GetPriorityGrouping
                0x0000000008001238       0x1c ./Core/USER_API/UHAL/UHAL_DMA/UHAL_DMA.o
 .text.__NVIC_EnableIRQ
                0x0000000008001254       0x3c ./Core/USER_API/UHAL/UHAL_DMA/UHAL_DMA.o
 .text.__NVIC_SetPriority
                0x0000000008001290       0x54 ./Core/USER_API/UHAL/UHAL_DMA/UHAL_DMA.o
 .text.NVIC_EncodePriority
                0x00000000080012e4       0x62 ./Core/USER_API/UHAL/UHAL_DMA/UHAL_DMA.o
 *fill*         0x0000000008001346        0x2 
 .text.LL_DMA_EnableStream
                0x0000000008001348       0x40 ./Core/USER_API/UHAL/UHAL_DMA/UHAL_DMA.o
 .text.LL_DMA_DisableStream
                0x0000000008001388       0x40 ./Core/USER_API/UHAL/UHAL_DMA/UHAL_DMA.o
 .text.LL_DMA_IsEnabledStream
                0x00000000080013c8       0x38 ./Core/USER_API/UHAL/UHAL_DMA/UHAL_DMA.o
 .text.LL_DMA_SetDataLength
                0x0000000008001400       0x48 ./Core/USER_API/UHAL/UHAL_DMA/UHAL_DMA.o
 .text.LL_DMA_SetMemoryAddress
                0x0000000008001448       0x30 ./Core/USER_API/UHAL/UHAL_DMA/UHAL_DMA.o
 .text.LL_DMA_SetPeriphAddress
                0x0000000008001478       0x30 ./Core/USER_API/UHAL/UHAL_DMA/UHAL_DMA.o
 .text.LL_AHB1_GRP1_EnableClock
                0x00000000080014a8       0x30 ./Core/USER_API/UHAL/UHAL_DMA/UHAL_DMA.o
 .text._ZN9UHAL_DMA210DMA_USART116setBufferAddressEj
                0x00000000080014d8       0x20 ./Core/USER_API/UHAL/UHAL_DMA/UHAL_DMA.o
                0x00000000080014d8                UHAL_DMA2::DMA_USART1::setBufferAddress(unsigned int)
 .text._ZN9UHAL_DMA210DMA_USART16enableEv
                0x00000000080014f8       0x14 ./Core/USER_API/UHAL/UHAL_DMA/UHAL_DMA.o
                0x00000000080014f8                UHAL_DMA2::DMA_USART1::enable()
 .text._ZN9UHAL_DMA210DMA_USART123setNumberOfDataTransferEt
                0x000000000800150c       0x24 ./Core/USER_API/UHAL/UHAL_DMA/UHAL_DMA.o
                0x000000000800150c                UHAL_DMA2::DMA_USART1::setNumberOfDataTransfer(unsigned short)
 .text._ZN9UHAL_DMA210DMA_USART120setPeripheralADDressEj
                0x0000000008001530       0x20 ./Core/USER_API/UHAL/UHAL_DMA/UHAL_DMA.o
                0x0000000008001530                UHAL_DMA2::DMA_USART1::setPeripheralADDress(unsigned int)
 .text._ZN9UHAL_DMA210DMA_USART110initializeEv
                0x0000000008001550       0x30 ./Core/USER_API/UHAL/UHAL_DMA/UHAL_DMA.o
                0x0000000008001550                UHAL_DMA2::DMA_USART1::initialize()
 .text._ZN9UHAL_DMA210DMA_USART17disableEv
                0x0000000008001580       0x14 ./Core/USER_API/UHAL/UHAL_DMA/UHAL_DMA.o
                0x0000000008001580                UHAL_DMA2::DMA_USART1::disable()
 .text._ZN9UHAL_DMA210DMA_USART110isDisabledEv
                0x0000000008001594       0x20 ./Core/USER_API/UHAL/UHAL_DMA/UHAL_DMA.o
                0x0000000008001594                UHAL_DMA2::DMA_USART1::isDisabled()
 .text._ZNSt14_Function_baseC2Ev
                0x00000000080015b4       0x1c ./Core/USER_API/UHAL/UHAL_INTERRUPT_HANDLER/UHAL_INTERRUPT HANDLER.o
                0x00000000080015b4                std::_Function_base::_Function_base()
                0x00000000080015b4                std::_Function_base::_Function_base()
 .text._ZNSt14_Function_baseD2Ev
                0x00000000080015d0       0x26 ./Core/USER_API/UHAL/UHAL_INTERRUPT_HANDLER/UHAL_INTERRUPT HANDLER.o
                0x00000000080015d0                std::_Function_base::~_Function_base()
                0x00000000080015d0                std::_Function_base::~_Function_base()
 .text._ZNSt8functionIFvvEEC2Ev
                0x00000000080015f6       0x1a ./Core/USER_API/UHAL/UHAL_INTERRUPT_HANDLER/UHAL_INTERRUPT HANDLER.o
                0x00000000080015f6                std::function<void ()>::function()
                0x00000000080015f6                std::function<void ()>::function()
 .text._ZNSt8functionIFvvEED2Ev
                0x0000000008001610       0x1a ./Core/USER_API/UHAL/UHAL_INTERRUPT_HANDLER/UHAL_INTERRUPT HANDLER.o
                0x0000000008001610                std::function<void ()>::~function()
                0x0000000008001610                std::function<void ()>::~function()
 *fill*         0x000000000800162a        0x2 
 .text._Z41__static_initialization_and_destruction_0ii
                0x000000000800162c       0x44 ./Core/USER_API/UHAL/UHAL_INTERRUPT_HANDLER/UHAL_INTERRUPT HANDLER.o
 .text._GLOBAL__sub_I_interruptCallback
                0x0000000008001670       0x10 ./Core/USER_API/UHAL/UHAL_INTERRUPT_HANDLER/UHAL_INTERRUPT HANDLER.o
 .text._GLOBAL__sub_D_interruptCallback
                0x0000000008001680       0x10 ./Core/USER_API/UHAL/UHAL_INTERRUPT_HANDLER/UHAL_INTERRUPT HANDLER.o
 .text.__NVIC_GetPriorityGrouping
                0x0000000008001690       0x1c ./Core/USER_API/UHAL/UHAL_USART/uhal_usart.o
 .text.__NVIC_EnableIRQ
                0x00000000080016ac       0x3c ./Core/USER_API/UHAL/UHAL_USART/uhal_usart.o
 .text.__NVIC_SetPriority
                0x00000000080016e8       0x54 ./Core/USER_API/UHAL/UHAL_USART/uhal_usart.o
 .text.NVIC_EncodePriority
                0x000000000800173c       0x62 ./Core/USER_API/UHAL/UHAL_USART/uhal_usart.o
 *fill*         0x000000000800179e        0x2 
 .text.LL_AHB1_GRP1_EnableClock
                0x00000000080017a0       0x30 ./Core/USER_API/UHAL/UHAL_USART/uhal_usart.o
 .text.LL_APB2_GRP1_EnableClock
                0x00000000080017d0       0x30 ./Core/USER_API/UHAL/UHAL_USART/uhal_usart.o
 .text.LL_DMA_SetDataTransferDirection
                0x0000000008001800       0x48 ./Core/USER_API/UHAL/UHAL_USART/uhal_usart.o
 .text.LL_DMA_SetMode
                0x0000000008001848       0x48 ./Core/USER_API/UHAL/UHAL_USART/uhal_usart.o
 .text.LL_DMA_SetPeriphIncMode
                0x0000000008001890       0x48 ./Core/USER_API/UHAL/UHAL_USART/uhal_usart.o
 .text.LL_DMA_SetMemoryIncMode
                0x00000000080018d8       0x48 ./Core/USER_API/UHAL/UHAL_USART/uhal_usart.o
 .text.LL_DMA_SetPeriphSize
                0x0000000008001920       0x48 ./Core/USER_API/UHAL/UHAL_USART/uhal_usart.o
 .text.LL_DMA_SetMemorySize
                0x0000000008001968       0x48 ./Core/USER_API/UHAL/UHAL_USART/uhal_usart.o
 .text.LL_DMA_SetStreamPriorityLevel
                0x00000000080019b0       0x48 ./Core/USER_API/UHAL/UHAL_USART/uhal_usart.o
 .text.LL_DMA_SetChannelSelection
                0x00000000080019f8       0x48 ./Core/USER_API/UHAL/UHAL_USART/uhal_usart.o
 .text.LL_DMA_SetMemoryBurstxfer
                0x0000000008001a40       0x48 ./Core/USER_API/UHAL/UHAL_USART/uhal_usart.o
 .text.LL_DMA_SetPeriphBurstxfer
                0x0000000008001a88       0x48 ./Core/USER_API/UHAL/UHAL_USART/uhal_usart.o
 .text.LL_DMA_EnableFifoMode
                0x0000000008001ad0       0x40 ./Core/USER_API/UHAL/UHAL_USART/uhal_usart.o
 .text.LL_DMA_SetFIFOThreshold
                0x0000000008001b10       0x48 ./Core/USER_API/UHAL/UHAL_USART/uhal_usart.o
 .text.LL_DMA_EnableIT_HT
                0x0000000008001b58       0x40 ./Core/USER_API/UHAL/UHAL_USART/uhal_usart.o
 .text.LL_DMA_EnableIT_TE
                0x0000000008001b98       0x40 ./Core/USER_API/UHAL/UHAL_USART/uhal_usart.o
 .text.LL_DMA_EnableIT_TC
                0x0000000008001bd8       0x40 ./Core/USER_API/UHAL/UHAL_USART/uhal_usart.o
 .text.LL_DMA_EnableIT_DME
                0x0000000008001c18       0x40 ./Core/USER_API/UHAL/UHAL_USART/uhal_usart.o
 .text.LL_DMA_EnableIT_FE
                0x0000000008001c58       0x40 ./Core/USER_API/UHAL/UHAL_USART/uhal_usart.o
 .text.LL_USART_Enable
                0x0000000008001c98       0x20 ./Core/USER_API/UHAL/UHAL_USART/uhal_usart.o
 .text.LL_USART_EnableDirectionRx
                0x0000000008001cb8       0x50 ./Core/USER_API/UHAL/UHAL_USART/uhal_usart.o
 .text.LL_USART_EnableDirectionTx
                0x0000000008001d08       0x50 ./Core/USER_API/UHAL/UHAL_USART/uhal_usart.o
 .text.LL_USART_ConfigAsyncMode
                0x0000000008001d58       0x2c ./Core/USER_API/UHAL/UHAL_USART/uhal_usart.o
 .text.LL_USART_IsActiveFlag_TC
                0x0000000008001d84       0x26 ./Core/USER_API/UHAL/UHAL_USART/uhal_usart.o
 .text.LL_USART_IsActiveFlag_TXE
                0x0000000008001daa       0x26 ./Core/USER_API/UHAL/UHAL_USART/uhal_usart.o
 .text.LL_USART_EnableIT_IDLE
                0x0000000008001dd0       0x50 ./Core/USER_API/UHAL/UHAL_USART/uhal_usart.o
 .text.LL_USART_EnableIT_RXNE
                0x0000000008001e20       0x50 ./Core/USER_API/UHAL/UHAL_USART/uhal_usart.o
 .text.LL_USART_EnableIT_PE
                0x0000000008001e70       0x50 ./Core/USER_API/UHAL/UHAL_USART/uhal_usart.o
 .text.LL_USART_EnableIT_ERROR
                0x0000000008001ec0       0x50 ./Core/USER_API/UHAL/UHAL_USART/uhal_usart.o
 .text.LL_USART_EnableDMAReq_RX
                0x0000000008001f10       0x50 ./Core/USER_API/UHAL/UHAL_USART/uhal_usart.o
 .text.LL_USART_TransmitData8
                0x0000000008001f60       0x1e ./Core/USER_API/UHAL/UHAL_USART/uhal_usart.o
 *fill*         0x0000000008001f7e        0x2 
 .text._ZN11UHAL_USART110initializeEm
                0x0000000008001f80      0x17c ./Core/USER_API/UHAL/UHAL_USART/uhal_usart.o
                0x0000000008001f80                UHAL_USART1::initialize(unsigned long)
 .text._ZN11UHAL_USART14sendEh
                0x00000000080020fc       0x5c ./Core/USER_API/UHAL/UHAL_USART/uhal_usart.o
                0x00000000080020fc                UHAL_USART1::send(unsigned char)
 .text._ZN11UHAL_USART120interruptReceiveInitEv
                0x0000000008002158       0x40 ./Core/USER_API/UHAL/UHAL_USART/uhal_usart.o
                0x0000000008002158                UHAL_USART1::interruptReceiveInit()
 .text._ZN11UHAL_USART110developing8fristRunEjt
                0x0000000008002198       0x4c ./Core/USER_API/UHAL/UHAL_USART/uhal_usart.o
                0x0000000008002198                UHAL_USART1::developing::fristRun(unsigned int, unsigned short)
 .text._ZN11UHAL_USART16enableEv
                0x00000000080021e4       0x14 ./Core/USER_API/UHAL/UHAL_USART/uhal_usart.o
                0x00000000080021e4                UHAL_USART1::enable()
 .text._ZN11UHAL_USART117enableTransmitterEv
                0x00000000080021f8       0x14 ./Core/USER_API/UHAL/UHAL_USART/uhal_usart.o
                0x00000000080021f8                UHAL_USART1::enableTransmitter()
 .text._ZN11UHAL_USART112transmitDataEh
                0x000000000800220c       0x20 ./Core/USER_API/UHAL/UHAL_USART/uhal_usart.o
                0x000000000800220c                UHAL_USART1::transmitData(unsigned char)
 .text._ZN11UHAL_USART121enableInterruptHandleEhh
                0x000000000800222c       0x36 ./Core/USER_API/UHAL/UHAL_USART/uhal_usart.o
                0x000000000800222c                UHAL_USART1::enableInterruptHandle(unsigned char, unsigned char)
 *fill*         0x0000000008002262        0x2 
 .text._ZN11UHAL_USART114enableReceiverEv
                0x0000000008002264       0x14 ./Core/USER_API/UHAL/UHAL_USART/uhal_usart.o
                0x0000000008002264                UHAL_USART1::enableReceiver()
 .text.LL_GPIO_SetPinMode
                0x0000000008002278       0x5e ./Drivers/STM32F4xx_HAL_Driver/Src/stm32f4xx_ll_gpio.o
 .text.LL_GPIO_SetPinOutputType
                0x00000000080022d6       0x30 ./Drivers/STM32F4xx_HAL_Driver/Src/stm32f4xx_ll_gpio.o
 .text.LL_GPIO_SetPinSpeed
                0x0000000008002306       0x5e ./Drivers/STM32F4xx_HAL_Driver/Src/stm32f4xx_ll_gpio.o
 .text.LL_GPIO_SetPinPull
                0x0000000008002364       0x5e ./Drivers/STM32F4xx_HAL_Driver/Src/stm32f4xx_ll_gpio.o
 .text.LL_GPIO_SetAFPin_0_7
                0x00000000080023c2       0x5e ./Drivers/STM32F4xx_HAL_Driver/Src/stm32f4xx_ll_gpio.o
 .text.LL_GPIO_SetAFPin_8_15
                0x0000000008002420       0x62 ./Drivers/STM32F4xx_HAL_Driver/Src/stm32f4xx_ll_gpio.o
 .text.LL_GPIO_Init
                0x0000000008002482       0xe6 ./Drivers/STM32F4xx_HAL_Driver/Src/stm32f4xx_ll_gpio.o
                0x0000000008002482                LL_GPIO_Init
 .text.LL_RCC_GetSysClkSource
                0x0000000008002568       0x1c ./Drivers/STM32F4xx_HAL_Driver/Src/stm32f4xx_ll_rcc.o
 .text.LL_RCC_GetAHBPrescaler
                0x0000000008002584       0x1c ./Drivers/STM32F4xx_HAL_Driver/Src/stm32f4xx_ll_rcc.o
 .text.LL_RCC_GetAPB1Prescaler
                0x00000000080025a0       0x1c ./Drivers/STM32F4xx_HAL_Driver/Src/stm32f4xx_ll_rcc.o
 .text.LL_RCC_GetAPB2Prescaler
                0x00000000080025bc       0x1c ./Drivers/STM32F4xx_HAL_Driver/Src/stm32f4xx_ll_rcc.o
 .text.LL_RCC_PLL_GetMainSource
                0x00000000080025d8       0x1c ./Drivers/STM32F4xx_HAL_Driver/Src/stm32f4xx_ll_rcc.o
 .text.LL_RCC_PLL_GetN
                0x00000000080025f4       0x1c ./Drivers/STM32F4xx_HAL_Driver/Src/stm32f4xx_ll_rcc.o
 .text.LL_RCC_PLL_GetP
                0x0000000008002610       0x1c ./Drivers/STM32F4xx_HAL_Driver/Src/stm32f4xx_ll_rcc.o
 .text.LL_RCC_PLL_GetDivider
                0x000000000800262c       0x1c ./Drivers/STM32F4xx_HAL_Driver/Src/stm32f4xx_ll_rcc.o
 .text.LL_RCC_GetSystemClocksFreq
                0x0000000008002648       0x4a ./Drivers/STM32F4xx_HAL_Driver/Src/stm32f4xx_ll_rcc.o
                0x0000000008002648                LL_RCC_GetSystemClocksFreq
 *fill*         0x0000000008002692        0x2 
 .text.RCC_GetSystemClockFreq
                0x0000000008002694       0x50 ./Drivers/STM32F4xx_HAL_Driver/Src/stm32f4xx_ll_rcc.o
                0x0000000008002694                RCC_GetSystemClockFreq
 .text.RCC_GetHCLKClockFreq
                0x00000000080026e4       0x2c ./Drivers/STM32F4xx_HAL_Driver/Src/stm32f4xx_ll_rcc.o
                0x00000000080026e4                RCC_GetHCLKClockFreq
 .text.RCC_GetPCLK1ClockFreq
                0x0000000008002710       0x28 ./Drivers/STM32F4xx_HAL_Driver/Src/stm32f4xx_ll_rcc.o
                0x0000000008002710                RCC_GetPCLK1ClockFreq
 .text.RCC_GetPCLK2ClockFreq
                0x0000000008002738       0x28 ./Drivers/STM32F4xx_HAL_Driver/Src/stm32f4xx_ll_rcc.o
                0x0000000008002738                RCC_GetPCLK2ClockFreq
 .text.RCC_PLL_GetFreqDomain_SYS
                0x0000000008002760       0x7c ./Drivers/STM32F4xx_HAL_Driver/Src/stm32f4xx_ll_rcc.o
                0x0000000008002760                RCC_PLL_GetFreqDomain_SYS
 .text.LL_USART_IsEnabled
                0x00000000080027dc       0x28 ./Drivers/STM32F4xx_HAL_Driver/Src/stm32f4xx_ll_usart.o
 .text.LL_USART_SetStopBitsLength
                0x0000000008002804       0x26 ./Drivers/STM32F4xx_HAL_Driver/Src/stm32f4xx_ll_usart.o
 .text.LL_USART_SetHWFlowCtrl
                0x000000000800282a       0x26 ./Drivers/STM32F4xx_HAL_Driver/Src/stm32f4xx_ll_usart.o
 .text.LL_USART_SetBaudRate
                0x0000000008002850      0x458 ./Drivers/STM32F4xx_HAL_Driver/Src/stm32f4xx_ll_usart.o
 .text.LL_USART_Init
                0x0000000008002ca8      0x100 ./Drivers/STM32F4xx_HAL_Driver/Src/stm32f4xx_ll_usart.o
                0x0000000008002ca8                LL_USART_Init
 .text.LL_InitTick
                0x0000000008002da8       0x34 ./Drivers/STM32F4xx_HAL_Driver/Src/stm32f4xx_ll_utils.o
 .text.LL_Init1msTick
                0x0000000008002ddc       0x1a ./Drivers/STM32F4xx_HAL_Driver/Src/stm32f4xx_ll_utils.o
                0x0000000008002ddc                LL_Init1msTick
 *fill*         0x0000000008002df6        0x2 
 .text.LL_mDelay
                0x0000000008002df8       0x4c ./Drivers/STM32F4xx_HAL_Driver/Src/stm32f4xx_ll_utils.o
                0x0000000008002df8                LL_mDelay
 .text.LL_SetSystemCoreClock
                0x0000000008002e44       0x20 ./Drivers/STM32F4xx_HAL_Driver/Src/stm32f4xx_ll_utils.o
                0x0000000008002e44                LL_SetSystemCoreClock
 .text.__libc_init_array
                0x0000000008002e64       0x48 c:/st/stm32cubeide_1.8.0/stm32cubeide/plugins/com.st.stm32cube.ide.mcu.externaltools.gnu-tools-for-stm32.10.3-2021.10.win32_1.0.0.202111181127/tools/bin/../lib/gcc/arm-none-eabi/10.3.1/../../../../arm-none-eabi/lib/thumb/v7e-m+fp/hard\libc_nano.a(lib_a-init.o)
                0x0000000008002e64                __libc_init_array
 *(.glue_7)
 .glue_7        0x0000000008002eac        0x0 linker stubs
 *(.glue_7t)
 .glue_7t       0x0000000008002eac        0x0 linker stubs
 *(.eh_frame)
 .eh_frame      0x0000000008002eac        0x0 c:/st/stm32cubeide_1.8.0/stm32cubeide/plugins/com.st.stm32cube.ide.mcu.externaltools.gnu-tools-for-stm32.10.3-2021.10.win32_1.0.0.202111181127/tools/bin/../lib/gcc/arm-none-eabi/10.3.1/thumb/v7e-m+fp/hard/crtbegin.o
 *(.init)
 .init          0x0000000008002eac        0x4 c:/st/stm32cubeide_1.8.0/stm32cubeide/plugins/com.st.stm32cube.ide.mcu.externaltools.gnu-tools-for-stm32.10.3-2021.10.win32_1.0.0.202111181127/tools/bin/../lib/gcc/arm-none-eabi/10.3.1/thumb/v7e-m+fp/hard/crti.o
                0x0000000008002eac                _init
 .init          0x0000000008002eb0        0x8 c:/st/stm32cubeide_1.8.0/stm32cubeide/plugins/com.st.stm32cube.ide.mcu.externaltools.gnu-tools-for-stm32.10.3-2021.10.win32_1.0.0.202111181127/tools/bin/../lib/gcc/arm-none-eabi/10.3.1/thumb/v7e-m+fp/hard/crtn.o
 *(.fini)
 .fini          0x0000000008002eb8        0x4 c:/st/stm32cubeide_1.8.0/stm32cubeide/plugins/com.st.stm32cube.ide.mcu.externaltools.gnu-tools-for-stm32.10.3-2021.10.win32_1.0.0.202111181127/tools/bin/../lib/gcc/arm-none-eabi/10.3.1/thumb/v7e-m+fp/hard/crti.o
                0x0000000008002eb8                _fini
 .fini          0x0000000008002ebc        0x8 c:/st/stm32cubeide_1.8.0/stm32cubeide/plugins/com.st.stm32cube.ide.mcu.externaltools.gnu-tools-for-stm32.10.3-2021.10.win32_1.0.0.202111181127/tools/bin/../lib/gcc/arm-none-eabi/10.3.1/thumb/v7e-m+fp/hard/crtn.o
                0x0000000008002ec4                . = ALIGN (0x4)
                0x0000000008002ec4                _etext = .

.vfp11_veneer   0x0000000008002ec4        0x0
 .vfp11_veneer  0x0000000008002ec4        0x0 linker stubs

.v4_bx          0x0000000008002ec4        0x0
 .v4_bx         0x0000000008002ec4        0x0 linker stubs

.iplt           0x0000000008002ec4        0x0
 .iplt          0x0000000008002ec4        0x0 c:/st/stm32cubeide_1.8.0/stm32cubeide/plugins/com.st.stm32cube.ide.mcu.externaltools.gnu-tools-for-stm32.10.3-2021.10.win32_1.0.0.202111181127/tools/bin/../lib/gcc/arm-none-eabi/10.3.1/thumb/v7e-m+fp/hard/crtbegin.o

.rodata         0x0000000008002ec4       0x28
                0x0000000008002ec4                . = ALIGN (0x4)
 *(.rodata)
 *(.rodata*)
 .rodata.AHBPrescTable
                0x0000000008002ec4       0x10 ./Core/Src/system_stm32f4xx.o
                0x0000000008002ec4                AHBPrescTable
 .rodata.APBPrescTable
                0x0000000008002ed4        0x8 ./Core/Src/system_stm32f4xx.o
                0x0000000008002ed4                APBPrescTable
 .rodata._ZL17STREAM_OFFSET_TAB
                0x0000000008002edc        0x8 ./Core/USER_API/UHAL/UHAL_DMA/UHAL_DMA.o
 .rodata._ZL17STREAM_OFFSET_TAB
                0x0000000008002ee4        0x8 ./Core/USER_API/UHAL/UHAL_USART/uhal_usart.o
                0x0000000008002eec                . = ALIGN (0x4)

.ARM.extab      0x0000000008002eec        0x0
                0x0000000008002eec                . = ALIGN (0x4)
 *(.ARM.extab* .gnu.linkonce.armextab.*)
                0x0000000008002eec                . = ALIGN (0x4)

.ARM            0x0000000008002eec        0x8
                0x0000000008002eec                . = ALIGN (0x4)
                0x0000000008002eec                __exidx_start = .
 *(.ARM.exidx*)
 .ARM.exidx     0x0000000008002eec        0x8 c:/st/stm32cubeide_1.8.0/stm32cubeide/plugins/com.st.stm32cube.ide.mcu.externaltools.gnu-tools-for-stm32.10.3-2021.10.win32_1.0.0.202111181127/tools/bin/../lib/gcc/arm-none-eabi/10.3.1/thumb/v7e-m+fp/hard\libgcc.a(_udivmoddi4.o)
                0x0000000008002ef4                __exidx_end = .
                0x0000000008002ef4                . = ALIGN (0x4)

.rel.dyn        0x0000000008002ef4        0x0
 .rel.iplt      0x0000000008002ef4        0x0 c:/st/stm32cubeide_1.8.0/stm32cubeide/plugins/com.st.stm32cube.ide.mcu.externaltools.gnu-tools-for-stm32.10.3-2021.10.win32_1.0.0.202111181127/tools/bin/../lib/gcc/arm-none-eabi/10.3.1/thumb/v7e-m+fp/hard/crtbegin.o

.preinit_array  0x0000000008002ef4        0x0
                0x0000000008002ef4                . = ALIGN (0x4)
                0x0000000008002ef4                PROVIDE (__preinit_array_start = .)
 *(.preinit_array*)
                0x0000000008002ef4                PROVIDE (__preinit_array_end = .)
                0x0000000008002ef4                . = ALIGN (0x4)

.init_array     0x0000000008002ef4        0x8
                0x0000000008002ef4                . = ALIGN (0x4)
                0x0000000008002ef4                PROVIDE (__init_array_start = .)
 *(SORT_BY_NAME(.init_array.*))
 *(.init_array*)
 .init_array    0x0000000008002ef4        0x4 c:/st/stm32cubeide_1.8.0/stm32cubeide/plugins/com.st.stm32cube.ide.mcu.externaltools.gnu-tools-for-stm32.10.3-2021.10.win32_1.0.0.202111181127/tools/bin/../lib/gcc/arm-none-eabi/10.3.1/thumb/v7e-m+fp/hard/crtbegin.o
 .init_array    0x0000000008002ef8        0x4 ./Core/USER_API/UHAL/UHAL_INTERRUPT_HANDLER/UHAL_INTERRUPT HANDLER.o
                0x0000000008002efc                PROVIDE (__init_array_end = .)
                0x0000000008002efc                . = ALIGN (0x4)

.fini_array     0x0000000008002efc        0x8
                0x0000000008002efc                . = ALIGN (0x4)
                [!provide]                        PROVIDE (__fini_array_start = .)
 *(SORT_BY_NAME(.fini_array.*))
 *(.fini_array*)
 .fini_array    0x0000000008002efc        0x4 c:/st/stm32cubeide_1.8.0/stm32cubeide/plugins/com.st.stm32cube.ide.mcu.externaltools.gnu-tools-for-stm32.10.3-2021.10.win32_1.0.0.202111181127/tools/bin/../lib/gcc/arm-none-eabi/10.3.1/thumb/v7e-m+fp/hard/crtbegin.o
 .fini_array    0x0000000008002f00        0x4 ./Core/USER_API/UHAL/UHAL_INTERRUPT_HANDLER/UHAL_INTERRUPT HANDLER.o
                [!provide]                        PROVIDE (__fini_array_end = .)
                0x0000000008002f04                . = ALIGN (0x4)
                0x0000000008002f04                _sidata = LOADADDR (.data)

.data           0x0000000020000000        0x4 load address 0x0000000008002f04
                0x0000000020000000                . = ALIGN (0x4)
                0x0000000020000000                _sdata = .
 *(.data)
 *(.data*)
 .data.SystemCoreClock
                0x0000000020000000        0x4 ./Core/Src/system_stm32f4xx.o
                0x0000000020000000                SystemCoreClock
 *(.RamFunc)
 *(.RamFunc*)
                0x0000000020000004                . = ALIGN (0x4)
                0x0000000020000004                _edata = .
                0x0000000008002f08                _siccmram = LOADADDR (.ccmram)

.igot.plt       0x0000000020000004        0x0 load address 0x0000000008002f08
 .igot.plt      0x0000000020000004        0x0 c:/st/stm32cubeide_1.8.0/stm32cubeide/plugins/com.st.stm32cube.ide.mcu.externaltools.gnu-tools-for-stm32.10.3-2021.10.win32_1.0.0.202111181127/tools/bin/../lib/gcc/arm-none-eabi/10.3.1/thumb/v7e-m+fp/hard/crtbegin.o

.ccmram         0x0000000010000000        0x0 load address 0x0000000008002f08
                0x0000000010000000                . = ALIGN (0x4)
                0x0000000010000000                _sccmram = .
 *(.ccmram)
 *(.ccmram*)
                0x0000000010000000                . = ALIGN (0x4)
                0x0000000010000000                _eccmram = .
                0x0000000010000000                . = ALIGN (0x4)

.bss            0x0000000020000004       0x70
                0x0000000020000004                _sbss = .
                0x0000000020000004                __bss_start__ = _sbss
 *(.bss)
 .bss           0x0000000020000004       0x1c c:/st/stm32cubeide_1.8.0/stm32cubeide/plugins/com.st.stm32cube.ide.mcu.externaltools.gnu-tools-for-stm32.10.3-2021.10.win32_1.0.0.202111181127/tools/bin/../lib/gcc/arm-none-eabi/10.3.1/thumb/v7e-m+fp/hard/crtbegin.o
 *(.bss*)
 .bss.adcOverrun
                0x0000000020000020        0x4 ./Core/Src/main.o
                0x0000000020000020                adcOverrun
 .bss.adcComp   0x0000000020000024        0x4 ./Core/Src/main.o
                0x0000000020000024                adcComp
 .bss.dmaInterrupt
                0x0000000020000028        0x4 ./Core/Src/main.o
                0x0000000020000028                dmaInterrupt
 .bss.dmaHalfTrans
                0x000000002000002c        0x4 ./Core/Src/main.o
                0x000000002000002c                dmaHalfTrans
 .bss.dmaCompTrans
                0x0000000020000030        0x4 ./Core/Src/main.o
                0x0000000020000030                dmaCompTrans
 .bss.dmaTransError
                0x0000000020000034        0x4 ./Core/Src/main.o
                0x0000000020000034                dmaTransError
 .bss.dmaFifoOverUnder
                0x0000000020000038        0x4 ./Core/Src/main.o
                0x0000000020000038                dmaFifoOverUnder
 .bss.dmaDirectModeERROR
                0x000000002000003c        0x4 ./Core/Src/main.o
                0x000000002000003c                dmaDirectModeERROR
 .bss.usartDMA  0x0000000020000040        0x4 ./Core/Src/main.o
                0x0000000020000040                usartDMA
 .bss.usartInterrupt
                0x0000000020000044        0x4 ./Core/Src/main.o
                0x0000000020000044                usartInterrupt
 .bss.usartErro
                0x0000000020000048        0x4 ./Core/Src/main.o
                0x0000000020000048                usartErro
 .bss.usartIdel
                0x000000002000004c        0x4 ./Core/Src/main.o
                0x000000002000004c                usartIdel
 .bss.usartBuffer
                0x0000000020000050       0x14 ./Core/Src/main.o
                0x0000000020000050                usartBuffer
 .bss.interruptCallback
                0x0000000020000064       0x10 ./Core/USER_API/UHAL/UHAL_INTERRUPT_HANDLER/UHAL_INTERRUPT HANDLER.o
                0x0000000020000064                interruptCallback
 *(COMMON)
                0x0000000020000074                . = ALIGN (0x4)
                0x0000000020000074                _ebss = .
                0x0000000020000074                __bss_end__ = _ebss

._user_heap_stack
                0x0000000020000074      0x604
                0x0000000020000078                . = ALIGN (0x8)
 *fill*         0x0000000020000074        0x4 
                [!provide]                        PROVIDE (end = .)
                0x0000000020000078                PROVIDE (_end = .)
                0x0000000020000278                . = (. + _Min_Heap_Size)
 *fill*         0x0000000020000078      0x200 
                0x0000000020000678                . = (. + _Min_Stack_Size)
 *fill*         0x0000000020000278      0x400 
                0x0000000020000678                . = ALIGN (0x8)

/DISCARD/
 libc.a(*)
 libm.a(*)
 libgcc.a(*)

.ARM.attributes
                0x0000000000000000       0x30
 *(.ARM.attributes)
 .ARM.attributes
                0x0000000000000000       0x1e c:/st/stm32cubeide_1.8.0/stm32cubeide/plugins/com.st.stm32cube.ide.mcu.externaltools.gnu-tools-for-stm32.10.3-2021.10.win32_1.0.0.202111181127/tools/bin/../lib/gcc/arm-none-eabi/10.3.1/thumb/v7e-m+fp/hard/crti.o
 .ARM.attributes
                0x000000000000001e       0x34 c:/st/stm32cubeide_1.8.0/stm32cubeide/plugins/com.st.stm32cube.ide.mcu.externaltools.gnu-tools-for-stm32.10.3-2021.10.win32_1.0.0.202111181127/tools/bin/../lib/gcc/arm-none-eabi/10.3.1/thumb/v7e-m+fp/hard/crtbegin.o
 .ARM.attributes
                0x0000000000000052       0x34 ./Core/Src/gpio.o
 .ARM.attributes
                0x0000000000000086       0x34 ./Core/Src/main.o
 .ARM.attributes
                0x00000000000000ba       0x34 ./Core/Src/stm32f4xx_it.o
 .ARM.attributes
                0x00000000000000ee       0x34 ./Core/Src/system_stm32f4xx.o
 .ARM.attributes
                0x0000000000000122       0x21 ./Core/Startup/startup_stm32f407vgtx.o
 .ARM.attributes
                0x0000000000000143       0x34 ./Core/USER_API/UHAL/UHAL_DMA/UHAL_DMA.o
 .ARM.attributes
                0x0000000000000177       0x34 ./Core/USER_API/UHAL/UHAL_INTERRUPT_HANDLER/UHAL_INTERRUPT HANDLER.o
 .ARM.attributes
                0x00000000000001ab       0x34 ./Core/USER_API/UHAL/UHAL_USART/uhal_usart.o
 .ARM.attributes
                0x00000000000001df       0x34 ./Drivers/STM32F4xx_HAL_Driver/Src/stm32f4xx_ll_gpio.o
 .ARM.attributes
                0x0000000000000213       0x34 ./Drivers/STM32F4xx_HAL_Driver/Src/stm32f4xx_ll_rcc.o
 .ARM.attributes
                0x0000000000000247       0x34 ./Drivers/STM32F4xx_HAL_Driver/Src/stm32f4xx_ll_usart.o
 .ARM.attributes
                0x000000000000027b       0x34 ./Drivers/STM32F4xx_HAL_Driver/Src/stm32f4xx_ll_utils.o
 .ARM.attributes
                0x00000000000002af       0x34 c:/st/stm32cubeide_1.8.0/stm32cubeide/plugins/com.st.stm32cube.ide.mcu.externaltools.gnu-tools-for-stm32.10.3-2021.10.win32_1.0.0.202111181127/tools/bin/../lib/gcc/arm-none-eabi/10.3.1/../../../../arm-none-eabi/lib/thumb/v7e-m+fp/hard\libc_nano.a(lib_a-init.o)
 .ARM.attributes
                0x00000000000002e3       0x1e c:/st/stm32cubeide_1.8.0/stm32cubeide/plugins/com.st.stm32cube.ide.mcu.externaltools.gnu-tools-for-stm32.10.3-2021.10.win32_1.0.0.202111181127/tools/bin/../lib/gcc/arm-none-eabi/10.3.1/thumb/v7e-m+fp/hard\libgcc.a(_aeabi_uldivmod.o)
 .ARM.attributes
                0x0000000000000301       0x34 c:/st/stm32cubeide_1.8.0/stm32cubeide/plugins/com.st.stm32cube.ide.mcu.externaltools.gnu-tools-for-stm32.10.3-2021.10.win32_1.0.0.202111181127/tools/bin/../lib/gcc/arm-none-eabi/10.3.1/thumb/v7e-m+fp/hard\libgcc.a(_udivmoddi4.o)
 .ARM.attributes
                0x0000000000000335       0x1e c:/st/stm32cubeide_1.8.0/stm32cubeide/plugins/com.st.stm32cube.ide.mcu.externaltools.gnu-tools-for-stm32.10.3-2021.10.win32_1.0.0.202111181127/tools/bin/../lib/gcc/arm-none-eabi/10.3.1/thumb/v7e-m+fp/hard\libgcc.a(_dvmd_tls.o)
 .ARM.attributes
                0x0000000000000353       0x1e c:/st/stm32cubeide_1.8.0/stm32cubeide/plugins/com.st.stm32cube.ide.mcu.externaltools.gnu-tools-for-stm32.10.3-2021.10.win32_1.0.0.202111181127/tools/bin/../lib/gcc/arm-none-eabi/10.3.1/thumb/v7e-m+fp/hard/crtn.o
OUTPUT(CarMotionSim_Sampler.elf elf32-littlearm)
LOAD linker stubs
LOAD c:/st/stm32cubeide_1.8.0/stm32cubeide/plugins/com.st.stm32cube.ide.mcu.externaltools.gnu-tools-for-stm32.10.3-2021.10.win32_1.0.0.202111181127/tools/bin/../lib/gcc/arm-none-eabi/10.3.1/../../../../arm-none-eabi/lib/thumb/v7e-m+fp/hard\libc.a
LOAD c:/st/stm32cubeide_1.8.0/stm32cubeide/plugins/com.st.stm32cube.ide.mcu.externaltools.gnu-tools-for-stm32.10.3-2021.10.win32_1.0.0.202111181127/tools/bin/../lib/gcc/arm-none-eabi/10.3.1/../../../../arm-none-eabi/lib/thumb/v7e-m+fp/hard\libm.a
LOAD c:/st/stm32cubeide_1.8.0/stm32cubeide/plugins/com.st.stm32cube.ide.mcu.externaltools.gnu-tools-for-stm32.10.3-2021.10.win32_1.0.0.202111181127/tools/bin/../lib/gcc/arm-none-eabi/10.3.1/thumb/v7e-m+fp/hard\libgcc.a

.debug_info     0x0000000000000000    0x21d39
 .debug_info    0x0000000000000000      0x4f7 ./Core/Src/gpio.o
 .debug_info    0x00000000000004f7     0xce40 ./Core/Src/main.o
 .debug_info    0x000000000000d337     0x59e8 ./Core/Src/stm32f4xx_it.o
 .debug_info    0x0000000000012d1f      0x518 ./Core/Src/system_stm32f4xx.o
 .debug_info    0x0000000000013237       0x22 ./Core/Startup/startup_stm32f407vgtx.o
 .debug_info    0x0000000000013259     0x13b0 ./Core/USER_API/UHAL/UHAL_DMA/UHAL_DMA.o
 .debug_info    0x0000000000014609      0xfec ./Core/USER_API/UHAL/UHAL_INTERRUPT_HANDLER/UHAL_INTERRUPT HANDLER.o
 .debug_info    0x00000000000155f5     0xa6ab ./Core/USER_API/UHAL/UHAL_USART/uhal_usart.o
 .debug_info    0x000000000001fca0      0x83d ./Drivers/STM32F4xx_HAL_Driver/Src/stm32f4xx_ll_gpio.o
 .debug_info    0x00000000000204dd      0x7d7 ./Drivers/STM32F4xx_HAL_Driver/Src/stm32f4xx_ll_rcc.o
 .debug_info    0x0000000000020cb4      0x746 ./Drivers/STM32F4xx_HAL_Driver/Src/stm32f4xx_ll_usart.o
 .debug_info    0x00000000000213fa      0x93f ./Drivers/STM32F4xx_HAL_Driver/Src/stm32f4xx_ll_utils.o

.debug_abbrev   0x0000000000000000     0x3113
 .debug_abbrev  0x0000000000000000      0x18e ./Core/Src/gpio.o
 .debug_abbrev  0x000000000000018e      0xd28 ./Core/Src/main.o
 .debug_abbrev  0x0000000000000eb6      0x72a ./Core/Src/stm32f4xx_it.o
 .debug_abbrev  0x00000000000015e0      0x113 ./Core/Src/system_stm32f4xx.o
 .debug_abbrev  0x00000000000016f3       0x12 ./Core/Startup/startup_stm32f407vgtx.o
 .debug_abbrev  0x0000000000001705      0x33e ./Core/USER_API/UHAL/UHAL_DMA/UHAL_DMA.o
 .debug_abbrev  0x0000000000001a43      0x573 ./Core/USER_API/UHAL/UHAL_INTERRUPT_HANDLER/UHAL_INTERRUPT HANDLER.o
 .debug_abbrev  0x0000000000001fb6      0x97b ./Core/USER_API/UHAL/UHAL_USART/uhal_usart.o
 .debug_abbrev  0x0000000000002931      0x20b ./Drivers/STM32F4xx_HAL_Driver/Src/stm32f4xx_ll_gpio.o
 .debug_abbrev  0x0000000000002b3c      0x1e4 ./Drivers/STM32F4xx_HAL_Driver/Src/stm32f4xx_ll_rcc.o
 .debug_abbrev  0x0000000000002d20      0x1dd ./Drivers/STM32F4xx_HAL_Driver/Src/stm32f4xx_ll_usart.o
 .debug_abbrev  0x0000000000002efd      0x216 ./Drivers/STM32F4xx_HAL_Driver/Src/stm32f4xx_ll_utils.o

.debug_aranges  0x0000000000000000      0xa68
 .debug_aranges
                0x0000000000000000       0x30 ./Core/Src/gpio.o
 .debug_aranges
                0x0000000000000030      0x300 ./Core/Src/main.o
 .debug_aranges
                0x0000000000000330       0x70 ./Core/Src/stm32f4xx_it.o
 .debug_aranges
                0x00000000000003a0       0x28 ./Core/Src/system_stm32f4xx.o
 .debug_aranges
                0x00000000000003c8       0x28 ./Core/Startup/startup_stm32f407vgtx.o
 .debug_aranges
                0x00000000000003f0      0x128 ./Core/USER_API/UHAL/UHAL_DMA/UHAL_DMA.o
 .debug_aranges
                0x0000000000000518       0x50 ./Core/USER_API/UHAL/UHAL_INTERRUPT_HANDLER/UHAL_INTERRUPT HANDLER.o
 .debug_aranges
                0x0000000000000568      0x1f8 ./Core/USER_API/UHAL/UHAL_USART/uhal_usart.o
 .debug_aranges
                0x0000000000000760       0x70 ./Drivers/STM32F4xx_HAL_Driver/Src/stm32f4xx_ll_gpio.o
 .debug_aranges
                0x00000000000007d0      0x118 ./Drivers/STM32F4xx_HAL_Driver/Src/stm32f4xx_ll_rcc.o
 .debug_aranges
                0x00000000000008e8       0x88 ./Drivers/STM32F4xx_HAL_Driver/Src/stm32f4xx_ll_usart.o
 .debug_aranges
                0x0000000000000970       0xf8 ./Drivers/STM32F4xx_HAL_Driver/Src/stm32f4xx_ll_utils.o

.debug_ranges   0x0000000000000000      0x9b0
 .debug_ranges  0x0000000000000000       0x20 ./Core/Src/gpio.o
 .debug_ranges  0x0000000000000020      0x2f0 ./Core/Src/main.o
 .debug_ranges  0x0000000000000310       0x60 ./Core/Src/stm32f4xx_it.o
 .debug_ranges  0x0000000000000370       0x18 ./Core/Src/system_stm32f4xx.o
 .debug_ranges  0x0000000000000388       0x20 ./Core/Startup/startup_stm32f407vgtx.o
 .debug_ranges  0x00000000000003a8      0x118 ./Core/USER_API/UHAL/UHAL_DMA/UHAL_DMA.o
 .debug_ranges  0x00000000000004c0       0x40 ./Core/USER_API/UHAL/UHAL_INTERRUPT_HANDLER/UHAL_INTERRUPT HANDLER.o
 .debug_ranges  0x0000000000000500      0x1e8 ./Core/USER_API/UHAL/UHAL_USART/uhal_usart.o
 .debug_ranges  0x00000000000006e8       0x60 ./Drivers/STM32F4xx_HAL_Driver/Src/stm32f4xx_ll_gpio.o
 .debug_ranges  0x0000000000000748      0x108 ./Drivers/STM32F4xx_HAL_Driver/Src/stm32f4xx_ll_rcc.o
 .debug_ranges  0x0000000000000850       0x78 ./Drivers/STM32F4xx_HAL_Driver/Src/stm32f4xx_ll_usart.o
 .debug_ranges  0x00000000000008c8       0xe8 ./Drivers/STM32F4xx_HAL_Driver/Src/stm32f4xx_ll_utils.o

.debug_line     0x0000000000000000     0x7176
 .debug_line    0x0000000000000000      0x2eb ./Core/Src/gpio.o
 .debug_line    0x00000000000002eb     0x1dd6 ./Core/Src/main.o
 .debug_line    0x00000000000020c1      0xc21 ./Core/Src/stm32f4xx_it.o
 .debug_line    0x0000000000002ce2      0x2e2 ./Core/Src/system_stm32f4xx.o
 .debug_line    0x0000000000002fc4       0x88 ./Core/Startup/startup_stm32f407vgtx.o
 .debug_line    0x000000000000304c      0xa05 ./Core/USER_API/UHAL/UHAL_DMA/UHAL_DMA.o
 .debug_line    0x0000000000003a51      0x8d7 ./Core/USER_API/UHAL/UHAL_INTERRUPT_HANDLER/UHAL_INTERRUPT HANDLER.o
 .debug_line    0x0000000000004328     0x1591 ./Core/USER_API/UHAL/UHAL_USART/uhal_usart.o
 .debug_line    0x00000000000058b9      0x54f ./Drivers/STM32F4xx_HAL_Driver/Src/stm32f4xx_ll_gpio.o
 .debug_line    0x0000000000005e08      0x705 ./Drivers/STM32F4xx_HAL_Driver/Src/stm32f4xx_ll_rcc.o
 .debug_line    0x000000000000650d      0x4b5 ./Drivers/STM32F4xx_HAL_Driver/Src/stm32f4xx_ll_usart.o
 .debug_line    0x00000000000069c2      0x7b4 ./Drivers/STM32F4xx_HAL_Driver/Src/stm32f4xx_ll_utils.o

.debug_str      0x0000000000000000    0x109e8
 .debug_str     0x0000000000000000      0x34a ./Core/Src/gpio.o
                                        0x3ee (size before relaxing)
 .debug_str     0x000000000000034a     0xebac ./Core/Src/main.o
                                       0xf3ad (size before relaxing)
 .debug_str     0x000000000000eef6       0xbe ./Core/Src/stm32f4xx_it.o
                                       0x7504 (size before relaxing)
 .debug_str     0x000000000000efb4       0x77 ./Core/Src/system_stm32f4xx.o
                                        0x35b (size before relaxing)
 .debug_str     0x000000000000f02b       0x36 ./Core/Startup/startup_stm32f407vgtx.o
                                         0x5c (size before relaxing)
 .debug_str     0x000000000000f061      0x498 ./Core/USER_API/UHAL/UHAL_DMA/UHAL_DMA.o
                                       0x10ca (size before relaxing)
 .debug_str     0x000000000000f4f9      0x48d ./Core/USER_API/UHAL/UHAL_INTERRUPT_HANDLER/UHAL_INTERRUPT HANDLER.o
                                        0xcff (size before relaxing)
 .debug_str     0x000000000000f986      0x72c ./Core/USER_API/UHAL/UHAL_USART/uhal_usart.o
                                       0xd3c7 (size before relaxing)
 .debug_str     0x00000000000100b2      0x12a ./Drivers/STM32F4xx_HAL_Driver/Src/stm32f4xx_ll_gpio.o
                                        0x46f (size before relaxing)
 .debug_str     0x00000000000101dc      0x401 ./Drivers/STM32F4xx_HAL_Driver/Src/stm32f4xx_ll_rcc.o
                                        0x6fb (size before relaxing)
 .debug_str     0x00000000000105dd      0x1e8 ./Drivers/STM32F4xx_HAL_Driver/Src/stm32f4xx_ll_usart.o
                                        0x5bb (size before relaxing)
 .debug_str     0x00000000000107c5      0x223 ./Drivers/STM32F4xx_HAL_Driver/Src/stm32f4xx_ll_utils.o
                                        0x6f3 (size before relaxing)

.comment        0x0000000000000000       0x50
 .comment       0x0000000000000000       0x50 ./Core/Src/gpio.o
                                         0x51 (size before relaxing)
 .comment       0x0000000000000050       0x51 ./Core/Src/main.o
 .comment       0x0000000000000050       0x51 ./Core/Src/stm32f4xx_it.o
 .comment       0x0000000000000050       0x51 ./Core/Src/system_stm32f4xx.o
 .comment       0x0000000000000050       0x51 ./Core/USER_API/UHAL/UHAL_DMA/UHAL_DMA.o
 .comment       0x0000000000000050       0x51 ./Core/USER_API/UHAL/UHAL_INTERRUPT_HANDLER/UHAL_INTERRUPT HANDLER.o
 .comment       0x0000000000000050       0x51 ./Core/USER_API/UHAL/UHAL_USART/uhal_usart.o
 .comment       0x0000000000000050       0x51 ./Drivers/STM32F4xx_HAL_Driver/Src/stm32f4xx_ll_gpio.o
 .comment       0x0000000000000050       0x51 ./Drivers/STM32F4xx_HAL_Driver/Src/stm32f4xx_ll_rcc.o
 .comment       0x0000000000000050       0x51 ./Drivers/STM32F4xx_HAL_Driver/Src/stm32f4xx_ll_usart.o
 .comment       0x0000000000000050       0x51 ./Drivers/STM32F4xx_HAL_Driver/Src/stm32f4xx_ll_utils.o

.debug_frame    0x0000000000000000     0x2b64
 .debug_frame   0x0000000000000000       0x84 ./Core/Src/gpio.o
 .debug_frame   0x0000000000000084      0xdc8 ./Core/Src/main.o
 .debug_frame   0x0000000000000e4c      0x150 ./Core/Src/stm32f4xx_it.o
 .debug_frame   0x0000000000000f9c       0x58 ./Core/Src/system_stm32f4xx.o
 .debug_frame   0x0000000000000ff4      0x4b0 ./Core/USER_API/UHAL/UHAL_DMA/UHAL_DMA.o
 .debug_frame   0x00000000000014a4      0x100 ./Core/USER_API/UHAL/UHAL_INTERRUPT_HANDLER/UHAL_INTERRUPT HANDLER.o
 .debug_frame   0x00000000000015a4      0x8dc ./Core/USER_API/UHAL/UHAL_USART/uhal_usart.o
 .debug_frame   0x0000000000001e80      0x1c0 ./Drivers/STM32F4xx_HAL_Driver/Src/stm32f4xx_ll_gpio.o
 .debug_frame   0x0000000000002040      0x460 ./Drivers/STM32F4xx_HAL_Driver/Src/stm32f4xx_ll_rcc.o
 .debug_frame   0x00000000000024a0      0x240 ./Drivers/STM32F4xx_HAL_Driver/Src/stm32f4xx_ll_usart.o
 .debug_frame   0x00000000000026e0      0x3f8 ./Drivers/STM32F4xx_HAL_Driver/Src/stm32f4xx_ll_utils.o
 .debug_frame   0x0000000000002ad8       0x2c c:/st/stm32cubeide_1.8.0/stm32cubeide/plugins/com.st.stm32cube.ide.mcu.externaltools.gnu-tools-for-stm32.10.3-2021.10.win32_1.0.0.202111181127/tools/bin/../lib/gcc/arm-none-eabi/10.3.1/../../../../arm-none-eabi/lib/thumb/v7e-m+fp/hard\libc_nano.a(lib_a-init.o)
 .debug_frame   0x0000000000002b04       0x2c c:/st/stm32cubeide_1.8.0/stm32cubeide/plugins/com.st.stm32cube.ide.mcu.externaltools.gnu-tools-for-stm32.10.3-2021.10.win32_1.0.0.202111181127/tools/bin/../lib/gcc/arm-none-eabi/10.3.1/thumb/v7e-m+fp/hard\libgcc.a(_aeabi_uldivmod.o)
 .debug_frame   0x0000000000002b30       0x34 c:/st/stm32cubeide_1.8.0/stm32cubeide/plugins/com.st.stm32cube.ide.mcu.externaltools.gnu-tools-for-stm32.10.3-2021.10.win32_1.0.0.202111181127/tools/bin/../lib/gcc/arm-none-eabi/10.3.1/thumb/v7e-m+fp/hard\libgcc.a(_udivmoddi4.o)
