c:\st\stm32cubeide_1.8.0\stm32cubeide\plugins\com.st.stm32cube.ide.mcu.externaltools.gnu-tools-for-stm32.10.3-2021.10.win32_1.0.0.202111181127\tools\bin\../lib/gcc/arm-none-eabi/10.3.1/../../../../arm-none-eabi/include/c++/10.3.1/arm-none-eabi/thumb/v7e-m+fp/hard/bits/gthr-default.h:229:1:int __gthread_key_delete(__gthread_key_t)	16	static
../Core/Inc/../USER_API/UHAL/Print.h:50:5:Print::Print()	16	static
../Core/Inc/../USER_API/UHAL/Print.h:67:17:virtual int Print::availableForWrite()	16	static
../Core/Inc/../USER_API/UHAL/Print.h:92:18:virtual void Print::flush()	16	static
../Core/Inc/../USER_API/UHAL/Arduino.hpp:63:7:constexpr Arduino::Arduino()	16	static
../Core/Inc/../USER_API/UHAL/uhal_stm32f407_platform.hpp:16:7:constexpr uhal_stm32f407_platform::uhal_stm32f407_platform()	16	static
../Core/Src/LiquidCrystal.cpp:29:1:LiquidCrystal::LiquidCrystal(uint16_t, uint16_t, uint16_t, uint16_t, uint16_t, uint16_t, uint16_t, uint16_t, uint16_t, uint16_t, uint16_t)	64	static
../Core/Src/LiquidCrystal.cpp:36:1:LiquidCrystal::LiquidCrystal(uint16_t, uint16_t, uint16_t, uint16_t, uint16_t, uint16_t, uint16_t, uint16_t, uint16_t, uint16_t)	64	static
../Core/Src/LiquidCrystal.cpp:43:1:LiquidCrystal::LiquidCrystal(uint16_t, uint16_t, uint16_t, uint16_t, uint16_t, uint16_t, uint16_t)	64	static
../Core/Src/LiquidCrystal.cpp:49:1:LiquidCrystal::LiquidCrystal(uint16_t, uint16_t, uint16_t, uint16_t, uint16_t, uint16_t)	64	static
../Core/Src/LiquidCrystal.cpp:55:6:void LiquidCrystal::init(uint16_t, uint16_t, uint16_t, uint16_t, uint16_t, uint16_t, uint16_t, uint16_t, uint16_t, uint16_t, uint16_t, uint16_t)	24	static
../Core/Src/LiquidCrystal.cpp:80:6:void LiquidCrystal::begin(uint16_t, uint16_t, uint16_t)	40	static
../Core/Src/LiquidCrystal.cpp:171:6:void LiquidCrystal::setRowOffsets(int, int, int, int)	24	static
../Core/Src/LiquidCrystal.cpp:180:6:void LiquidCrystal::clear()	16	static
../Core/Src/LiquidCrystal.cpp:186:6:void LiquidCrystal::home()	16	static
../Core/Src/LiquidCrystal.cpp:192:6:void LiquidCrystal::setCursor(uint16_t, uint16_t)	24	static
../Core/Src/LiquidCrystal.cpp:206:6:void LiquidCrystal::noDisplay()	16	static
../Core/Src/LiquidCrystal.cpp:210:6:void LiquidCrystal::display()	16	static
../Core/Src/LiquidCrystal.cpp:216:6:void LiquidCrystal::noCursor()	16	static
../Core/Src/LiquidCrystal.cpp:220:6:void LiquidCrystal::cursor()	16	static
../Core/Src/LiquidCrystal.cpp:226:6:void LiquidCrystal::noBlink()	16	static
../Core/Src/LiquidCrystal.cpp:230:6:void LiquidCrystal::blink()	16	static
../Core/Src/LiquidCrystal.cpp:236:6:void LiquidCrystal::scrollDisplayLeft()	16	static
../Core/Src/LiquidCrystal.cpp:239:6:void LiquidCrystal::scrollDisplayRight()	16	static
../Core/Src/LiquidCrystal.cpp:244:6:void LiquidCrystal::leftToRight()	16	static
../Core/Src/LiquidCrystal.cpp:250:6:void LiquidCrystal::rightToLeft()	16	static
../Core/Src/LiquidCrystal.cpp:256:6:void LiquidCrystal::autoscroll()	16	static
../Core/Src/LiquidCrystal.cpp:262:6:void LiquidCrystal::noAutoscroll()	16	static
../Core/Src/LiquidCrystal.cpp:269:6:void LiquidCrystal::createChar(uint16_t, uint16_t*)	32	static
../Core/Src/LiquidCrystal.cpp:279:13:void LiquidCrystal::command(uint16_t)	16	static
../Core/Src/LiquidCrystal.cpp:283:15:virtual size_t LiquidCrystal::write(uint8_t)	16	static
../Core/Src/LiquidCrystal.cpp:291:6:void LiquidCrystal::send(uint16_t, uint16_t)	16	static
../Core/Src/LiquidCrystal.cpp:307:6:void LiquidCrystal::pulseEnable()	16	static
../Core/Src/LiquidCrystal.cpp:319:6:void LiquidCrystal::write4bits(uint16_t)	24	static
../Core/Src/LiquidCrystal.cpp:327:6:void LiquidCrystal::write8bits(uint16_t)	24	static
