gthr-default.h:229:1:int __gthread_key_delete(__gthread_key_t)	16	static
cmath:592:3:constexpr bool std::isinf(double)	32	static
cmath:619:3:constexpr bool std::isnan(double)	24	static
Print.h:56:12:size_t Print::write(const char*)	24	static
Print.h:61:12:size_t Print::write(const char*, size_t)	24	static
Print.h:67:17:virtual int Print::availableForWrite()	16	static
Print.h:92:18:virtual void Print::flush()	16	static
Print.cpp:36:8:virtual size_t Print::write(const uint8_t*, size_t)	32	static
Print.cpp:46:8:size_t Print::print(const String&)	24	static
Print.cpp:51:8:size_t Print::print(const char*)	16	static
Print.cpp:56:8:size_t Print::print(char)	16	static
Print.cpp:61:8:size_t Print::print(unsigned char, int)	24	static
Print.cpp:66:8:size_t Print::print(int, int)	24	static
Print.cpp:71:8:size_t Print::print(unsigned int, int)	24	static
Print.cpp:76:8:size_t Print::print(long int, int)	32	static
Print.cpp:92:8:size_t Print::print(long unsigned int, int)	24	static
Print.cpp:98:8:size_t Print::print(double, int)	24	static
Print.cpp:103:8:size_t Print::println()	16	static
Print.cpp:108:8:size_t Print::println(const String&)	24	static
Print.cpp:115:8:size_t Print::println(const char*)	24	static
Print.cpp:122:8:size_t Print::println(char)	24	static
Print.cpp:129:8:size_t Print::println(unsigned char, int)	32	static
Print.cpp:136:8:size_t Print::println(int, int)	32	static
Print.cpp:143:8:size_t Print::println(unsigned int, int)	32	static
Print.cpp:150:8:size_t Print::println(long int, int)	32	static
Print.cpp:157:8:size_t Print::println(long unsigned int, int)	32	static
Print.cpp:164:8:size_t Print::println(double, int)	32	static
Print.cpp:172:8:size_t Print::printNumber(long unsigned int, uint8_t)	64	static
Print.cpp:192:8:size_t Print::printFloat(double, uint8_t)	64	static
