Archive member included to satisfy reference by file (symbol)

c:/progra~2/gnu arm embedded toolchain/10 2021.10/bin/../lib/gcc/arm-none-eabi/10.3.1/../../../../arm-none-eabi/lib/thumb/v7e-m/nofp\libstdc++.a(atexit_arm.o)
                              CMakeFiles/CarMotionSim_Sampler.elf.dir/Core/USER_API/UHAL/UHAL_INTERRUPT_HANDLER/UHAL_INTERRUPT_HANDLER.cpp.obj (__aeabi_atexit)
c:/progra~2/gnu arm embedded toolchain/10 2021.10/bin/../lib/gcc/arm-none-eabi/10.3.1/../../../../arm-none-eabi/lib/thumb/v7e-m/nofp\libstdc++.a(class_type_info.o)
                              CMakeFiles/CarMotionSim_Sampler.elf.dir/Core/Src/LiquidCrystal.cpp.obj (vtable for __cxxabiv1::__class_type_info)
c:/progra~2/gnu arm embedded toolchain/10 2021.10/bin/../lib/gcc/arm-none-eabi/10.3.1/../../../../arm-none-eabi/lib/thumb/v7e-m/nofp\libstdc++.a(del_ops.o)
                              CMakeFiles/CarMotionSim_Sampler.elf.dir/Core/Src/main.cpp.obj (operator delete(void*, unsigned int))
c:/progra~2/gnu arm embedded toolchain/10 2021.10/bin/../lib/gcc/arm-none-eabi/10.3.1/../../../../arm-none-eabi/lib/thumb/v7e-m/nofp\libstdc++.a(eh_arm.o)
                              CMakeFiles/CarMotionSim_Sampler.elf.dir/Core/Src/main.cpp.obj (__cxa_end_cleanup)
c:/progra~2/gnu arm embedded toolchain/10 2021.10/bin/../lib/gcc/arm-none-eabi/10.3.1/../../../../arm-none-eabi/lib/thumb/v7e-m/nofp\libstdc++.a(eh_exception.o)
                              c:/progra~2/gnu arm embedded toolchain/10 2021.10/bin/../lib/gcc/arm-none-eabi/10.3.1/../../../../arm-none-eabi/lib/thumb/v7e-m/nofp\libstdc++.a(eh_arm.o) (typeinfo for __cxxabiv1::__forced_unwind)
c:/progra~2/gnu arm embedded toolchain/10 2021.10/bin/../lib/gcc/arm-none-eabi/10.3.1/../../../../arm-none-eabi/lib/thumb/v7e-m/nofp\libstdc++.a(eh_globals.o)
                              c:/progra~2/gnu arm embedded toolchain/10 2021.10/bin/../lib/gcc/arm-none-eabi/10.3.1/../../../../arm-none-eabi/lib/thumb/v7e-m/nofp\libstdc++.a(eh_arm.o) (__cxa_get_globals)
c:/progra~2/gnu arm embedded toolchain/10 2021.10/bin/../lib/gcc/arm-none-eabi/10.3.1/../../../../arm-none-eabi/lib/thumb/v7e-m/nofp\libstdc++.a(eh_personality.o)
                              CMakeFiles/CarMotionSim_Sampler.elf.dir/Core/Src/main.cpp.obj (__gxx_personality_v0)
c:/progra~2/gnu arm embedded toolchain/10 2021.10/bin/../lib/gcc/arm-none-eabi/10.3.1/../../../../arm-none-eabi/lib/thumb/v7e-m/nofp\libstdc++.a(eh_terminate.o)
                              c:/progra~2/gnu arm embedded toolchain/10 2021.10/bin/../lib/gcc/arm-none-eabi/10.3.1/../../../../arm-none-eabi/lib/thumb/v7e-m/nofp\libstdc++.a(eh_arm.o) (std::terminate())
c:/progra~2/gnu arm embedded toolchain/10 2021.10/bin/../lib/gcc/arm-none-eabi/10.3.1/../../../../arm-none-eabi/lib/thumb/v7e-m/nofp\libstdc++.a(eh_unex_handler.o)
                              c:/progra~2/gnu arm embedded toolchain/10 2021.10/bin/../lib/gcc/arm-none-eabi/10.3.1/../../../../arm-none-eabi/lib/thumb/v7e-m/nofp\libstdc++.a(eh_terminate.o) (__cxxabiv1::__unexpected_handler)
c:/progra~2/gnu arm embedded toolchain/10 2021.10/bin/../lib/gcc/arm-none-eabi/10.3.1/../../../../arm-none-eabi/lib/thumb/v7e-m/nofp\libstdc++.a(pure.o)
                              CMakeFiles/CarMotionSim_Sampler.elf.dir/Core/Src/LiquidCrystal.cpp.obj (__cxa_pure_virtual)
c:/progra~2/gnu arm embedded toolchain/10 2021.10/bin/../lib/gcc/arm-none-eabi/10.3.1/../../../../arm-none-eabi/lib/thumb/v7e-m/nofp\libstdc++.a(si_class_type_info.o)
                              CMakeFiles/CarMotionSim_Sampler.elf.dir/Core/Src/uhal_stm32f407_platform.cpp.obj (vtable for __cxxabiv1::__si_class_type_info)
c:/progra~2/gnu arm embedded toolchain/10 2021.10/bin/../lib/gcc/arm-none-eabi/10.3.1/../../../../arm-none-eabi/lib/thumb/v7e-m/nofp\libstdc++.a(tinfo.o)
                              c:/progra~2/gnu arm embedded toolchain/10 2021.10/bin/../lib/gcc/arm-none-eabi/10.3.1/../../../../arm-none-eabi/lib/thumb/v7e-m/nofp\libstdc++.a(class_type_info.o) (std::type_info::~type_info())
c:/progra~2/gnu arm embedded toolchain/10 2021.10/bin/../lib/gcc/arm-none-eabi/10.3.1/../../../../arm-none-eabi/lib/thumb/v7e-m/nofp\libstdc++.a(vmi_class_type_info.o)
                              CMakeFiles/CarMotionSim_Sampler.elf.dir/Core/Src/LiquidCrystal.cpp.obj (vtable for __cxxabiv1::__vmi_class_type_info)
c:/progra~2/gnu arm embedded toolchain/10 2021.10/bin/../lib/gcc/arm-none-eabi/10.3.1/../../../../arm-none-eabi/lib/thumb/v7e-m/nofp\libstdc++.a(vterminate.o)
                              c:/progra~2/gnu arm embedded toolchain/10 2021.10/bin/../lib/gcc/arm-none-eabi/10.3.1/../../../../arm-none-eabi/lib/thumb/v7e-m/nofp\libstdc++.a(eh_terminate.o) (__gnu_cxx::__verbose_terminate_handler())
c:/progra~2/gnu arm embedded toolchain/10 2021.10/bin/../lib/gcc/arm-none-eabi/10.3.1/../../../../arm-none-eabi/lib/thumb/v7e-m/nofp\libstdc++.a(functexcept.o)
[...]
Memory Configuration

Name             Origin             Length             Attributes
CCMRAM           0x10000000         0x00010000         xrw
RAM              0x20000000         0x00020000         xrw
FLASH            0x08000000         0x00100000         xr
*default*        0x00000000         0xffffffff

Linker script and memory map

LOAD c:/progra~2/gnu arm embedded toolchain/10 2021.10/bin/../lib/gcc/arm-none-eabi/10.3.1/thumb/v7e-m/nofp/crti.o
LOAD c:/progra~2/gnu arm embedded toolchain/10 2021.10/bin/../lib/gcc/arm-none-eabi/10.3.1/thumb/v7e-m/nofp/crtbegin.o
LOAD c:/progra~2/gnu arm embedded toolchain/10 2021.10/bin/../lib/gcc/arm-none-eabi/10.3.1/../../../../arm-none-eabi/lib/thumb/v7e-m/nofp/crt0.o
LOAD CMakeFiles/CarMotionSim_Sampler.elf.dir/Core/Src/Arduino.cpp.obj
LOAD CMakeFiles/CarMotionSim_Sampler.elf.dir/Core/Src/LiquidCrystal.cpp.obj
LOAD CMakeFiles/CarMotionSim_Sampler.elf.dir/Core/Src/Print.cpp.obj
LOAD CMakeFiles/CarMotionSim_Sampler.elf.dir/Core/Src/gpio.c.obj
LOAD CMakeFiles/CarMotionSim_Sampler.elf.dir/Core/Src/main.cpp.obj
LOAD CMakeFiles/CarMotionSim_Sampler.elf.dir/Core/Src/stm32f4xx_it.cpp.obj
LOAD CMakeFiles/CarMotionSim_Sampler.elf.dir/Core/Src/syscalls.c.obj
LOAD CMakeFiles/CarMotionSim_Sampler.elf.dir/Core/Src/sysmem.c.obj
LOAD CMakeFiles/CarMotionSim_Sampler.elf.dir/Core/Src/system_stm32f4xx.c.obj
LOAD CMakeFiles/CarMotionSim_Sampler.elf.dir/Core/Src/tim.c.obj
LOAD CMakeFiles/CarMotionSim_Sampler.elf.dir/Core/Src/uhal_stm32f407_platform.cpp.obj
LOAD CMakeFiles/CarMotionSim_Sampler.elf.dir/Core/Src/usart.c.obj
LOAD CMakeFiles/CarMotionSim_Sampler.elf.dir/Core/Startup/startup_stm32f407vgtx.s.obj
LOAD CMakeFiles/CarMotionSim_Sampler.elf.dir/Core/UAPP/UAPP_SIMTOOL.cpp.obj
LOAD CMakeFiles/CarMotionSim_Sampler.elf.dir/Core/USER_API/UHAL/UHAL_ADC/UHAL_ADC.cpp.obj
LOAD CMakeFiles/CarMotionSim_Sampler.elf.dir/Core/USER_API/UHAL/UHAL_DMA/UHAL_DMA.cpp.obj
LOAD CMakeFiles/CarMotionSim_Sampler.elf.dir/Core/USER_API/UHAL/UHAL_INTERRUPT_HANDLER/UHAL_INTERRUPT_HANDLER.cpp.obj
LOAD CMakeFiles/CarMotionSim_Sampler.elf.dir/Core/USER_API/UHAL/UHAL_TIM/uhal_tim.cpp.obj
LOAD CMakeFiles/CarMotionSim_Sampler.elf.dir/Core/USER_API/UHAL/UHAL_USART/uhal_usart.cpp.obj
LOAD CMakeFiles/CarMotionSim_Sampler.elf.dir/Drivers/STM32F4xx_HAL_Driver/Src/stm32f4xx_ll_adc.c.obj
LOAD CMakeFiles/CarMotionSim_Sampler.elf.dir/Drivers/STM32F4xx_HAL_Driver/Src/stm32f4xx_ll_dma.c.obj
LOAD CMakeFiles/CarMotionSim_Sampler.elf.dir/Drivers/STM32F4xx_HAL_Driver/Src/stm32f4xx_ll_exti.c.obj
LOAD CMakeFiles/CarMotionSim_Sampler.elf.dir/Drivers/STM32F4xx_HAL_Driver/Src/stm32f4xx_ll_gpio.c.obj
LOAD CMakeFiles/CarMotionSim_Sampler.elf.dir/Drivers/STM32F4xx_HAL_Driver/Src/stm32f4xx_ll_rcc.c.obj
LOAD CMakeFiles/CarMotionSim_Sampler.elf.dir/Drivers/STM32F4xx_HAL_Driver/Src/stm32f4xx_ll_tim.c.obj
LOAD CMakeFiles/CarMotionSim_Sampler.elf.dir/Drivers/STM32F4xx_HAL_Driver/Src/stm32f4xx_ll_usart.c.obj
LOAD CMakeFiles/CarMotionSim_Sampler.elf.dir/Drivers/STM32F4xx_HAL_Driver/Src/stm32f4xx_ll_utils.c.obj
LOAD c:/progra~2/gnu arm embedded toolchain/10 2021.10/bin/../lib/gcc/arm-none-eabi/10.3.1/../../../../arm-none-eabi/lib/thumb/v7e-m/nofp\libstdc++.a
LOAD c:/progra~2/gnu arm embedded toolchain/10 2021.10/bin/../lib/gcc/arm-none-eabi/10.3.1/../../../../arm-none-eabi/lib/thumb/v7e-m/nofp\libm.a
START GROUP
LOAD c:/progra~2/gnu arm embedded toolchain/10 2021.10/bin/../lib/gcc/arm-none-eabi/10.3.1/thumb/v7e-m/nofp\libgcc.a
LOAD c:/progra~2/gnu arm embedded toolchain/10 2021.10/bin/../lib/gcc/arm-none-eabi/10.3.1/../../../../arm-none-eabi/lib/thumb/v7e-m/nofp\libg.a
LOAD c:/progra~2/gnu arm embedded toolchain/10 2021.10/bin/../lib/gcc/arm-none-eabi/10.3.1/../../../../arm-none-eabi/lib/thumb/v7e-m/nofp\libc.a
END GROUP
LOAD c:/progra~2/gnu arm embedded toolchain/10 2021.10/bin/../lib/gcc/arm-none-eabi/10.3.1/thumb/v7e-m/nofp/crtend.o
LOAD c:/progra~2/gnu arm embedded toolchain/10 2021.10/bin/../lib/gcc/arm-none-eabi/10.3.1/thumb/v7e-m/nofp/crtn.o
                0x20020000                _estack = (ORIGIN (RAM) + LENGTH (RAM))
                0x00000200                _Min_Heap_Size = 0x200
                0x00000400                _Min_Stack_Size = 0x400

.isr_vector     0x08000000      0x188
                0x08000000                . = ALIGN (0x4)
 *(.isr_vector)
 .isr_vector    0x08000000      0x188 CMakeFiles/CarMotionSim_Sampler.elf.dir/Core/Startup/startup_stm32f407vgtx.s.obj
                0x08000000                g_pfnVectors
                0x08000188                . = ALIGN (0x4)

.text           0x080001c0    0x100b8
                0x080001c0                . = ALIGN (0x4)
 *(.text)
 .text          0x080001c0       0x40 c:/progra~2/gnu arm embedded toolchain/10 2021.10/bin/../lib/gcc/arm-none-eabi/10.3.1/thumb/v7e-m/nofp/crtbegin.o
 .text          0x08000200     0x5fa4 c:/progra~2/gnu arm embedded toolchain/10 2021.10/bin/../lib/gcc/arm-none-eabi/10.3.1/../../../../arm-none-eabi/lib/thumb/v7e-m/nofp\libstdc++.a(cp-demangle.o)
                0x080060bc                __cxa_demangle
                0x08006180                __gcclibcxx_demangle_callback
 .text          0x080061a4      0x378 c:/progra~2/gnu arm embedded toolchain/10 2021.10/bin/../lib/gcc/arm-none-eabi/10.3.1/thumb/v7e-m/nofp\libgcc.a(_arm_addsubdf3.o)
                0x080061a4                __aeabi_drsub
                0x080061ac                __aeabi_dsub
                0x080061ac                __subdf3
                0x080061b0                __aeabi_dadd
                0x080061b0                __adddf3
                0x08006428                __floatunsidf
                0x08006428                __aeabi_ui2d
                0x08006448                __floatsidf
                0x08006448                __aeabi_i2d
                0x0800646c                __aeabi_f2d
                0x0800646c                __extendsfdf2
                0x080064b0                __floatundidf
                0x080064b0                __aeabi_ul2d
                0x080064c0                __floatdidf
                0x080064c0                __aeabi_l2d
 .text          0x0800651c      0x424 c:/progra~2/gnu arm embedded toolchain/10 2021.10/bin/../lib/gcc/arm-none-eabi/10.3.1/thumb/v7e-m/nofp\libgcc.a(_arm_muldivdf3.o)
                0x0800651c                __aeabi_dmul
                0x0800651c                __muldf3
                0x08006770                __divdf3
                0x08006770                __aeabi_ddiv
 .text          0x08006940      0x110 c:/progra~2/gnu arm embedded toolchain/10 2021.10/bin/../lib/gcc/arm-none-eabi/10.3.1/thumb/v7e-m/nofp\libgcc.a(_arm_cmpdf2.o)
                0x08006940                __gtdf2
                0x08006940                __gedf2
                0x08006948                __ltdf2
                0x08006948                __ledf2
                0x08006950                __nedf2
                0x08006950                __eqdf2
                0x08006950                __cmpdf2
                0x080069cc                __aeabi_cdrcmple
                0x080069dc                __aeabi_cdcmpeq
                0x080069dc                __aeabi_cdcmple
                0x080069ec                __aeabi_dcmpeq
                0x08006a00                __aeabi_dcmplt
                0x08006a14                __aeabi_dcmple
                0x08006a28                __aeabi_dcmpge
                0x08006a3c                __aeabi_dcmpgt
 .text          0x08006a50       0x2c c:/progra~2/gnu arm embedded toolchain/10 2021.10/bin/../lib/gcc/arm-none-eabi/10.3.1/thumb/v7e-m/nofp\libgcc.a(_arm_unorddf2.o)
                0x08006a50                __unorddf2
                0x08006a50                __aeabi_dcmpun
 .text          0x08006a7c       0x30 c:/progra~2/gnu arm embedded toolchain/10 2021.10/bin/../lib/gcc/arm-none-eabi/10.3.1/thumb/v7e-m/nofp\libgcc.a(_aeabi_uldivmod.o)
                0x08006a7c                __aeabi_uldivmod
 .text          0x08006aac      0x2d0 c:/progra~2/gnu arm embedded toolchain/10 2021.10/bin/../lib/gcc/arm-none-eabi/10.3.1/thumb/v7e-m/nofp\libgcc.a(_udivmoddi4.o)
                0x08006aac                __udivmoddi4
 .text          0x08006d7c      0x9d8 c:/progra~2/gnu arm embedded toolchain/10 2021.10/bin/../lib/gcc/arm-none-eabi/10.3.1/thumb/v7e-m/nofp\libgcc.a(unwind-arm.o)
                0x08007024                _Unwind_GetCFA
                0x08007028                __gnu_Unwind_RaiseException
                0x08007090                __gnu_Unwind_ForcedUnwind
                0x080070a0                __gnu_Unwind_Resume
                0x080070e4                __gnu_Unwind_Resume_or_Rethrow
                0x080070f4                _Unwind_Complete
                0x080070f8                _Unwind_DeleteException
                0x08007104                _Unwind_VRS_Get
                0x08007150                _Unwind_VRS_Set
                0x08007198                __gnu_Unwind_Backtrace
                0x080074c4                __aeabi_unwind_cpp_pr0
                0x080074c8                __aeabi_unwind_cpp_pr1
                0x080074cc                __aeabi_unwind_cpp_pr2
                0x080074d0                _Unwind_VRS_Pop
 .text          0x08007754      0x1ac c:/progra~2/gnu arm embedded toolchain/10 2021.10/bin/../lib/gcc/arm-none-eabi/10.3.1/thumb/v7e-m/nofp\libgcc.a(libunwind.o)
                0x08007754                __restore_core_regs
                0x08007754                restore_core_regs
                0x0800776c                __gnu_Unwind_Restore_VFP
                0x08007774                __gnu_Unwind_Save_VFP
                0x0800777c                __gnu_Unwind_Restore_VFP_D
                0x08007784                __gnu_Unwind_Save_VFP_D
                0x0800778c                __gnu_Unwind_Restore_VFP_D_16_to_31
                0x08007794                __gnu_Unwind_Save_VFP_D_16_to_31
                0x0800779c                __gnu_Unwind_Restore_WMMXD
                0x080077e0                __gnu_Unwind_Save_WMMXD
                0x08007824                __gnu_Unwind_Restore_WMMXC
                0x08007838                __gnu_Unwind_Save_WMMXC
                0x0800784c                ___Unwind_RaiseException
                0x0800784c                _Unwind_RaiseException
                0x08007870                _Unwind_Resume
                0x08007870                ___Unwind_Resume
                0x08007894                _Unwind_Resume_or_Rethrow
                0x08007894                ___Unwind_Resume_or_Rethrow
                0x080078b8                _Unwind_ForcedUnwind
                0x080078b8                ___Unwind_ForcedUnwind
                0x080078dc                ___Unwind_Backtrace
                0x080078dc                _Unwind_Backtrace
 .text          0x08007900      0x350 c:/progra~2/gnu arm embedded toolchain/10 2021.10/bin/../lib/gcc/arm-none-eabi/10.3.1/thumb/v7e-m/nofp\libgcc.a(pr-support.o)
                0x08007958                __gnu_unwind_execute
                0x08007c04                __gnu_unwind_frame
                0x08007c30                _Unwind_GetRegionStart
                0x08007c3c                _Unwind_GetLanguageSpecificData
 .text          0x08007c50        0x4 c:/progra~2/gnu arm embedded toolchain/10 2021.10/bin/../lib/gcc/arm-none-eabi/10.3.1/thumb/v7e-m/nofp\libgcc.a(_dvmd_tls.o)
                0x08007c50                __aeabi_idiv0
                0x08007c50                __aeabi_ldiv0
 *fill*         0x08007c54        0xc 
 .text          0x08007c60       0xa0 c:/progra~2/gnu arm embedded toolchain/10 2021.10/bin/../lib/gcc/arm-none-eabi/10.3.1/../../../../arm-none-eabi/lib/thumb/v7e-m/nofp\libg.a(lib_a-memchr.o)
                0x08007c60                memchr
 .text          0x08007d00      0x134 c:/progra~2/gnu arm embedded toolchain/10 2021.10/bin/../lib/gcc/arm-none-eabi/10.3.1/../../../../arm-none-eabi/lib/thumb/v7e-m/nofp\libg.a(lib_a-memcpy.o)
                0x08007d00                memcpy
 *fill*         0x08007e34        0xc 
 .text          0x08007e40      0x2dc c:/progra~2/gnu arm embedded toolchain/10 2021.10/bin/../lib/gcc/arm-none-eabi/10.3.1/../../../../arm-none-eabi/lib/thumb/v7e-m/nofp\libg.a(lib_a-strcmp.o)
                0x08007e48                strcmp
 *fill*         0x0800811c       0x24 
 .text          0x08008140       0xdc c:/progra~2/gnu arm embedded toolchain/10 2021.10/bin/../lib/gcc/arm-none-eabi/10.3.1/../../../../arm-none-eabi/lib/thumb/v7e-m/nofp\libg.a(lib_a-strlen.o)
                0x08008140                strlen
 .text          0x0800821c       0x50 c:/progra~2/gnu arm embedded toolchain/10 2021.10/bin/../lib/gcc/arm-none-eabi/10.3.1/thumb/v7e-m/nofp\libgcc.a(_arm_fixdfsi.o)
                0x0800821c                __aeabi_d2iz
                0x0800821c                __fixdfsi
 *(.text*)
 .text.MX_GPIO_Init
                0x0800826c       0x60 CMakeFiles/CarMotionSim_Sampler.elf.dir/Core/Src/gpio.c.obj
                0x0800826c                MX_GPIO_Init
 .text.USART6_IRQHandler
                0x080082cc       0xd4 CMakeFiles/CarMotionSim_Sampler.elf.dir/Core/Src/main.cpp.obj
                0x080082cc                USART6_IRQHandler
 .text.DMA2_Stream0_IRQHandler
                0x080083a0       0xac CMakeFiles/CarMotionSim_Sampler.elf.dir/Core/Src/main.cpp.obj
                0x080083a0                DMA2_Stream0_IRQHandler
 .text.DMA2_Stream1_IRQHandler
                0x0800844c       0xcc CMakeFiles/CarMotionSim_Sampler.elf.dir/Core/Src/main.cpp.obj
                0x0800844c                DMA2_Stream1_IRQHandler
 .text.ADC_IRQHandler
                0x08008518       0x48 CMakeFiles/CarMotionSim_Sampler.elf.dir/Core/Src/main.cpp.obj
                0x08008518                ADC_IRQHandler
 .text._Z18SystemClock_Configv
                0x08008560       0xcc CMakeFiles/CarMotionSim_Sampler.elf.dir/Core/Src/main.cpp.obj
                0x08008560                SystemClock_Config()
 .text.main     0x0800862c       0x64 CMakeFiles/CarMotionSim_Sampler.elf.dir/Core/Src/main.cpp.obj
                0x0800862c                main
 .text.NMI_Handler
                0x08008690        0x2 CMakeFiles/CarMotionSim_Sampler.elf.dir/Core/Src/stm32f4xx_it.cpp.obj
                0x08008690                NMI_Handler
 .text.HardFault_Handler
                0x08008692        0x2 CMakeFiles/CarMotionSim_Sampler.elf.dir/Core/Src/stm32f4xx_it.cpp.obj
                0x08008692                HardFault_Handler
 .text.MemManage_Handler
                0x08008694        0x2 CMakeFiles/CarMotionSim_Sampler.elf.dir/Core/Src/stm32f4xx_it.cpp.obj
                0x08008694                MemManage_Handler
 .text.BusFault_Handler
                0x08008696        0x2 CMakeFiles/CarMotionSim_Sampler.elf.dir/Core/Src/stm32f4xx_it.cpp.obj
                0x08008696                BusFault_Handler
 .text.UsageFault_Handler
                0x08008698        0x2 CMakeFiles/CarMotionSim_Sampler.elf.dir/Core/Src/stm32f4xx_it.cpp.obj
                0x08008698                UsageFault_Handler
 .text.SVC_Handler
                0x0800869a        0x2 CMakeFiles/CarMotionSim_Sampler.elf.dir/Core/Src/stm32f4xx_it.cpp.obj
                0x0800869a                SVC_Handler
 .text.DebugMon_Handler
                0x0800869c        0x2 CMakeFiles/CarMotionSim_Sampler.elf.dir/Core/Src/stm32f4xx_it.cpp.obj
                0x0800869c                DebugMon_Handler
 .text.PendSV_Handler
                0x0800869e        0x2 CMakeFiles/CarMotionSim_Sampler.elf.dir/Core/Src/stm32f4xx_it.cpp.obj
                0x0800869e                PendSV_Handler
 .text.SysTick_Handler
                0x080086a0        0x2 CMakeFiles/CarMotionSim_Sampler.elf.dir/Core/Src/stm32f4xx_it.cpp.obj
                0x080086a0                SysTick_Handler
 .text.UART4_IRQHandler
                0x080086a2        0x2 CMakeFiles/CarMotionSim_Sampler.elf.dir/Core/Src/stm32f4xx_it.cpp.obj
                0x080086a2                UART4_IRQHandler
 .text._getpid  0x080086a4        0x4 CMakeFiles/CarMotionSim_Sampler.elf.dir/Core/Src/syscalls.c.obj
                0x080086a4                _getpid
 .text._kill    0x080086a8       0x10 CMakeFiles/CarMotionSim_Sampler.elf.dir/Core/Src/syscalls.c.obj
                0x080086a8                _kill
 .text._exit    0x080086b8        0xc CMakeFiles/CarMotionSim_Sampler.elf.dir/Core/Src/syscalls.c.obj
                0x080086b8                _exit
 .text._read    0x080086c4       0x20 CMakeFiles/CarMotionSim_Sampler.elf.dir/Core/Src/syscalls.c.obj
                0x080086c4                _read
 .text._write   0x080086e4       0x1c CMakeFiles/CarMotionSim_Sampler.elf.dir/Core/Src/syscalls.c.obj
                0x080086e4                _write
 .text._close   0x08008700        0x6 CMakeFiles/CarMotionSim_Sampler.elf.dir/Core/Src/syscalls.c.obj
                0x08008700                _close
 .text._fstat   0x08008706        0xa CMakeFiles/CarMotionSim_Sampler.elf.dir/Core/Src/syscalls.c.obj
                0x08008706                _fstat
 .text._isatty  0x08008710        0x4 CMakeFiles/CarMotionSim_Sampler.elf.dir/Core/Src/syscalls.c.obj
                0x08008710                _isatty
 .text._lseek   0x08008714        0x4 CMakeFiles/CarMotionSim_Sampler.elf.dir/Core/Src/syscalls.c.obj
                0x08008714                _lseek
 .text._sbrk    0x08008718       0x48 CMakeFiles/CarMotionSim_Sampler.elf.dir/Core/Src/sysmem.c.obj
                0x08008718                _sbrk
 .text.SystemInit
                0x08008760        0x2 CMakeFiles/CarMotionSim_Sampler.elf.dir/Core/Src/system_stm32f4xx.c.obj
                0x08008760                SystemInit
 *fill*         0x08008762        0x2 
 .text.Reset_Handler
                0x08008764       0x50 CMakeFiles/CarMotionSim_Sampler.elf.dir/Core/Startup/startup_stm32f407vgtx.s.obj
                0x08008764                Reset_Handler
 .text.Default_Handler
                0x080087b4        0x2 CMakeFiles/CarMotionSim_Sampler.elf.dir/Core/Startup/startup_stm32f407vgtx.s.obj
                0x080087b4                RTC_Alarm_IRQHandler
                0x080087b4                HASH_RNG_IRQHandler
                0x080087b4                EXTI2_IRQHandler
                0x080087b4                TIM8_CC_IRQHandler
                0x080087b4                TIM1_CC_IRQHandler
                0x080087b4                DMA2_Stream5_IRQHandler
                0x080087b4                DMA1_Stream5_IRQHandler
                0x080087b4                PVD_IRQHandler
                0x080087b4                SDIO_IRQHandler
                0x080087b4                TAMP_STAMP_IRQHandler
                0x080087b4                CAN2_RX1_IRQHandler
                0x080087b4                EXTI3_IRQHandler
                0x080087b4                TIM8_TRG_COM_TIM14_IRQHandler
                0x080087b4                TIM1_UP_TIM10_IRQHandler
                0x080087b4                TIM8_UP_TIM13_IRQHandler
                0x080087b4                I2C3_ER_IRQHandler
                0x080087b4                EXTI0_IRQHandler
                0x080087b4                I2C2_EV_IRQHandler
                0x080087b4                DMA1_Stream2_IRQHandler
                0x080087b4                CAN1_RX0_IRQHandler
                0x080087b4                FPU_IRQHandler
                0x080087b4                OTG_HS_WKUP_IRQHandler
                0x080087b4                CAN2_SCE_IRQHandler
                0x080087b4                DMA2_Stream2_IRQHandler
                0x080087b4                SPI1_IRQHandler
                0x080087b4                TIM6_DAC_IRQHandler
                0x080087b4                TIM1_BRK_TIM9_IRQHandler
                0x080087b4                DCMI_IRQHandler
                0x080087b4                CAN2_RX0_IRQHandler
                0x080087b4                DMA2_Stream3_IRQHandler
                0x080087b4                USART3_IRQHandler
                0x080087b4                CAN1_RX1_IRQHandler
                0x080087b4                UART5_IRQHandler
                0x080087b4                TIM4_IRQHandler
                0x080087b4                I2C1_EV_IRQHandler
                0x080087b4                DMA1_Stream6_IRQHandler
                0x080087b4                DMA1_Stream1_IRQHandler
                0x080087b4                TIM3_IRQHandler
                0x080087b4                RCC_IRQHandler
                0x080087b4                TIM8_BRK_TIM12_IRQHandler
                0x080087b4                Default_Handler
                0x080087b4                EXTI15_10_IRQHandler
                0x080087b4                DMA1_Stream7_IRQHandler
                0x080087b4                TIM7_IRQHandler
                0x080087b4                CAN2_TX_IRQHandler
                0x080087b4                TIM5_IRQHandler
                0x080087b4                DMA2_Stream7_IRQHandler
                0x080087b4                I2C3_EV_IRQHandler
                0x080087b4                EXTI9_5_IRQHandler
                0x080087b4                RTC_WKUP_IRQHandler
                0x080087b4                ETH_WKUP_IRQHandler
                0x080087b4                SPI2_IRQHandler
                0x080087b4                OTG_HS_EP1_IN_IRQHandler
                0x080087b4                DMA1_Stream0_IRQHandler
                0x080087b4                CAN1_TX_IRQHandler
                0x080087b4                EXTI4_IRQHandler
                0x080087b4                FSMC_IRQHandler
                0x080087b4                ETH_IRQHandler
                0x080087b4                OTG_HS_EP1_OUT_IRQHandler
                0x080087b4                WWDG_IRQHandler
                0x080087b4                TIM2_IRQHandler
                0x080087b4                OTG_FS_WKUP_IRQHandler
                0x080087b4                TIM1_TRG_COM_TIM11_IRQHandler
                0x080087b4                OTG_HS_IRQHandler
                0x080087b4                EXTI1_IRQHandler
                0x080087b4                USART2_IRQHandler
                0x080087b4                I2C2_ER_IRQHandler
                0x080087b4                CAN1_SCE_IRQHandler
                0x080087b4                FLASH_IRQHandler
                0x080087b4                DMA2_Stream4_IRQHandler
                0x080087b4                USART1_IRQHandler
                0x080087b4                OTG_FS_IRQHandler
                0x080087b4                SPI3_IRQHandler
                0x080087b4                DMA1_Stream4_IRQHandler
                0x080087b4                I2C1_ER_IRQHandler
                0x080087b4                DMA2_Stream6_IRQHandler
                0x080087b4                DMA1_Stream3_IRQHandler
 *fill*         0x080087b6        0x2 
 .text._ZN9UHAL_DMA210DMA_USART616setBufferAddressEj
                0x080087b8        0xc CMakeFiles/CarMotionSim_Sampler.elf.dir/Core/USER_API/UHAL/UHAL_DMA/UHAL_DMA.cpp.obj
                0x080087b8                UHAL_DMA2::DMA_USART6::setBufferAddress(unsigned int)
 .text._ZN9UHAL_DMA210DMA_USART66enableEv
                0x080087c4       0x10 CMakeFiles/CarMotionSim_Sampler.elf.dir/Core/USER_API/UHAL/UHAL_DMA/UHAL_DMA.cpp.obj
                0x080087c4                UHAL_DMA2::DMA_USART6::enable()
 .text._ZN9UHAL_DMA210DMA_USART623setNumberOfDataTransferEt
                0x080087d4       0x14 CMakeFiles/CarMotionSim_Sampler.elf.dir/Core/USER_API/UHAL/UHAL_DMA/UHAL_DMA.cpp.obj
                0x080087d4                UHAL_DMA2::DMA_USART6::setNumberOfDataTransfer(unsigned short)
 .text._ZN9UHAL_DMA210DMA_USART620setPeripheralADDressEj
                0x080087e8        0xc CMakeFiles/CarMotionSim_Sampler.elf.dir/Core/USER_API/UHAL/UHAL_DMA/UHAL_DMA.cpp.obj
                0x080087e8                UHAL_DMA2::DMA_USART6::setPeripheralADDress(unsigned int)
 .text._ZN9UHAL_DMA210DMA_USART610initializeEv
                0x080087f4       0x38 CMakeFiles/CarMotionSim_Sampler.elf.dir/Core/USER_API/UHAL/UHAL_DMA/UHAL_DMA.cpp.obj
                0x080087f4                UHAL_DMA2::DMA_USART6::initialize()
 .text._ZN9UHAL_DMA210DMA_USART67disableEv
                0x0800882c       0x10 CMakeFiles/CarMotionSim_Sampler.elf.dir/Core/USER_API/UHAL/UHAL_DMA/UHAL_DMA.cpp.obj
                0x0800882c                UHAL_DMA2::DMA_USART6::disable()
 .text._ZN9UHAL_DMA210DMA_USART610isDisabledEv
                0x0800883c       0x14 CMakeFiles/CarMotionSim_Sampler.elf.dir/Core/USER_API/UHAL/UHAL_DMA/UHAL_DMA.cpp.obj
                0x0800883c                UHAL_DMA2::DMA_USART6::isDisabled()
 .text._ZNSt8functionIFvvEED2Ev
                0x08008850       0x12 CMakeFiles/CarMotionSim_Sampler.elf.dir/Core/USER_API/UHAL/UHAL_INTERRUPT_HANDLER/UHAL_INTERRUPT_HANDLER.cpp.obj
                0x08008850                std::function<void ()>::~function()
                0x08008850                std::function<void ()>::~function()
 *fill*         0x08008862        0x2 
 .text._Z41__static_initialization_and_destruction_0ii
                0x08008864       0x30 CMakeFiles/CarMotionSim_Sampler.elf.dir/Core/USER_API/UHAL/UHAL_INTERRUPT_HANDLER/UHAL_INTERRUPT_HANDLER.cpp.obj
 .text._GLOBAL__sub_I_interruptCallback
                0x08008894        0xe CMakeFiles/CarMotionSim_Sampler.elf.dir/Core/USER_API/UHAL/UHAL_INTERRUPT_HANDLER/UHAL_INTERRUPT_HANDLER.cpp.obj
 *fill*         0x080088a2        0x2 
 .text._ZN11UHAL_USART110initializeEm
                0x080088a4      0x150 CMakeFiles/CarMotionSim_Sampler.elf.dir/Core/USER_API/UHAL/UHAL_USART/uhal_usart.cpp.obj
                0x080088a4                UHAL_USART1::initialize(unsigned long)
 .text._ZN11UHAL_USART16enableEv
                0x080089f4       0x10 CMakeFiles/CarMotionSim_Sampler.elf.dir/Core/USER_API/UHAL/UHAL_USART/uhal_usart.cpp.obj
                0x080089f4                UHAL_USART1::enable()
 .text._ZN11UHAL_USART117enableTransmitterEv
                0x08008a04       0x18 CMakeFiles/CarMotionSim_Sampler.elf.dir/Core/USER_API/UHAL/UHAL_USART/uhal_usart.cpp.obj
                0x08008a04                UHAL_USART1::enableTransmitter()
 .text._ZN11UHAL_USART112transmitDataEh
                0x08008a1c        0xc CMakeFiles/CarMotionSim_Sampler.elf.dir/Core/USER_API/UHAL/UHAL_USART/uhal_usart.cpp.obj
                0x08008a1c                UHAL_USART1::transmitData(unsigned char)
 .text._ZN11UHAL_USART14sendEh
                0x08008a28       0x2c CMakeFiles/CarMotionSim_Sampler.elf.dir/Core/USER_API/UHAL/UHAL_USART/uhal_usart.cpp.obj
                0x08008a28                UHAL_USART1::send(unsigned char)
 .text._ZN11UHAL_USART121enableInterruptHandleEhh
                0x08008a54       0x54 CMakeFiles/CarMotionSim_Sampler.elf.dir/Core/USER_API/UHAL/UHAL_USART/uhal_usart.cpp.obj
                0x08008a54                UHAL_USART1::enableInterruptHandle(unsigned char, unsigned char)
 .text._ZN11UHAL_USART114enableReceiverEv
                0x08008aa8       0x18 CMakeFiles/CarMotionSim_Sampler.elf.dir/Core/USER_API/UHAL/UHAL_USART/uhal_usart.cpp.obj
                0x08008aa8                UHAL_USART1::enableReceiver()
 .text._ZN11UHAL_USART120interruptReceiveInitEv
                0x08008ac0       0x6c CMakeFiles/CarMotionSim_Sampler.elf.dir/Core/USER_API/UHAL/UHAL_USART/uhal_usart.cpp.obj
                0x08008ac0                UHAL_USART1::interruptReceiveInit()
 .text._ZN11UHAL_USART110developing8fristRunEjt
                0x08008b2c       0x3c CMakeFiles/CarMotionSim_Sampler.elf.dir/Core/USER_API/UHAL/UHAL_USART/uhal_usart.cpp.obj
                0x08008b2c                UHAL_USART1::developing::fristRun(unsigned int, unsigned short)
 .text.LL_GPIO_Init
                0x08008b68      0x150 CMakeFiles/CarMotionSim_Sampler.elf.dir/Drivers/STM32F4xx_HAL_Driver/Src/stm32f4xx_ll_gpio.c.obj
                0x08008b68                LL_GPIO_Init
 .text.RCC_GetHCLKClockFreq
                0x08008cb8       0x18 CMakeFiles/CarMotionSim_Sampler.elf.dir/Drivers/STM32F4xx_HAL_Driver/Src/stm32f4xx_ll_rcc.c.obj
                0x08008cb8                RCC_GetHCLKClockFreq
 .text.RCC_GetPCLK1ClockFreq
                0x08008cd0       0x18 CMakeFiles/CarMotionSim_Sampler.elf.dir/Drivers/STM32F4xx_HAL_Driver/Src/stm32f4xx_ll_rcc.c.obj
                0x08008cd0                RCC_GetPCLK1ClockFreq
 .text.RCC_GetPCLK2ClockFreq
                0x08008ce8       0x18 CMakeFiles/CarMotionSim_Sampler.elf.dir/Drivers/STM32F4xx_HAL_Driver/Src/stm32f4xx_ll_rcc.c.obj
                0x08008ce8                RCC_GetPCLK2ClockFreq
 .text.RCC_PLL_GetFreqDomain_SYS
                0x08008d00       0x4c CMakeFiles/CarMotionSim_Sampler.elf.dir/Drivers/STM32F4xx_HAL_Driver/Src/stm32f4xx_ll_rcc.c.obj
                0x08008d00                RCC_PLL_GetFreqDomain_SYS
 .text.RCC_GetSystemClockFreq
                0x08008d4c       0x30 CMakeFiles/CarMotionSim_Sampler.elf.dir/Drivers/STM32F4xx_HAL_Driver/Src/stm32f4xx_ll_rcc.c.obj
                0x08008d4c                RCC_GetSystemClockFreq
 .text.LL_RCC_GetSystemClocksFreq
                0x08008d7c       0x20 CMakeFiles/CarMotionSim_Sampler.elf.dir/Drivers/STM32F4xx_HAL_Driver/Src/stm32f4xx_ll_rcc.c.obj
                0x08008d7c                LL_RCC_GetSystemClocksFreq
 .text.LL_USART_Init
                0x08008d9c      0x178 CMakeFiles/CarMotionSim_Sampler.elf.dir/Drivers/STM32F4xx_HAL_Driver/Src/stm32f4xx_ll_usart.c.obj
                0x08008d9c                LL_USART_Init
 .text.LL_Init1msTick
                0x08008f14       0x20 CMakeFiles/CarMotionSim_Sampler.elf.dir/Drivers/STM32F4xx_HAL_Driver/Src/stm32f4xx_ll_utils.c.obj
                0x08008f14                LL_Init1msTick
 .text.LL_SetSystemCoreClock
                0x08008f34        0xc CMakeFiles/CarMotionSim_Sampler.elf.dir/Drivers/STM32F4xx_HAL_Driver/Src/stm32f4xx_ll_utils.c.obj
                0x08008f34                LL_SetSystemCoreClock
 .text.__aeabi_atexit
                0x08008f40        0xc c:/progra~2/gnu arm embedded toolchain/10 2021.10/bin/../lib/gcc/arm-none-eabi/10.3.1/../../../../arm-none-eabi/lib/thumb/v7e-m/nofp\libstdc++.a(atexit_arm.o)
                0x08008f40                __aeabi_atexit
 .text._ZNK10__cxxabiv117__class_type_info11__do_upcastEPKS0_PPv
                0x08008f4c       0x34 c:/progra~2/gnu arm embedded toolchain/10 2021.10/bin/../lib/gcc/arm-none-eabi/10.3.1/../../../../arm-none-eabi/lib/thumb/v7e-m/nofp\libstdc++.a(class_type_info.o)
                0x08008f4c                __cxxabiv1::__class_type_info::__do_upcast(__cxxabiv1::__class_type_info const*, void**) const
 .text._ZNK10__cxxabiv117__class_type_info20__do_find_public_srcEiPKvPKS0_S2_
                0x08008f80        0xc c:/progra~2/gnu arm embedded toolchain/10 2021.10/bin/../lib/gcc/arm-none-eabi/10.3.1/../../../../arm-none-eabi/lib/thumb/v7e-m/nofp\libstdc++.a(class_type_info.o)
                0x08008f80                __cxxabiv1::__class_type_info::__do_find_public_src(int, void const*, __cxxabiv1::__class_type_info const*, void const*) const
 .text._ZN10__cxxabiv117__class_type_infoD2Ev
                0x08008f8c       0x14 c:/progra~2/gnu arm embedded toolchain/10 2021.10/bin/../lib/gcc/arm-none-eabi/10.3.1/../../../../arm-none-eabi/lib/thumb/v7e-m/nofp\libstdc++.a(class_type_info.o)
                0x08008f8c                __cxxabiv1::__class_type_info::~__class_type_info()
                0x08008f8c                __cxxabiv1::__class_type_info::~__class_type_info()
 .text._ZN10__cxxabiv117__class_type_infoD0Ev
                0x08008fa0       0x1c c:/progra~2/gnu arm embedded toolchain/10 2021.10/bin/../lib/gcc/arm-none-eabi/10.3.1/../../../../arm-none-eabi/lib/thumb/v7e-m/nofp\libstdc++.a(class_type_info.o)
                0x08008fa0                __cxxabiv1::__class_type_info::~__class_type_info()
 .text._ZNK10__cxxabiv117__class_type_info12__do_dyncastEiNS0_10__sub_kindEPKS0_PKvS3_S5_RNS0_16__dyncast_resultE
                0x08008fbc       0x44 c:/progra~2/gnu arm embedded toolchain/10 2021.10/bin/../lib/gcc/arm-none-eabi/10.3.1/../../../../arm-none-eabi/lib/thumb/v7e-m/nofp\libstdc++.a(class_type_info.o)
                0x08008fbc                __cxxabiv1::__class_type_info::__do_dyncast(int, __cxxabiv1::__class_type_info::__sub_kind, __cxxabiv1::__class_type_info const*, void const*, __cxxabiv1::__class_type_info const*, void const*, __cxxabiv1::__class_type_info::__dyncast_result&) const
 .text._ZNK10__cxxabiv117__class_type_info11__do_upcastEPKS0_PKvRNS0_15__upcast_resultE
                0x08009000       0x1c c:/progra~2/gnu arm embedded toolchain/10 2021.10/bin/../lib/gcc/arm-none-eabi/10.3.1/../../../../arm-none-eabi/lib/thumb/v7e-m/nofp\libstdc++.a(class_type_info.o)
                0x08009000                __cxxabiv1::__class_type_info::__do_upcast(__cxxabiv1::__class_type_info const*, void const*, __cxxabiv1::__class_type_info::__upcast_result&) const
 .text._ZNK10__cxxabiv117__class_type_info10__do_catchEPKSt9type_infoPPvj
                0x0800901c       0x2c c:/progra~2/gnu arm embedded toolchain/10 2021.10/bin/../lib/gcc/arm-none-eabi/10.3.1/../../../../arm-none-eabi/lib/thumb/v7e-m/nofp\libstdc++.a(class_type_info.o)
                0x0800901c                __cxxabiv1::__class_type_info::__do_catch(std::type_info const*, void**, unsigned int) const
 .text._ZdlPvj  0x08009048        0x4 c:/progra~2/gnu arm embedded toolchain/10 2021.10/bin/../lib/gcc/arm-none-eabi/10.3.1/../../../../arm-none-eabi/lib/thumb/v7e-m/nofp\libstdc++.a(del_ops.o)
                0x08009048                operator delete(void*, unsigned int)
 .text.__cxa_end_cleanup
                0x0800904c        0xc c:/progra~2/gnu arm embedded toolchain/10 2021.10/bin/../lib/gcc/arm-none-eabi/10.3.1/../../../../arm-none-eabi/lib/thumb/v7e-m/nofp\libstdc++.a(eh_arm.o)
                0x0800904c                __cxa_end_cleanup
 .text.__cxa_type_match
                0x08009058       0xb4 c:/progra~2/gnu arm embedded toolchain/10 2021.10/bin/../lib/gcc/arm-none-eabi/10.3.1/../../../../arm-none-eabi/lib/thumb/v7e-m/nofp\libstdc++.a(eh_arm.o)
                0x08009058                __cxa_type_match
 .text.__cxa_begin_cleanup
                0x0800910c       0x64 c:/progra~2/gnu arm embedded toolchain/10 2021.10/bin/../lib/gcc/arm-none-eabi/10.3.1/../../../../arm-none-eabi/lib/thumb/v7e-m/nofp\libstdc++.a(eh_arm.o)
                0x0800910c                __cxa_begin_cleanup
 .text.__gnu_end_cleanup
                0x08009170       0x70 c:/progra~2/gnu arm embedded toolchain/10 2021.10/bin/../lib/gcc/arm-none-eabi/10.3.1/../../../../arm-none-eabi/lib/thumb/v7e-m/nofp\libstdc++.a(eh_arm.o)
                0x08009170                __gnu_end_cleanup
 .text._ZNSt13bad_exceptionD2Ev
                0x080091e0        0x4 c:/progra~2/gnu arm embedded toolchain/10 2021.10/bin/../lib/gcc/arm-none-eabi/10.3.1/../../../../arm-none-eabi/lib/thumb/v7e-m/nofp\libstdc++.a(eh_exception.o)
                0x080091e0                std::bad_exception::~bad_exception()
                0x080091e0                std::bad_exception::~bad_exception()
 .text._ZNKSt13bad_exception4whatEv
                0x080091e4        0x8 c:/progra~2/gnu arm embedded toolchain/10 2021.10/bin/../lib/gcc/arm-none-eabi/10.3.1/../../../../arm-none-eabi/lib/thumb/v7e-m/nofp\libstdc++.a(eh_exception.o)
                0x080091e4                std::bad_exception::what() const
                0x080091e4                transaction clone for std::bad_exception::what() const
 .text._ZNSt13bad_exceptionD0Ev
                0x080091ec       0x10 c:/progra~2/gnu arm embedded toolchain/10 2021.10/bin/../lib/gcc/arm-none-eabi/10.3.1/../../../../arm-none-eabi/lib/thumb/v7e-m/nofp\libstdc++.a(eh_exception.o)
                0x080091ec                std::bad_exception::~bad_exception()
 .text.__cxa_get_globals_fast
                0x080091fc        0x8 c:/progra~2/gnu arm embedded toolchain/10 2021.10/bin/../lib/gcc/arm-none-eabi/10.3.1/../../../../arm-none-eabi/lib/thumb/v7e-m/nofp\libstdc++.a(eh_globals.o)
                0x080091fc                __cxa_get_globals_fast
 .text.__cxa_get_globals
                0x08009204        0x8 c:/progra~2/gnu arm embedded toolchain/10 2021.10/bin/../lib/gcc/arm-none-eabi/10.3.1/../../../../arm-none-eabi/lib/thumb/v7e-m/nofp\libstdc++.a(eh_globals.o)
                0x08009204                __cxa_get_globals
 .text._ZL28read_encoded_value_with_basehjPKhPj
                0x0800920c       0xc0 c:/progra~2/gnu arm embedded toolchain/10 2021.10/bin/../lib/gcc/arm-none-eabi/10.3.1/../../../../arm-none-eabi/lib/thumb/v7e-m/nofp\libstdc++.a(eh_personality.o)
 .text._ZL21base_of_encoded_valuehP15_Unwind_Context
                0x080092cc       0x48 c:/progra~2/gnu arm embedded toolchain/10 2021.10/bin/../lib/gcc/arm-none-eabi/10.3.1/../../../../arm-none-eabi/lib/thumb/v7e-m/nofp\libstdc++.a(eh_personality.o)
 .text._ZL17parse_lsda_headerP15_Unwind_ContextPKhP16lsda_header_info
                0x08009314       0x94 c:/progra~2/gnu arm embedded toolchain/10 2021.10/bin/../lib/gcc/arm-none-eabi/10.3.1/../../../../arm-none-eabi/lib/thumb/v7e-m/nofp\libstdc++.a(eh_personality.o)
 .text.__gxx_personality_v0
                0x080093a8      0x4a8 c:/progra~2/gnu arm embedded toolchain/10 2021.10/bin/../lib/gcc/arm-none-eabi/10.3.1/../../../../arm-none-eabi/lib/thumb/v7e-m/nofp\libstdc++.a(eh_personality.o)
                0x080093a8                __gxx_personality_v0
 .text._ZN10__cxxabiv111__terminateEPFvvE
                0x08009850       0x28 c:/progra~2/gnu arm embedded toolchain/10 2021.10/bin/../lib/gcc/arm-none-eabi/10.3.1/../../../../arm-none-eabi/lib/thumb/v7e-m/nofp\libstdc++.a(eh_terminate.o)
                0x08009850                __cxxabiv1::__terminate(void (*)())
 .text._ZSt9terminatev
                0x08009878       0x14 c:/progra~2/gnu arm embedded toolchain/10 2021.10/bin/../lib/gcc/arm-none-eabi/10.3.1/../../../../arm-none-eabi/lib/thumb/v7e-m/nofp\libstdc++.a(eh_terminate.o)
                0x08009878                std::terminate()
 .text._ZN10__cxxabiv112__unexpectedEPFvvE
                0x0800988c        0x8 c:/progra~2/gnu arm embedded toolchain/10 2021.10/bin/../lib/gcc/arm-none-eabi/10.3.1/../../../../arm-none-eabi/lib/thumb/v7e-m/nofp\libstdc++.a(eh_terminate.o)
                0x0800988c                __cxxabiv1::__unexpected(void (*)())
 .text._ZSt10unexpectedv
                0x08009894       0x14 c:/progra~2/gnu arm embedded toolchain/10 2021.10/bin/../lib/gcc/arm-none-eabi/10.3.1/../../../../arm-none-eabi/lib/thumb/v7e-m/nofp\libstdc++.a(eh_terminate.o)
                0x08009894                std::unexpected()
 .text._ZSt13get_terminatev
                0x080098a8       0x10 c:/progra~2/gnu arm embedded toolchain/10 2021.10/bin/../lib/gcc/arm-none-eabi/10.3.1/../../../../arm-none-eabi/lib/thumb/v7e-m/nofp\libstdc++.a(eh_terminate.o)
                0x080098a8                std::get_terminate()
 .text._ZSt14get_unexpectedv
                0x080098b8       0x10 c:/progra~2/gnu arm embedded toolchain/10 2021.10/bin/../lib/gcc/arm-none-eabi/10.3.1/../../../../arm-none-eabi/lib/thumb/v7e-m/nofp\libstdc++.a(eh_terminate.o)
                0x080098b8                std::get_unexpected()
 .text._ZN10__cxxabiv120__si_class_type_infoD2Ev
                0x080098c8       0x14 c:/progra~2/gnu arm embedded toolchain/10 2021.10/bin/../lib/gcc/arm-none-eabi/10.3.1/../../../../arm-none-eabi/lib/thumb/v7e-m/nofp\libstdc++.a(si_class_type_info.o)
                0x080098c8                __cxxabiv1::__si_class_type_info::~__si_class_type_info()
                0x080098c8                __cxxabiv1::__si_class_type_info::~__si_class_type_info()
 .text._ZN10__cxxabiv120__si_class_type_infoD0Ev
                0x080098dc       0x1c c:/progra~2/gnu arm embedded toolchain/10 2021.10/bin/../lib/gcc/arm-none-eabi/10.3.1/../../../../arm-none-eabi/lib/thumb/v7e-m/nofp\libstdc++.a(si_class_type_info.o)
                0x080098dc                __cxxabiv1::__si_class_type_info::~__si_class_type_info()
 .text._ZNK10__cxxabiv120__si_class_type_info20__do_find_public_srcEiPKvPKNS_17__class_type_infoES2_
                0x080098f8       0x3c c:/progra~2/gnu arm embedded toolchain/10 2021.10/bin/../lib/gcc/arm-none-eabi/10.3.1/../../../../arm-none-eabi/lib/thumb/v7e-m/nofp\libstdc++.a(si_class_type_info.o)
                0x080098f8                __cxxabiv1::__si_class_type_info::__do_find_public_src(int, void const*, __cxxabiv1::__class_type_info const*, void const*) const
 .text._ZNK10__cxxabiv120__si_class_type_info12__do_dyncastEiNS_17__class_type_info10__sub_kindEPKS1_PKvS4_S6_RNS1_16__dyncast_resultE
                0x08009934       0x84 c:/progra~2/gnu arm embedded toolchain/10 2021.10/bin/../lib/gcc/arm-none-eabi/10.3.1/../../../../arm-none-eabi/lib/thumb/v7e-m/nofp\libstdc++.a(si_class_type_info.o)
                0x08009934                __cxxabiv1::__si_class_type_info::__do_dyncast(int, __cxxabiv1::__class_type_info::__sub_kind, __cxxabiv1::__class_type_info const*, void const*, __cxxabiv1::__class_type_info const*, void const*, __cxxabiv1::__class_type_info::__dyncast_result&) const
 .text._ZNK10__cxxabiv120__si_class_type_info11__do_upcastEPKNS_17__class_type_infoEPKvRNS1_15__upcast_resultE
                0x080099b8       0x2c c:/progra~2/gnu arm embedded toolchain/10 2021.10/bin/../lib/gcc/arm-none-eabi/10.3.1/../../../../arm-none-eabi/lib/thumb/v7e-m/nofp\libstdc++.a(si_class_type_info.o)
                0x080099b8                __cxxabiv1::__si_class_type_info::__do_upcast(__cxxabiv1::__class_type_info const*, void const*, __cxxabiv1::__class_type_info::__upcast_result&) const
 .text._ZNSt9type_infoD2Ev
                0x080099e4        0x4 c:/progra~2/gnu arm embedded toolchain/10 2021.10/bin/../lib/gcc/arm-none-eabi/10.3.1/../../../../arm-none-eabi/lib/thumb/v7e-m/nofp\libstdc++.a(tinfo.o)
                0x080099e4                std::type_info::~type_info()
                0x080099e4                std::type_info::~type_info()
 .text._ZNKSt9type_info14__is_pointer_pEv
                0x080099e8        0x4 c:/progra~2/gnu arm embedded toolchain/10 2021.10/bin/../lib/gcc/arm-none-eabi/10.3.1/../../../../arm-none-eabi/lib/thumb/v7e-m/nofp\libstdc++.a(tinfo.o)
                0x080099e8                std::type_info::__is_pointer_p() const
                0x080099e8                std::type_info::__is_function_p() const
 .text._ZNKSt9type_infoeqERKS_
                0x080099ec       0x2c c:/progra~2/gnu arm embedded toolchain/10 2021.10/bin/../lib/gcc/arm-none-eabi/10.3.1/../../../../arm-none-eabi/lib/thumb/v7e-m/nofp\libstdc++.a(tinfo.o)
                0x080099ec                std::type_info::operator==(std::type_info const&) const
 .text._ZN9__gnu_cxx27__verbose_terminate_handlerEv
                0x08009a18      0x10c c:/progra~2/gnu arm embedded toolchain/10 2021.10/bin/../lib/gcc/arm-none-eabi/10.3.1/../../../../arm-none-eabi/lib/thumb/v7e-m/nofp\libstdc++.a(vterminate.o)
                0x08009a18                __gnu_cxx::__verbose_terminate_handler()
 .text._ZdlPv   0x08009b24        0x4 c:/progra~2/gnu arm embedded toolchain/10 2021.10/bin/../lib/gcc/arm-none-eabi/10.3.1/../../../../arm-none-eabi/lib/thumb/v7e-m/nofp\libstdc++.a(del_op.o)
                0x08009b24                operator delete(void*)
 .text._ZN12_GLOBAL__N_14pool4freeEPv.constprop.0
                0x08009b28       0x88 c:/progra~2/gnu arm embedded toolchain/10 2021.10/bin/../lib/gcc/arm-none-eabi/10.3.1/../../../../arm-none-eabi/lib/thumb/v7e-m/nofp\libstdc++.a(eh_alloc.o)
 .text._ZN12_GLOBAL__N_14pool8allocateEj.constprop.0
                0x08009bb0       0x5c c:/progra~2/gnu arm embedded toolchain/10 2021.10/bin/../lib/gcc/arm-none-eabi/10.3.1/../../../../arm-none-eabi/lib/thumb/v7e-m/nofp\libstdc++.a(eh_alloc.o)
 .text.__cxa_allocate_exception
                0x08009c0c       0x30 c:/progra~2/gnu arm embedded toolchain/10 2021.10/bin/../lib/gcc/arm-none-eabi/10.3.1/../../../../arm-none-eabi/lib/thumb/v7e-m/nofp\libstdc++.a(eh_alloc.o)
                0x08009c0c                __cxa_allocate_exception
 .text.__cxa_free_exception
                0x08009c3c       0x20 c:/progra~2/gnu arm embedded toolchain/10 2021.10/bin/../lib/gcc/arm-none-eabi/10.3.1/../../../../arm-none-eabi/lib/thumb/v7e-m/nofp\libstdc++.a(eh_alloc.o)
                0x08009c3c                __cxa_free_exception
 .text.startup._GLOBAL__sub_I__ZN9__gnu_cxx9__freeresEv
                0x08009c5c       0x28 c:/progra~2/gnu arm embedded toolchain/10 2021.10/bin/../lib/gcc/arm-none-eabi/10.3.1/../../../../arm-none-eabi/lib/thumb/v7e-m/nofp\libstdc++.a(eh_alloc.o)
 .text._ZN10__cxxabiv1L24__is_gxx_exception_classEPc
                0x08009c84       0x3c c:/progra~2/gnu arm embedded toolchain/10 2021.10/bin/../lib/gcc/arm-none-eabi/10.3.1/../../../../arm-none-eabi/lib/thumb/v7e-m/nofp\libstdc++.a(eh_call.o)
 .text.__cxa_call_terminate
                0x08009cc0       0x20 c:/progra~2/gnu arm embedded toolchain/10 2021.10/bin/../lib/gcc/arm-none-eabi/10.3.1/../../../../arm-none-eabi/lib/thumb/v7e-m/nofp\libstdc++.a(eh_call.o)
                0x08009cc0                __cxa_call_terminate
 .text.unlikely.__cxa_call_unexpected
                0x08009ce0       0xe4 c:/progra~2/gnu arm embedded toolchain/10 2021.10/bin/../lib/gcc/arm-none-eabi/10.3.1/../../../../arm-none-eabi/lib/thumb/v7e-m/nofp\libstdc++.a(eh_call.o)
                0x08009ce0                __cxa_call_unexpected
 .text.__cxa_begin_catch
                0x08009dc4       0x7c c:/progra~2/gnu arm embedded toolchain/10 2021.10/bin/../lib/gcc/arm-none-eabi/10.3.1/../../../../arm-none-eabi/lib/thumb/v7e-m/nofp\libstdc++.a(eh_catch.o)
                0x08009dc4                __cxa_begin_catch
 .text.__cxa_end_catch
                0x08009e40       0x8c c:/progra~2/gnu arm embedded toolchain/10 2021.10/bin/../lib/gcc/arm-none-eabi/10.3.1/../../../../arm-none-eabi/lib/thumb/v7e-m/nofp\libstdc++.a(eh_catch.o)
                0x08009e40                __cxa_end_catch
 .text._ZL23__gxx_exception_cleanup19_Unwind_Reason_CodeP21_Unwind_Control_Block
                0x08009ecc       0x44 c:/progra~2/gnu arm embedded toolchain/10 2021.10/bin/../lib/gcc/arm-none-eabi/10.3.1/../../../../arm-none-eabi/lib/thumb/v7e-m/nofp\libstdc++.a(eh_throw.o)
 .text.__cxa_init_primary_exception
                0x08009f10       0x58 c:/progra~2/gnu arm embedded toolchain/10 2021.10/bin/../lib/gcc/arm-none-eabi/10.3.1/../../../../arm-none-eabi/lib/thumb/v7e-m/nofp\libstdc++.a(eh_throw.o)
                0x08009f10                __cxa_init_primary_exception
 .text.__cxa_throw
                0x08009f68       0x34 c:/progra~2/gnu arm embedded toolchain/10 2021.10/bin/../lib/gcc/arm-none-eabi/10.3.1/../../../../arm-none-eabi/lib/thumb/v7e-m/nofp\libstdc++.a(eh_throw.o)
                0x08009f68                __cxa_throw
 .text.__cxa_rethrow
                0x08009f9c       0x70 c:/progra~2/gnu arm embedded toolchain/10 2021.10/bin/../lib/gcc/arm-none-eabi/10.3.1/../../../../arm-none-eabi/lib/thumb/v7e-m/nofp\libstdc++.a(eh_throw.o)
                0x08009f9c                __cxa_rethrow
 .text.__cxa_current_exception_type
                0x0800a00c       0x1c c:/progra~2/gnu arm embedded toolchain/10 2021.10/bin/../lib/gcc/arm-none-eabi/10.3.1/../../../../arm-none-eabi/lib/thumb/v7e-m/nofp\libstdc++.a(eh_type.o)
                0x0800a00c                __cxa_current_exception_type
 .text.unlikely
                0x0800a028        0xc c:/progra~2/gnu arm embedded toolchain/10 2021.10/bin/../lib/gcc/arm-none-eabi/10.3.1/thumb/v7e-m/nofp\libgcc.a(pr-support.o)
                0x0800a028                _Unwind_GetDataRelBase
                0x0800a02e                _Unwind_GetTextRelBase
 .text.abort    0x0800a034       0x10 c:/progra~2/gnu arm embedded toolchain/10 2021.10/bin/../lib/gcc/arm-none-eabi/10.3.1/../../../../arm-none-eabi/lib/thumb/v7e-m/nofp\libg.a(lib_a-abort.o)
                0x0800a034                abort
 .text.__cxa_atexit
                0x0800a044        0xc c:/progra~2/gnu arm embedded toolchain/10 2021.10/bin/../lib/gcc/arm-none-eabi/10.3.1/../../../../arm-none-eabi/lib/thumb/v7e-m/nofp\libg.a(lib_a-cxa_atexit.o)
                0x0800a044                __cxa_atexit
 .text.__errno  0x0800a050        0xc c:/progra~2/gnu arm embedded toolchain/10 2021.10/bin/../lib/gcc/arm-none-eabi/10.3.1/../../../../arm-none-eabi/lib/thumb/v7e-m/nofp\libg.a(lib_a-errno.o)
                0x0800a050                __errno
 .text.fputc    0x0800a05c       0x58 c:/progra~2/gnu arm embedded toolchain/10 2021.10/bin/../lib/gcc/arm-none-eabi/10.3.1/../../../../arm-none-eabi/lib/thumb/v7e-m/nofp\libg.a(lib_a-fputc.o)
                0x0800a05c                fputc
 .text._fputs_r
                0x0800a0b4       0x88 c:/progra~2/gnu arm embedded toolchain/10 2021.10/bin/../lib/gcc/arm-none-eabi/10.3.1/../../../../arm-none-eabi/lib/thumb/v7e-m/nofp\libg.a(lib_a-fputs.o)
                0x0800a0b4                _fputs_r
 .text.fputs    0x0800a13c       0x18 c:/progra~2/gnu arm embedded toolchain/10 2021.10/bin/../lib/gcc/arm-none-eabi/10.3.1/../../../../arm-none-eabi/lib/thumb/v7e-m/nofp\libg.a(lib_a-fputs.o)
                0x0800a13c                fputs
 .text.__sfvwrite_r
                0x0800a154      0x2e8 c:/progra~2/gnu arm embedded toolchain/10 2021.10/bin/../lib/gcc/arm-none-eabi/10.3.1/../../../../arm-none-eabi/lib/thumb/v7e-m/nofp\libg.a(lib_a-fvwrite.o)
                0x0800a154                __sfvwrite_r
 .text._fwrite_r
                0x0800a43c       0xa8 c:/progra~2/gnu arm embedded toolchain/10 2021.10/bin/../lib/gcc/arm-none-eabi/10.3.1/../../../../arm-none-eabi/lib/thumb/v7e-m/nofp\libg.a(lib_a-fwrite.o)
                0x0800a43c                _fwrite_r
 .text.fwrite   0x0800a4e4       0x20 c:/progra~2/gnu arm embedded toolchain/10 2021.10/bin/../lib/gcc/arm-none-eabi/10.3.1/../../../../arm-none-eabi/lib/thumb/v7e-m/nofp\libg.a(lib_a-fwrite.o)
                0x0800a4e4                fwrite
 .text.__libc_init_array
                0x0800a504       0x48 c:/progra~2/gnu arm embedded toolchain/10 2021.10/bin/../lib/gcc/arm-none-eabi/10.3.1/../../../../arm-none-eabi/lib/thumb/v7e-m/nofp\libg.a(lib_a-init.o)
                0x0800a504                __libc_init_array
 .text.__retarget_lock_init_recursive
                0x0800a54c        0x4 c:/progra~2/gnu arm embedded toolchain/10 2021.10/bin/../lib/gcc/arm-none-eabi/10.3.1/../../../../arm-none-eabi/lib/thumb/v7e-m/nofp\libg.a(lib_a-lock.o)
                0x0800a54c                __retarget_lock_init_recursive
 .text.__retarget_lock_close_recursive
                0x0800a550        0x4 c:/progra~2/gnu arm embedded toolchain/10 2021.10/bin/../lib/gcc/arm-none-eabi/10.3.1/../../../../arm-none-eabi/lib/thumb/v7e-m/nofp\libg.a(lib_a-lock.o)
                0x0800a550                __retarget_lock_close_recursive
 .text.__retarget_lock_acquire_recursive
                0x0800a554        0x4 c:/progra~2/gnu arm embedded toolchain/10 2021.10/bin/../lib/gcc/arm-none-eabi/10.3.1/../../../../arm-none-eabi/lib/thumb/v7e-m/nofp\libg.a(lib_a-lock.o)
                0x0800a554                __retarget_lock_acquire_recursive
 .text.__retarget_lock_release_recursive
                0x0800a558        0x4 c:/progra~2/gnu arm embedded toolchain/10 2021.10/bin/../lib/gcc/arm-none-eabi/10.3.1/../../../../arm-none-eabi/lib/thumb/v7e-m/nofp\libg.a(lib_a-lock.o)
                0x0800a558                __retarget_lock_release_recursive
 .text.malloc   0x0800a55c       0x10 c:/progra~2/gnu arm embedded toolchain/10 2021.10/bin/../lib/gcc/arm-none-eabi/10.3.1/../../../../arm-none-eabi/lib/thumb/v7e-m/nofp\libg.a(lib_a-malloc.o)
                0x0800a55c                malloc
 .text.free     0x0800a56c       0x10 c:/progra~2/gnu arm embedded toolchain/10 2021.10/bin/../lib/gcc/arm-none-eabi/10.3.1/../../../../arm-none-eabi/lib/thumb/v7e-m/nofp\libg.a(lib_a-malloc.o)
                0x0800a56c                free
 .text._malloc_r
                0x0800a57c      0x560 c:/progra~2/gnu arm embedded toolchain/10 2021.10/bin/../lib/gcc/arm-none-eabi/10.3.1/../../../../arm-none-eabi/lib/thumb/v7e-m/nofp\libg.a(lib_a-mallocr.o)
                0x0800a57c                _malloc_r
 .text.memcmp   0x0800aadc       0x68 c:/progra~2/gnu arm embedded toolchain/10 2021.10/bin/../lib/gcc/arm-none-eabi/10.3.1/../../../../arm-none-eabi/lib/thumb/v7e-m/nofp\libg.a(lib_a-memcmp.o)
                0x0800aadc                memcmp
 .text.memmove  0x0800ab44       0xf8 c:/progra~2/gnu arm embedded toolchain/10 2021.10/bin/../lib/gcc/arm-none-eabi/10.3.1/../../../../arm-none-eabi/lib/thumb/v7e-m/nofp\libg.a(lib_a-memmove.o)
                0x0800ab44                memmove
 .text.memset   0x0800ac3c       0xa4 c:/progra~2/gnu arm embedded toolchain/10 2021.10/bin/../lib/gcc/arm-none-eabi/10.3.1/../../../../arm-none-eabi/lib/thumb/v7e-m/nofp\libg.a(lib_a-memset.o)
                0x0800ac3c                memset
 .text.__malloc_lock
                0x0800ace0        0xc c:/progra~2/gnu arm embedded toolchain/10 2021.10/bin/../lib/gcc/arm-none-eabi/10.3.1/../../../../arm-none-eabi/lib/thumb/v7e-m/nofp\libg.a(lib_a-mlock.o)
                0x0800ace0                __malloc_lock
 .text.__malloc_unlock
                0x0800acec        0xc c:/progra~2/gnu arm embedded toolchain/10 2021.10/bin/../lib/gcc/arm-none-eabi/10.3.1/../../../../arm-none-eabi/lib/thumb/v7e-m/nofp\libg.a(lib_a-mlock.o)
                0x0800acec                __malloc_unlock
 .text._putc_r  0x0800acf8       0x74 c:/progra~2/gnu arm embedded toolchain/10 2021.10/bin/../lib/gcc/arm-none-eabi/10.3.1/../../../../arm-none-eabi/lib/thumb/v7e-m/nofp\libg.a(lib_a-putc.o)
                0x0800acf8                _putc_r
 .text.realloc  0x0800ad6c       0x18 c:/progra~2/gnu arm embedded toolchain/10 2021.10/bin/../lib/gcc/arm-none-eabi/10.3.1/../../../../arm-none-eabi/lib/thumb/v7e-m/nofp\libg.a(lib_a-realloc.o)
                0x0800ad6c                realloc
 .text._realloc_r
                0x0800ad84      0x3d8 c:/progra~2/gnu arm embedded toolchain/10 2021.10/bin/../lib/gcc/arm-none-eabi/10.3.1/../../../../arm-none-eabi/lib/thumb/v7e-m/nofp\libg.a(lib_a-reallocr.o)
                0x0800ad84                _realloc_r
 .text._sbrk_r  0x0800b15c       0x24 c:/progra~2/gnu arm embedded toolchain/10 2021.10/bin/../lib/gcc/arm-none-eabi/10.3.1/../../../../arm-none-eabi/lib/thumb/v7e-m/nofp\libg.a(lib_a-sbrkr.o)
                0x0800b15c                _sbrk_r
 .text.raise    0x0800b180       0x5c c:/progra~2/gnu arm embedded toolchain/10 2021.10/bin/../lib/gcc/arm-none-eabi/10.3.1/../../../../arm-none-eabi/lib/thumb/v7e-m/nofp\libg.a(lib_a-signal.o)
                0x0800b180                raise
 .text._kill_r  0x0800b1dc       0x2c c:/progra~2/gnu arm embedded toolchain/10 2021.10/bin/../lib/gcc/arm-none-eabi/10.3.1/../../../../arm-none-eabi/lib/thumb/v7e-m/nofp\libg.a(lib_a-signalr.o)
                0x0800b1dc                _kill_r
 .text._getpid_r
                0x0800b208        0x4 c:/progra~2/gnu arm embedded toolchain/10 2021.10/bin/../lib/gcc/arm-none-eabi/10.3.1/../../../../arm-none-eabi/lib/thumb/v7e-m/nofp\libg.a(lib_a-signalr.o)
                0x0800b208                _getpid_r
 .text.sprintf  0x0800b20c       0x40 c:/progra~2/gnu arm embedded toolchain/10 2021.10/bin/../lib/gcc/arm-none-eabi/10.3.1/../../../../arm-none-eabi/lib/thumb/v7e-m/nofp\libg.a(lib_a-sprintf.o)
                0x0800b20c                sprintf
 .text.strncmp  0x0800b24c       0x80 c:/progra~2/gnu arm embedded toolchain/10 2021.10/bin/../lib/gcc/arm-none-eabi/10.3.1/../../../../arm-none-eabi/lib/thumb/v7e-m/nofp\libg.a(lib_a-strncmp.o)
                0x0800b24c                strncmp
 .text._svfprintf_r
                0x0800b2cc     0x1a3c c:/progra~2/gnu arm embedded toolchain/10 2021.10/bin/../lib/gcc/arm-none-eabi/10.3.1/../../../../arm-none-eabi/lib/thumb/v7e-m/nofp\libg.a(lib_a-svfprintf.o)
                0x0800b2cc                _svfprintf_r
 .text.__swbuf_r
                0x0800cd08       0xb0 c:/progra~2/gnu arm embedded toolchain/10 2021.10/bin/../lib/gcc/arm-none-eabi/10.3.1/../../../../arm-none-eabi/lib/thumb/v7e-m/nofp\libg.a(lib_a-wbuf.o)
                0x0800cd08                __swbuf_r
 .text._write_r
                0x0800cdb8       0x2c c:/progra~2/gnu arm embedded toolchain/10 2021.10/bin/../lib/gcc/arm-none-eabi/10.3.1/../../../../arm-none-eabi/lib/thumb/v7e-m/nofp\libg.a(lib_a-writer.o)
                0x0800cdb8                _write_r
 .text.__swsetup_r
                0x0800cde4       0xd4 c:/progra~2/gnu arm embedded toolchain/10 2021.10/bin/../lib/gcc/arm-none-eabi/10.3.1/../../../../arm-none-eabi/lib/thumb/v7e-m/nofp\libg.a(lib_a-wsetup.o)
                0x0800cde4                __swsetup_r
 .text.__register_exitproc
                0x0800ceb8       0x8c c:/progra~2/gnu arm embedded toolchain/10 2021.10/bin/../lib/gcc/arm-none-eabi/10.3.1/../../../../arm-none-eabi/lib/thumb/v7e-m/nofp\libg.a(lib_a-__atexit.o)
                0x0800ceb8                __register_exitproc
 .text.startup.register_fini
                0x0800cf44       0x14 c:/progra~2/gnu arm embedded toolchain/10 2021.10/bin/../lib/gcc/arm-none-eabi/10.3.1/../../../../arm-none-eabi/lib/thumb/v7e-m/nofp\libg.a(lib_a-__call_atexit.o)
 .text.atexit   0x0800cf58        0xc c:/progra~2/gnu arm embedded toolchain/10 2021.10/bin/../lib/gcc/arm-none-eabi/10.3.1/../../../../arm-none-eabi/lib/thumb/v7e-m/nofp\libg.a(lib_a-atexit.o)
                0x0800cf58                atexit
 .text._close_r
                0x0800cf64       0x24 c:/progra~2/gnu arm embedded toolchain/10 2021.10/bin/../lib/gcc/arm-none-eabi/10.3.1/../../../../arm-none-eabi/lib/thumb/v7e-m/nofp\libg.a(lib_a-closer.o)
                0x0800cf64                _close_r
 .text.quorem   0x0800cf88      0x124 c:/progra~2/gnu arm embedded toolchain/10 2021.10/bin/../lib/gcc/arm-none-eabi/10.3.1/../../../../arm-none-eabi/lib/thumb/v7e-m/nofp\libg.a(lib_a-dtoa.o)
 *fill*         0x0800d0ac        0x4 
 .text._dtoa_r  0x0800d0b0      0xec4 c:/progra~2/gnu arm embedded toolchain/10 2021.10/bin/../lib/gcc/arm-none-eabi/10.3.1/../../../../arm-none-eabi/lib/thumb/v7e-m/nofp\libg.a(lib_a-dtoa.o)
                0x0800d0b0                _dtoa_r
 .text.__sflush_r
                0x0800df74      0x120 c:/progra~2/gnu arm embedded toolchain/10 2021.10/bin/../lib/gcc/arm-none-eabi/10.3.1/../../../../arm-none-eabi/lib/thumb/v7e-m/nofp\libg.a(lib_a-fflush.o)
                0x0800df74                __sflush_r
 .text._fflush_r
                0x0800e094       0x5c c:/progra~2/gnu arm embedded toolchain/10 2021.10/bin/../lib/gcc/arm-none-eabi/10.3.1/../../../../arm-none-eabi/lib/thumb/v7e-m/nofp\libg.a(lib_a-fflush.o)
                0x0800e094                _fflush_r
 .text._cleanup_r
                0x0800e0f0        0xc c:/progra~2/gnu arm embedded toolchain/10 2021.10/bin/../lib/gcc/arm-none-eabi/10.3.1/../../../../arm-none-eabi/lib/thumb/v7e-m/nofp\libg.a(lib_a-findfp.o)
                0x0800e0f0                _cleanup_r
 .text.__sinit  0x0800e0fc      0x10c c:/progra~2/gnu arm embedded toolchain/10 2021.10/bin/../lib/gcc/arm-none-eabi/10.3.1/../../../../arm-none-eabi/lib/thumb/v7e-m/nofp\libg.a(lib_a-findfp.o)
                0x0800e0fc                __sinit
 .text.__sfp_lock_acquire
                0x0800e208        0xc c:/progra~2/gnu arm embedded toolchain/10 2021.10/bin/../lib/gcc/arm-none-eabi/10.3.1/../../../../arm-none-eabi/lib/thumb/v7e-m/nofp\libg.a(lib_a-findfp.o)
                0x0800e208                __sfp_lock_acquire
 .text.__sfp_lock_release
                0x0800e214        0xc c:/progra~2/gnu arm embedded toolchain/10 2021.10/bin/../lib/gcc/arm-none-eabi/10.3.1/../../../../arm-none-eabi/lib/thumb/v7e-m/nofp\libg.a(lib_a-findfp.o)
                0x0800e214                __sfp_lock_release
 .text.__libc_fini_array
                0x0800e220       0x2c c:/progra~2/gnu arm embedded toolchain/10 2021.10/bin/../lib/gcc/arm-none-eabi/10.3.1/../../../../arm-none-eabi/lib/thumb/v7e-m/nofp\libg.a(lib_a-fini.o)
                0x0800e220                __libc_fini_array
 .text._malloc_trim_r
                0x0800e24c       0xa0 c:/progra~2/gnu arm embedded toolchain/10 2021.10/bin/../lib/gcc/arm-none-eabi/10.3.1/../../../../arm-none-eabi/lib/thumb/v7e-m/nofp\libg.a(lib_a-freer.o)
                0x0800e24c                _malloc_trim_r
 .text._free_r  0x0800e2ec      0x20c c:/progra~2/gnu arm embedded toolchain/10 2021.10/bin/../lib/gcc/arm-none-eabi/10.3.1/../../../../arm-none-eabi/lib/thumb/v7e-m/nofp\libg.a(lib_a-freer.o)
                0x0800e2ec                _free_r
 .text._fwalk_reent
                0x0800e4f8       0x48 c:/progra~2/gnu arm embedded toolchain/10 2021.10/bin/../lib/gcc/arm-none-eabi/10.3.1/../../../../arm-none-eabi/lib/thumb/v7e-m/nofp\libg.a(lib_a-fwalk.o)
                0x0800e4f8                _fwalk_reent
 .text._localeconv_r
                0x0800e540        0x8 c:/progra~2/gnu arm embedded toolchain/10 2021.10/bin/../lib/gcc/arm-none-eabi/10.3.1/../../../../arm-none-eabi/lib/thumb/v7e-m/nofp\libg.a(lib_a-localeconv.o)
                0x0800e540                _localeconv_r
 .text.__smakebuf_r
                0x0800e548       0xe0 c:/progra~2/gnu arm embedded toolchain/10 2021.10/bin/../lib/gcc/arm-none-eabi/10.3.1/../../../../arm-none-eabi/lib/thumb/v7e-m/nofp\libg.a(lib_a-makebuf.o)
                0x0800e548                __smakebuf_r
 .text._Balloc  0x0800e628       0x4c c:/progra~2/gnu arm embedded toolchain/10 2021.10/bin/../lib/gcc/arm-none-eabi/10.3.1/../../../../arm-none-eabi/lib/thumb/v7e-m/nofp\libg.a(lib_a-mprec.o)
                0x0800e628                _Balloc
 .text._Bfree   0x0800e674       0x14 c:/progra~2/gnu arm embedded toolchain/10 2021.10/bin/../lib/gcc/arm-none-eabi/10.3.1/../../../../arm-none-eabi/lib/thumb/v7e-m/nofp\libg.a(lib_a-mprec.o)
                0x0800e674                _Bfree
 .text.__multadd
                0x0800e688       0xa0 c:/progra~2/gnu arm embedded toolchain/10 2021.10/bin/../lib/gcc/arm-none-eabi/10.3.1/../../../../arm-none-eabi/lib/thumb/v7e-m/nofp\libg.a(lib_a-mprec.o)
                0x0800e688                __multadd
 .text.__hi0bits
                0x0800e728       0x40 c:/progra~2/gnu arm embedded toolchain/10 2021.10/bin/../lib/gcc/arm-none-eabi/10.3.1/../../../../arm-none-eabi/lib/thumb/v7e-m/nofp\libg.a(lib_a-mprec.o)
                0x0800e728                __hi0bits
 .text.__lo0bits
                0x0800e768       0x5c c:/progra~2/gnu arm embedded toolchain/10 2021.10/bin/../lib/gcc/arm-none-eabi/10.3.1/../../../../arm-none-eabi/lib/thumb/v7e-m/nofp\libg.a(lib_a-mprec.o)
                0x0800e768                __lo0bits
 .text.__i2b    0x0800e7c4       0x5c c:/progra~2/gnu arm embedded toolchain/10 2021.10/bin/../lib/gcc/arm-none-eabi/10.3.1/../../../../arm-none-eabi/lib/thumb/v7e-m/nofp\libg.a(lib_a-mprec.o)
                0x0800e7c4                __i2b
 .text.__multiply
                0x0800e820      0x15c c:/progra~2/gnu arm embedded toolchain/10 2021.10/bin/../lib/gcc/arm-none-eabi/10.3.1/../../../../arm-none-eabi/lib/thumb/v7e-m/nofp\libg.a(lib_a-mprec.o)
                0x0800e820                __multiply
 .text.__pow5mult
                0x0800e97c       0xc0 c:/progra~2/gnu arm embedded toolchain/10 2021.10/bin/../lib/gcc/arm-none-eabi/10.3.1/../../../../arm-none-eabi/lib/thumb/v7e-m/nofp\libg.a(lib_a-mprec.o)
                0x0800e97c                __pow5mult
 .text.__lshift
                0x0800ea3c       0xf0 c:/progra~2/gnu arm embedded toolchain/10 2021.10/bin/../lib/gcc/arm-none-eabi/10.3.1/../../../../arm-none-eabi/lib/thumb/v7e-m/nofp\libg.a(lib_a-mprec.o)
                0x0800ea3c                __lshift
 .text.__mcmp   0x0800eb2c       0x40 c:/progra~2/gnu arm embedded toolchain/10 2021.10/bin/../lib/gcc/arm-none-eabi/10.3.1/../../../../arm-none-eabi/lib/thumb/v7e-m/nofp\libg.a(lib_a-mprec.o)
                0x0800eb2c                __mcmp
 .text.__mdiff  0x0800eb6c      0x14c c:/progra~2/gnu arm embedded toolchain/10 2021.10/bin/../lib/gcc/arm-none-eabi/10.3.1/../../../../arm-none-eabi/lib/thumb/v7e-m/nofp\libg.a(lib_a-mprec.o)
                0x0800eb6c                __mdiff
 .text.__d2b    0x0800ecb8       0xc4 c:/progra~2/gnu arm embedded toolchain/10 2021.10/bin/../lib/gcc/arm-none-eabi/10.3.1/../../../../arm-none-eabi/lib/thumb/v7e-m/nofp\libg.a(lib_a-mprec.o)
                0x0800ecb8                __d2b
 .text.frexp    0x0800ed7c       0x70 c:/progra~2/gnu arm embedded toolchain/10 2021.10/bin/../lib/gcc/arm-none-eabi/10.3.1/../../../../arm-none-eabi/lib/thumb/v7e-m/nofp\libg.a(lib_a-s_frexp.o)
                0x0800ed7c                frexp
 .text.__sread  0x0800edec       0x24 c:/progra~2/gnu arm embedded toolchain/10 2021.10/bin/../lib/gcc/arm-none-eabi/10.3.1/../../../../arm-none-eabi/lib/thumb/v7e-m/nofp\libg.a(lib_a-stdio.o)
                0x0800edec                __sread
 .text.__swrite
                0x0800ee10       0x40 c:/progra~2/gnu arm embedded toolchain/10 2021.10/bin/../lib/gcc/arm-none-eabi/10.3.1/../../../../arm-none-eabi/lib/thumb/v7e-m/nofp\libg.a(lib_a-stdio.o)
                0x0800ee10                __swrite
 .text.__sseek  0x0800ee50       0x20 c:/progra~2/gnu arm embedded toolchain/10 2021.10/bin/../lib/gcc/arm-none-eabi/10.3.1/../../../../arm-none-eabi/lib/thumb/v7e-m/nofp\libg.a(lib_a-stdio.o)
                0x0800ee50                __sseek
 .text.__sclose
                0x0800ee70        0x8 c:/progra~2/gnu arm embedded toolchain/10 2021.10/bin/../lib/gcc/arm-none-eabi/10.3.1/../../../../arm-none-eabi/lib/thumb/v7e-m/nofp\libg.a(lib_a-stdio.o)
                0x0800ee70                __sclose
 .text.strncpy  0x0800ee78       0x64 c:/progra~2/gnu arm embedded toolchain/10 2021.10/bin/../lib/gcc/arm-none-eabi/10.3.1/../../../../arm-none-eabi/lib/thumb/v7e-m/nofp\libg.a(lib_a-strncpy.o)
                0x0800ee78                strncpy
 .text.__ssprint_r
                0x0800eedc       0xf8 c:/progra~2/gnu arm embedded toolchain/10 2021.10/bin/../lib/gcc/arm-none-eabi/10.3.1/../../../../arm-none-eabi/lib/thumb/v7e-m/nofp\libg.a(lib_a-svfiprintf.o)
                0x0800eedc                __ssprint_r
 .text.__assert_func
                0x0800efd4       0x40 c:/progra~2/gnu arm embedded toolchain/10 2021.10/bin/../lib/gcc/arm-none-eabi/10.3.1/../../../../arm-none-eabi/lib/thumb/v7e-m/nofp\libg.a(lib_a-assert.o)
                0x0800efd4                __assert_func
 .text._calloc_r
                0x0800f014       0x78 c:/progra~2/gnu arm embedded toolchain/10 2021.10/bin/../lib/gcc/arm-none-eabi/10.3.1/../../../../arm-none-eabi/lib/thumb/v7e-m/nofp\libg.a(lib_a-callocr.o)
                0x0800f014                _calloc_r
 .text._fclose_r
                0x0800f08c       0xcc c:/progra~2/gnu arm embedded toolchain/10 2021.10/bin/../lib/gcc/arm-none-eabi/10.3.1/../../../../arm-none-eabi/lib/thumb/v7e-m/nofp\libg.a(lib_a-fclose.o)
                0x0800f08c                _fclose_r
 .text.fiprintf
                0x0800f158       0x28 c:/progra~2/gnu arm embedded toolchain/10 2021.10/bin/../lib/gcc/arm-none-eabi/10.3.1/../../../../arm-none-eabi/lib/thumb/v7e-m/nofp\libg.a(lib_a-fiprintf.o)
                0x0800f158                fiprintf
 .text._fstat_r
                0x0800f180       0x2c c:/progra~2/gnu arm embedded toolchain/10 2021.10/bin/../lib/gcc/arm-none-eabi/10.3.1/../../../../arm-none-eabi/lib/thumb/v7e-m/nofp\libg.a(lib_a-fstatr.o)
                0x0800f180                _fstat_r
 .text._isatty_r
                0x0800f1ac       0x24 c:/progra~2/gnu arm embedded toolchain/10 2021.10/bin/../lib/gcc/arm-none-eabi/10.3.1/../../../../arm-none-eabi/lib/thumb/v7e-m/nofp\libg.a(lib_a-isattyr.o)
                0x0800f1ac                _isatty_r
 .text.__locale_mb_cur_max
                0x0800f1d0        0xc c:/progra~2/gnu arm embedded toolchain/10 2021.10/bin/../lib/gcc/arm-none-eabi/10.3.1/../../../../arm-none-eabi/lib/thumb/v7e-m/nofp\libg.a(lib_a-locale.o)
                0x0800f1d0                __locale_mb_cur_max
 .text._lseek_r
                0x0800f1dc       0x2c c:/progra~2/gnu arm embedded toolchain/10 2021.10/bin/../lib/gcc/arm-none-eabi/10.3.1/../../../../arm-none-eabi/lib/thumb/v7e-m/nofp\libg.a(lib_a-lseekr.o)
                0x0800f1dc                _lseek_r
 .text.__ascii_mbtowc
                0x0800f208       0x2c c:/progra~2/gnu arm embedded toolchain/10 2021.10/bin/../lib/gcc/arm-none-eabi/10.3.1/../../../../arm-none-eabi/lib/thumb/v7e-m/nofp\libg.a(lib_a-mbtowc_r.o)
                0x0800f208                __ascii_mbtowc
 .text._read_r  0x0800f234       0x2c c:/progra~2/gnu arm embedded toolchain/10 2021.10/bin/../lib/gcc/arm-none-eabi/10.3.1/../../../../arm-none-eabi/lib/thumb/v7e-m/nofp\libg.a(lib_a-readr.o)
                0x0800f234                _read_r
 .text.__sprint_r.part.0
                0x0800f260       0x78 c:/progra~2/gnu arm embedded toolchain/10 2021.10/bin/../lib/gcc/arm-none-eabi/10.3.1/../../../../arm-none-eabi/lib/thumb/v7e-m/nofp\libg.a(lib_a-vfiprintf.o)
 .text._vfiprintf_r
                0x0800f2d8      0xda0 c:/progra~2/gnu arm embedded toolchain/10 2021.10/bin/../lib/gcc/arm-none-eabi/10.3.1/../../../../arm-none-eabi/lib/thumb/v7e-m/nofp\libg.a(lib_a-vfiprintf.o)
                0x0800f2d8                _vfiprintf_r
 .text.__sbprintf
                0x08010078       0x80 c:/progra~2/gnu arm embedded toolchain/10 2021.10/bin/../lib/gcc/arm-none-eabi/10.3.1/../../../../arm-none-eabi/lib/thumb/v7e-m/nofp\libg.a(lib_a-vfiprintf.o)
 .text.__ascii_wctomb
                0x080100f8       0x1c c:/progra~2/gnu arm embedded toolchain/10 2021.10/bin/../lib/gcc/arm-none-eabi/10.3.1/../../../../arm-none-eabi/lib/thumb/v7e-m/nofp\libg.a(lib_a-wctomb_r.o)
                0x080100f8                __ascii_wctomb
 .text.__fputwc
                0x08010114       0xa8 c:/progra~2/gnu arm embedded toolchain/10 2021.10/bin/../lib/gcc/arm-none-eabi/10.3.1/../../../../arm-none-eabi/lib/thumb/v7e-m/nofp\libg.a(lib_a-fputwc.o)
                0x08010114                __fputwc
 .text._fputwc_r
                0x080101bc       0x68 c:/progra~2/gnu arm embedded toolchain/10 2021.10/bin/../lib/gcc/arm-none-eabi/10.3.1/../../../../arm-none-eabi/lib/thumb/v7e-m/nofp\libg.a(lib_a-fputwc.o)
                0x080101bc                _fputwc_r
 .text._wcrtomb_r
                0x08010224       0x3c c:/progra~2/gnu arm embedded toolchain/10 2021.10/bin/../lib/gcc/arm-none-eabi/10.3.1/../../../../arm-none-eabi/lib/thumb/v7e-m/nofp\libg.a(lib_a-wcrtomb.o)
                0x08010224                _wcrtomb_r
 *(.glue_7)
 .glue_7        0x08010260        0x0 linker stubs
 *(.glue_7t)
 .glue_7t       0x08010260        0x0 linker stubs
 *(.eh_frame)
 .eh_frame      0x08010260        0x0 c:/progra~2/gnu arm embedded toolchain/10 2021.10/bin/../lib/gcc/arm-none-eabi/10.3.1/thumb/v7e-m/nofp/crtbegin.o
 *(.init)
 .init          0x08010260        0x4 c:/progra~2/gnu arm embedded toolchain/10 2021.10/bin/../lib/gcc/arm-none-eabi/10.3.1/thumb/v7e-m/nofp/crti.o
                0x08010260                _init
 .init          0x08010264        0x8 c:/progra~2/gnu arm embedded toolchain/10 2021.10/bin/../lib/gcc/arm-none-eabi/10.3.1/thumb/v7e-m/nofp/crtn.o
 *(.fini)
 .fini          0x0801026c        0x4 c:/progra~2/gnu arm embedded toolchain/10 2021.10/bin/../lib/gcc/arm-none-eabi/10.3.1/thumb/v7e-m/nofp/crti.o
                0x0801026c                _fini
 .fini          0x08010270        0x8 c:/progra~2/gnu arm embedded toolchain/10 2021.10/bin/../lib/gcc/arm-none-eabi/10.3.1/thumb/v7e-m/nofp/crtn.o
                0x08010278                . = ALIGN (0x4)
                0x08010278                _etext = .

.vfp11_veneer   0x08010278        0x0
 .vfp11_veneer  0x08010278        0x0 linker stubs

.v4_bx          0x08010278        0x0
 .v4_bx         0x08010278        0x0 linker stubs

.iplt           0x08010278        0x0
 .iplt          0x08010278        0x0 c:/progra~2/gnu arm embedded toolchain/10 2021.10/bin/../lib/gcc/arm-none-eabi/10.3.1/thumb/v7e-m/nofp/crtbegin.o

.rodata         0x08010278     0x1698
                0x08010278                . = ALIGN (0x4)
 *(.rodata)
 .rodata        0x08010278      0x7cc c:/progra~2/gnu arm embedded toolchain/10 2021.10/bin/../lib/gcc/arm-none-eabi/10.3.1/../../../../arm-none-eabi/lib/thumb/v7e-m/nofp\libstdc++.a(cp-demangle.o)
 *(.rodata*)
 .rodata.AHBPrescTable
                0x08010a44       0x10 CMakeFiles/CarMotionSim_Sampler.elf.dir/Core/Src/system_stm32f4xx.c.obj
                0x08010a44                AHBPrescTable
 .rodata.APBPrescTable
                0x08010a54        0x8 CMakeFiles/CarMotionSim_Sampler.elf.dir/Core/Src/system_stm32f4xx.c.obj
                0x08010a54                APBPrescTable
 .rodata._ZTIN10__cxxabiv117__class_type_infoE
                0x08010a5c        0xc c:/progra~2/gnu arm embedded toolchain/10 2021.10/bin/../lib/gcc/arm-none-eabi/10.3.1/../../../../arm-none-eabi/lib/thumb/v7e-m/nofp\libstdc++.a(class_type_info.o)
                0x08010a5c                typeinfo for __cxxabiv1::__class_type_info
 .rodata._ZTSN10__cxxabiv117__class_type_infoE
                0x08010a68       0x22 c:/progra~2/gnu arm embedded toolchain/10 2021.10/bin/../lib/gcc/arm-none-eabi/10.3.1/../../../../arm-none-eabi/lib/thumb/v7e-m/nofp\libstdc++.a(class_type_info.o)
                0x08010a68                typeinfo name for __cxxabiv1::__class_type_info
 *fill*         0x08010a8a        0x2 
 .rodata._ZTVN10__cxxabiv117__class_type_infoE
                0x08010a8c       0x2c c:/progra~2/gnu arm embedded toolchain/10 2021.10/bin/../lib/gcc/arm-none-eabi/10.3.1/../../../../arm-none-eabi/lib/thumb/v7e-m/nofp\libstdc++.a(class_type_info.o)
                0x08010a8c                vtable for __cxxabiv1::__class_type_info
 .rodata._ZNKSt13bad_exception4whatEv.str1.4
                0x08010ab8       0x13 c:/progra~2/gnu arm embedded toolchain/10 2021.10/bin/../lib/gcc/arm-none-eabi/10.3.1/../../../../arm-none-eabi/lib/thumb/v7e-m/nofp\libstdc++.a(eh_exception.o)
 *fill*         0x08010acb        0x1 
 .rodata._ZTIN10__cxxabiv115__forced_unwindE
                0x08010acc        0x8 c:/progra~2/gnu arm embedded toolchain/10 2021.10/bin/../lib/gcc/arm-none-eabi/10.3.1/../../../../arm-none-eabi/lib/thumb/v7e-m/nofp\libstdc++.a(eh_exception.o)
                0x08010acc                typeinfo for __cxxabiv1::__forced_unwind
 .rodata._ZTIN10__cxxabiv119__foreign_exceptionE
                0x08010ad4        0x8 c:/progra~2/gnu arm embedded toolchain/10 2021.10/bin/../lib/gcc/arm-none-eabi/10.3.1/../../../../arm-none-eabi/lib/thumb/v7e-m/nofp\libstdc++.a(eh_exception.o)
                0x08010ad4                typeinfo for __cxxabiv1::__foreign_exception
 .rodata._ZTISt13bad_exception
                0x08010adc        0xc c:/progra~2/gnu arm embedded toolchain/10 2021.10/bin/../lib/gcc/arm-none-eabi/10.3.1/../../../../arm-none-eabi/lib/thumb/v7e-m/nofp\libstdc++.a(eh_exception.o)
                0x08010adc                typeinfo for std::bad_exception
 .rodata._ZTISt9exception
                0x08010ae8        0x8 c:/progra~2/gnu arm embedded toolchain/10 2021.10/bin/../lib/gcc/arm-none-eabi/10.3.1/../../../../arm-none-eabi/lib/thumb/v7e-m/nofp\libstdc++.a(eh_exception.o)
                0x08010ae8                typeinfo for std::exception
 .rodata._ZTSN10__cxxabiv115__forced_unwindE
                0x08010af0       0x20 c:/progra~2/gnu arm embedded toolchain/10 2021.10/bin/../lib/gcc/arm-none-eabi/10.3.1/../../../../arm-none-eabi/lib/thumb/v7e-m/nofp\libstdc++.a(eh_exception.o)
                0x08010af0                typeinfo name for __cxxabiv1::__forced_unwind
 .rodata._ZTSN10__cxxabiv119__foreign_exceptionE
                0x08010b10       0x24 c:/progra~2/gnu arm embedded toolchain/10 2021.10/bin/../lib/gcc/arm-none-eabi/10.3.1/../../../../arm-none-eabi/lib/thumb/v7e-m/nofp\libstdc++.a(eh_exception.o)
                0x08010b10                typeinfo name for __cxxabiv1::__foreign_exception
 .rodata._ZTSSt13bad_exception
                0x08010b34       0x12 c:/progra~2/gnu arm embedded toolchain/10 2021.10/bin/../lib/gcc/arm-none-eabi/10.3.1/../../../../arm-none-eabi/lib/thumb/v7e-m/nofp\libstdc++.a(eh_exception.o)
                0x08010b34                typeinfo name for std::bad_exception
 *fill*         0x08010b46        0x2 
 .rodata._ZTSSt9exception
                0x08010b48        0xd c:/progra~2/gnu arm embedded toolchain/10 2021.10/bin/../lib/gcc/arm-none-eabi/10.3.1/../../../../arm-none-eabi/lib/thumb/v7e-m/nofp\libstdc++.a(eh_exception.o)
                0x08010b48                typeinfo name for std::exception
 *fill*         0x08010b55        0x3 
 .rodata._ZTVSt13bad_exception
                0x08010b58       0x14 c:/progra~2/gnu arm embedded toolchain/10 2021.10/bin/../lib/gcc/arm-none-eabi/10.3.1/../../../../arm-none-eabi/lib/thumb/v7e-m/nofp\libstdc++.a(eh_exception.o)
                0x08010b58                vtable for std::bad_exception
 .rodata._ZTIN10__cxxabiv120__si_class_type_infoE
                0x08010b6c        0xc c:/progra~2/gnu arm embedded toolchain/10 2021.10/bin/../lib/gcc/arm-none-eabi/10.3.1/../../../../arm-none-eabi/lib/thumb/v7e-m/nofp\libstdc++.a(si_class_type_info.o)
                0x08010b6c                typeinfo for __cxxabiv1::__si_class_type_info
 .rodata._ZTSN10__cxxabiv120__si_class_type_infoE
                0x08010b78       0x25 c:/progra~2/gnu arm embedded toolchain/10 2021.10/bin/../lib/gcc/arm-none-eabi/10.3.1/../../../../arm-none-eabi/lib/thumb/v7e-m/nofp\libstdc++.a(si_class_type_info.o)
                0x08010b78                typeinfo name for __cxxabiv1::__si_class_type_info
 *fill*         0x08010b9d        0x3 
 .rodata._ZTVN10__cxxabiv120__si_class_type_infoE
                0x08010ba0       0x2c c:/progra~2/gnu arm embedded toolchain/10 2021.10/bin/../lib/gcc/arm-none-eabi/10.3.1/../../../../arm-none-eabi/lib/thumb/v7e-m/nofp\libstdc++.a(si_class_type_info.o)
                0x08010ba0                vtable for __cxxabiv1::__si_class_type_info
 .rodata._ZTISt9type_info
                0x08010bcc        0x8 c:/progra~2/gnu arm embedded toolchain/10 2021.10/bin/../lib/gcc/arm-none-eabi/10.3.1/../../../../arm-none-eabi/lib/thumb/v7e-m/nofp\libstdc++.a(tinfo.o)
                0x08010bcc                typeinfo for std::type_info
 .rodata._ZTSSt9type_info
                0x08010bd4        0xd c:/progra~2/gnu arm embedded toolchain/10 2021.10/bin/../lib/gcc/arm-none-eabi/10.3.1/../../../../arm-none-eabi/lib/thumb/v7e-m/nofp\libstdc++.a(tinfo.o)
                0x08010bd4                typeinfo name for std::type_info
 *fill*         0x08010be1        0x3 
 .rodata._ZN9__gnu_cxx27__verbose_terminate_handlerEv.str1.4
                0x08010be4       0x94 c:/progra~2/gnu arm embedded toolchain/10 2021.10/bin/../lib/gcc/arm-none-eabi/10.3.1/../../../../arm-none-eabi/lib/thumb/v7e-m/nofp\libstdc++.a(vterminate.o)
 .rodata.str1.4
                0x08010c78      0x899 c:/progra~2/gnu arm embedded toolchain/10 2021.10/bin/../lib/gcc/arm-none-eabi/10.3.1/../../../../arm-none-eabi/lib/thumb/v7e-m/nofp\libstdc++.a(cp-demangle.o)
                                0x8e9 (size before relaxing)
 *fill*         0x08011511        0x3 
 .rodata._global_impure_ptr
                0x08011514        0x4 c:/progra~2/gnu arm embedded toolchain/10 2021.10/bin/../lib/gcc/arm-none-eabi/10.3.1/../../../../arm-none-eabi/lib/thumb/v7e-m/nofp\libg.a(lib_a-impure.o)
                0x08011514                _global_impure_ptr
 .rodata._svfprintf_r.str1.4
                0x08011518       0x42 c:/progra~2/gnu arm embedded toolchain/10 2021.10/bin/../lib/gcc/arm-none-eabi/10.3.1/../../../../arm-none-eabi/lib/thumb/v7e-m/nofp\libg.a(lib_a-svfprintf.o)
 *fill*         0x0801155a        0x2 
 .rodata.blanks.1
                0x0801155c       0x10 c:/progra~2/gnu arm embedded toolchain/10 2021.10/bin/../lib/gcc/arm-none-eabi/10.3.1/../../../../arm-none-eabi/lib/thumb/v7e-m/nofp\libg.a(lib_a-svfprintf.o)
 .rodata.zeroes.0
                0x0801156c       0x10 c:/progra~2/gnu arm embedded toolchain/10 2021.10/bin/../lib/gcc/arm-none-eabi/10.3.1/../../../../arm-none-eabi/lib/thumb/v7e-m/nofp\libg.a(lib_a-svfprintf.o)
 .rodata._ctype_
                0x0801157c      0x101 c:/progra~2/gnu arm embedded toolchain/10 2021.10/bin/../lib/gcc/arm-none-eabi/10.3.1/../../../../arm-none-eabi/lib/thumb/v7e-m/nofp\libg.a(lib_a-ctype_.o)
                0x0801157c                _ctype_
 *fill*         0x0801167d        0x3 
 .rodata._dtoa_r.str1.4
                0x08011680       0xa2 c:/progra~2/gnu arm embedded toolchain/10 2021.10/bin/../lib/gcc/arm-none-eabi/10.3.1/../../../../arm-none-eabi/lib/thumb/v7e-m/nofp\libg.a(lib_a-dtoa.o)
                                 0xa6 (size before relaxing)
 *fill*         0x08011722        0x2 
 .rodata.__multadd.str1.4
                0x08011724       0x7f c:/progra~2/gnu arm embedded toolchain/10 2021.10/bin/../lib/gcc/arm-none-eabi/10.3.1/../../../../arm-none-eabi/lib/thumb/v7e-m/nofp\libg.a(lib_a-mprec.o)
                                 0x93 (size before relaxing)
 *fill*         0x080117a3        0x5 
 .rodata.__mprec_bigtens
                0x080117a8       0x28 c:/progra~2/gnu arm embedded toolchain/10 2021.10/bin/../lib/gcc/arm-none-eabi/10.3.1/../../../../arm-none-eabi/lib/thumb/v7e-m/nofp\libg.a(lib_a-mprec.o)
                0x080117a8                __mprec_bigtens
 .rodata.__mprec_tens
                0x080117d0       0xc8 c:/progra~2/gnu arm embedded toolchain/10 2021.10/bin/../lib/gcc/arm-none-eabi/10.3.1/../../../../arm-none-eabi/lib/thumb/v7e-m/nofp\libg.a(lib_a-mprec.o)
                0x080117d0                __mprec_tens
 .rodata.p05.0  0x08011898        0xc c:/progra~2/gnu arm embedded toolchain/10 2021.10/bin/../lib/gcc/arm-none-eabi/10.3.1/../../../../arm-none-eabi/lib/thumb/v7e-m/nofp\libg.a(lib_a-mprec.o)
 .rodata.__assert_func.str1.4
                0x080118a4       0x3f c:/progra~2/gnu arm embedded toolchain/10 2021.10/bin/../lib/gcc/arm-none-eabi/10.3.1/../../../../arm-none-eabi/lib/thumb/v7e-m/nofp\libg.a(lib_a-assert.o)
                                 0x43 (size before relaxing)
 *fill*         0x080118e3        0x1 
 .rodata._setlocale_r.str1.4
                0x080118e4        0xa c:/progra~2/gnu arm embedded toolchain/10 2021.10/bin/../lib/gcc/arm-none-eabi/10.3.1/../../../../arm-none-eabi/lib/thumb/v7e-m/nofp\libg.a(lib_a-locale.o)
                                  0xd (size before relaxing)
 .rodata.str1.4
                0x080118ee        0x2 c:/progra~2/gnu arm embedded toolchain/10 2021.10/bin/../lib/gcc/arm-none-eabi/10.3.1/../../../../arm-none-eabi/lib/thumb/v7e-m/nofp\libg.a(lib_a-locale.o)
 .rodata._vfiprintf_r.str1.4
                0x080118ee       0x2f c:/progra~2/gnu arm embedded toolchain/10 2021.10/bin/../lib/gcc/arm-none-eabi/10.3.1/../../../../arm-none-eabi/lib/thumb/v7e-m/nofp\libg.a(lib_a-vfiprintf.o)
 *fill*         0x080118ee        0x2 
 .rodata.blanks.1
                0x080118f0       0x10 c:/progra~2/gnu arm embedded toolchain/10 2021.10/bin/../lib/gcc/arm-none-eabi/10.3.1/../../../../arm-none-eabi/lib/thumb/v7e-m/nofp\libg.a(lib_a-vfiprintf.o)
 .rodata.zeroes.0
                0x08011900       0x10 c:/progra~2/gnu arm embedded toolchain/10 2021.10/bin/../lib/gcc/arm-none-eabi/10.3.1/../../../../arm-none-eabi/lib/thumb/v7e-m/nofp\libg.a(lib_a-vfiprintf.o)
                0x08011910                . = ALIGN (0x4)

.ARM.extab      0x08011910       0xfc
                0x08011910                . = ALIGN (0x4)
 *(.ARM.extab* .gnu.linkonce.armextab.*)
 .ARM.extab.text._ZNSt8functionIFvvEED2Ev
                0x08011910        0xc CMakeFiles/CarMotionSim_Sampler.elf.dir/Core/USER_API/UHAL/UHAL_INTERRUPT_HANDLER/UHAL_INTERRUPT_HANDLER.cpp.obj
 .ARM.extab.text._ZL21base_of_encoded_valuehP15_Unwind_Context
                0x0801191c        0xc c:/progra~2/gnu arm embedded toolchain/10 2021.10/bin/../lib/gcc/arm-none-eabi/10.3.1/../../../../arm-none-eabi/lib/thumb/v7e-m/nofp\libstdc++.a(eh_personality.o)
 .ARM.extab.text.__gxx_personality_v0
                0x08011928       0x24 c:/progra~2/gnu arm embedded toolchain/10 2021.10/bin/../lib/gcc/arm-none-eabi/10.3.1/../../../../arm-none-eabi/lib/thumb/v7e-m/nofp\libstdc++.a(eh_personality.o)
 .ARM.extab.text._ZN10__cxxabiv111__terminateEPFvvE
                0x0801194c       0x2c c:/progra~2/gnu arm embedded toolchain/10 2021.10/bin/../lib/gcc/arm-none-eabi/10.3.1/../../../../arm-none-eabi/lib/thumb/v7e-m/nofp\libstdc++.a(eh_terminate.o)
 .ARM.extab.text._ZN10__cxxabiv112__unexpectedEPFvvE
                0x08011978        0xc c:/progra~2/gnu arm embedded toolchain/10 2021.10/bin/../lib/gcc/arm-none-eabi/10.3.1/../../../../arm-none-eabi/lib/thumb/v7e-m/nofp\libstdc++.a(eh_terminate.o)
 .ARM.extab.text._ZSt10unexpectedv
                0x08011984        0xc c:/progra~2/gnu arm embedded toolchain/10 2021.10/bin/../lib/gcc/arm-none-eabi/10.3.1/../../../../arm-none-eabi/lib/thumb/v7e-m/nofp\libstdc++.a(eh_terminate.o)
 .ARM.extab.text._ZN9__gnu_cxx27__verbose_terminate_handlerEv
                0x08011990       0x34 c:/progra~2/gnu arm embedded toolchain/10 2021.10/bin/../lib/gcc/arm-none-eabi/10.3.1/../../../../arm-none-eabi/lib/thumb/v7e-m/nofp\libstdc++.a(vterminate.o)
 .ARM.extab.text.unlikely.__cxa_call_unexpected
                0x080119c4       0x24 c:/progra~2/gnu arm embedded toolchain/10 2021.10/bin/../lib/gcc/arm-none-eabi/10.3.1/../../../../arm-none-eabi/lib/thumb/v7e-m/nofp\libstdc++.a(eh_call.o)
 .ARM.extab.text.__cxa_begin_catch
                0x080119e8        0xc c:/progra~2/gnu arm embedded toolchain/10 2021.10/bin/../lib/gcc/arm-none-eabi/10.3.1/../../../../arm-none-eabi/lib/thumb/v7e-m/nofp\libstdc++.a(eh_catch.o)
 .ARM.extab     0x080119f4       0x18 c:/progra~2/gnu arm embedded toolchain/10 2021.10/bin/../lib/gcc/arm-none-eabi/10.3.1/thumb/v7e-m/nofp\libgcc.a(pr-support.o)
                0x08011a0c                . = ALIGN (0x4)

.ARM            0x08011a0c      0x1d8
                0x08011a0c                . = ALIGN (0x4)
                0x08011a0c                __exidx_start = .
 *(.ARM.exidx*)
 .ARM.exidx.text.USART6_IRQHandler
                0x08011ac4        0x8 CMakeFiles/CarMotionSim_Sampler.elf.dir/Core/Src/main.cpp.obj
 .ARM.exidx.text.DMA2_Stream0_IRQHandler
                0x08011acc        0x8 CMakeFiles/CarMotionSim_Sampler.elf.dir/Core/Src/main.cpp.obj
 .ARM.exidx.text.DMA2_Stream1_IRQHandler
                0x08011ad4        0x0 CMakeFiles/CarMotionSim_Sampler.elf.dir/Core/Src/main.cpp.obj
                                  0x8 (size before relaxing)
 .ARM.exidx.text.ADC_IRQHandler
                0x08011ad4        0x0 CMakeFiles/CarMotionSim_Sampler.elf.dir/Core/Src/main.cpp.obj
                                  0x8 (size before relaxing)
 .ARM.exidx.text._Z18SystemClock_Configv
                0x08011ad4        0x8 CMakeFiles/CarMotionSim_Sampler.elf.dir/Core/Src/main.cpp.obj
 .ARM.exidx.text.main
                0x08011adc        0x8 CMakeFiles/CarMotionSim_Sampler.elf.dir/Core/Src/main.cpp.obj
 .ARM.exidx.text.NMI_Handler
                0x08011ae4        0x8 CMakeFiles/CarMotionSim_Sampler.elf.dir/Core/Src/stm32f4xx_it.cpp.obj
 .ARM.exidx.text.HardFault_Handler
                0x08011aec        0x0 CMakeFiles/CarMotionSim_Sampler.elf.dir/Core/Src/stm32f4xx_it.cpp.obj
                                  0x8 (size before relaxing)
 .ARM.exidx.text.MemManage_Handler
                0x08011aec        0x0 CMakeFiles/CarMotionSim_Sampler.elf.dir/Core/Src/stm32f4xx_it.cpp.obj
                                  0x8 (size before relaxing)
 .ARM.exidx.text.BusFault_Handler
                0x08011aec        0x0 CMakeFiles/CarMotionSim_Sampler.elf.dir/Core/Src/stm32f4xx_it.cpp.obj
                                  0x8 (size before relaxing)
 .ARM.exidx.text.UsageFault_Handler
                0x08011aec        0x0 CMakeFiles/CarMotionSim_Sampler.elf.dir/Core/Src/stm32f4xx_it.cpp.obj
                                  0x8 (size before relaxing)
 .ARM.exidx.text.SVC_Handler
                0x08011aec        0x0 CMakeFiles/CarMotionSim_Sampler.elf.dir/Core/Src/stm32f4xx_it.cpp.obj
                                  0x8 (size before relaxing)
 .ARM.exidx.text.DebugMon_Handler
                0x08011aec        0x0 CMakeFiles/CarMotionSim_Sampler.elf.dir/Core/Src/stm32f4xx_it.cpp.obj
                                  0x8 (size before relaxing)
 .ARM.exidx.text.PendSV_Handler
                0x08011aec        0x0 CMakeFiles/CarMotionSim_Sampler.elf.dir/Core/Src/stm32f4xx_it.cpp.obj
                                  0x8 (size before relaxing)
 .ARM.exidx.text.SysTick_Handler
                0x08011aec        0x0 CMakeFiles/CarMotionSim_Sampler.elf.dir/Core/Src/stm32f4xx_it.cpp.obj
                                  0x8 (size before relaxing)
 .ARM.exidx.text.UART4_IRQHandler
                0x08011aec        0x0 CMakeFiles/CarMotionSim_Sampler.elf.dir/Core/Src/stm32f4xx_it.cpp.obj
                                  0x8 (size before relaxing)
 .ARM.exidx.text._ZN9UHAL_DMA210DMA_USART616setBufferAddressEj
                0x08011aec        0x0 CMakeFiles/CarMotionSim_Sampler.elf.dir/Core/USER_API/UHAL/UHAL_DMA/UHAL_DMA.cpp.obj
                                  0x8 (size before relaxing)
 .ARM.exidx.text._ZN9UHAL_DMA210DMA_USART66enableEv
                0x08011aec        0x0 CMakeFiles/CarMotionSim_Sampler.elf.dir/Core/USER_API/UHAL/UHAL_DMA/UHAL_DMA.cpp.obj
                                  0x8 (size before relaxing)
 .ARM.exidx.text._ZN9UHAL_DMA210DMA_USART623setNumberOfDataTransferEt
                0x08011aec        0x0 CMakeFiles/CarMotionSim_Sampler.elf.dir/Core/USER_API/UHAL/UHAL_DMA/UHAL_DMA.cpp.obj
                                  0x8 (size before relaxing)
 .ARM.exidx.text._ZN9UHAL_DMA210DMA_USART620setPeripheralADDressEj
                0x08011aec        0x0 CMakeFiles/CarMotionSim_Sampler.elf.dir/Core/USER_API/UHAL/UHAL_DMA/UHAL_DMA.cpp.obj
                                  0x8 (size before relaxing)
 .ARM.exidx.text._ZN9UHAL_DMA210DMA_USART610initializeEv
                0x08011aec        0x0 CMakeFiles/CarMotionSim_Sampler.elf.dir/Core/USER_API/UHAL/UHAL_DMA/UHAL_DMA.cpp.obj
                                  0x8 (size before relaxing)
 .ARM.exidx.text._ZN9UHAL_DMA210DMA_USART67disableEv
                0x08011aec        0x0 CMakeFiles/CarMotionSim_Sampler.elf.dir/Core/USER_API/UHAL/UHAL_DMA/UHAL_DMA.cpp.obj
                                  0x8 (size before relaxing)
 .ARM.exidx.text._ZN9UHAL_DMA210DMA_USART610isDisabledEv
                0x08011aec        0x0 CMakeFiles/CarMotionSim_Sampler.elf.dir/Core/USER_API/UHAL/UHAL_DMA/UHAL_DMA.cpp.obj
                                  0x8 (size before relaxing)
 .ARM.exidx.text._ZNSt8functionIFvvEED2Ev
                0x08011aec        0x8 CMakeFiles/CarMotionSim_Sampler.elf.dir/Core/USER_API/UHAL/UHAL_INTERRUPT_HANDLER/UHAL_INTERRUPT_HANDLER.cpp.obj
 .ARM.exidx.text._Z41__static_initialization_and_destruction_0ii
                0x08011af4        0x8 CMakeFiles/CarMotionSim_Sampler.elf.dir/Core/USER_API/UHAL/UHAL_INTERRUPT_HANDLER/UHAL_INTERRUPT_HANDLER.cpp.obj
 .ARM.exidx.text._GLOBAL__sub_I_interruptCallback
                0x08011afc        0x0 CMakeFiles/CarMotionSim_Sampler.elf.dir/Core/USER_API/UHAL/UHAL_INTERRUPT_HANDLER/UHAL_INTERRUPT_HANDLER.cpp.obj
                                  0x8 (size before relaxing)
 .ARM.exidx.text._ZN11UHAL_USART110initializeEm
                0x08011afc        0x8 CMakeFiles/CarMotionSim_Sampler.elf.dir/Core/USER_API/UHAL/UHAL_USART/uhal_usart.cpp.obj
 .ARM.exidx.text._ZN11UHAL_USART16enableEv
                0x08011b04        0x8 CMakeFiles/CarMotionSim_Sampler.elf.dir/Core/USER_API/UHAL/UHAL_USART/uhal_usart.cpp.obj
 .ARM.exidx.text._ZN11UHAL_USART117enableTransmitterEv
                0x08011b0c        0x0 CMakeFiles/CarMotionSim_Sampler.elf.dir/Core/USER_API/UHAL/UHAL_USART/uhal_usart.cpp.obj
                                  0x8 (size before relaxing)
 .ARM.exidx.text._ZN11UHAL_USART112transmitDataEh
                0x08011b0c        0x0 CMakeFiles/CarMotionSim_Sampler.elf.dir/Core/USER_API/UHAL/UHAL_USART/uhal_usart.cpp.obj
                                  0x8 (size before relaxing)
 .ARM.exidx.text._ZN11UHAL_USART14sendEh
                0x08011b0c        0x0 CMakeFiles/CarMotionSim_Sampler.elf.dir/Core/USER_API/UHAL/UHAL_USART/uhal_usart.cpp.obj
                                  0x8 (size before relaxing)
 .ARM.exidx.text._ZN11UHAL_USART121enableInterruptHandleEhh
                0x08011b0c        0x0 CMakeFiles/CarMotionSim_Sampler.elf.dir/Core/USER_API/UHAL/UHAL_USART/uhal_usart.cpp.obj
                                  0x8 (size before relaxing)
 .ARM.exidx.text._ZN11UHAL_USART114enableReceiverEv
                0x08011b0c        0x0 CMakeFiles/CarMotionSim_Sampler.elf.dir/Core/USER_API/UHAL/UHAL_USART/uhal_usart.cpp.obj
                                  0x8 (size before relaxing)
 .ARM.exidx.text._ZN11UHAL_USART120interruptReceiveInitEv
                0x08011b0c        0x0 CMakeFiles/CarMotionSim_Sampler.elf.dir/Core/USER_API/UHAL/UHAL_USART/uhal_usart.cpp.obj
                                  0x8 (size before relaxing)
 .ARM.exidx.text._ZN11UHAL_USART110developing8fristRunEjt
                0x08011b0c       0x10 CMakeFiles/CarMotionSim_Sampler.elf.dir/Core/USER_API/UHAL/UHAL_USART/uhal_usart.cpp.obj
                                  0x8 (size before relaxing)
 .ARM.exidx.text.__aeabi_atexit
                0x08011b1c        0x0 c:/progra~2/gnu arm embedded toolchain/10 2021.10/bin/../lib/gcc/arm-none-eabi/10.3.1/../../../../arm-none-eabi/lib/thumb/v7e-m/nofp\libstdc++.a(atexit_arm.o)
                                  0x8 (size before relaxing)
 .ARM.exidx.text._ZNK10__cxxabiv117__class_type_info11__do_upcastEPKS0_PPv
                0x08011b1c        0x8 c:/progra~2/gnu arm embedded toolchain/10 2021.10/bin/../lib/gcc/arm-none-eabi/10.3.1/../../../../arm-none-eabi/lib/thumb/v7e-m/nofp\libstdc++.a(class_type_info.o)
 .ARM.exidx.text._ZNK10__cxxabiv117__class_type_info20__do_find_public_srcEiPKvPKS0_S2_
                0x08011b24        0x8 c:/progra~2/gnu arm embedded toolchain/10 2021.10/bin/../lib/gcc/arm-none-eabi/10.3.1/../../../../arm-none-eabi/lib/thumb/v7e-m/nofp\libstdc++.a(class_type_info.o)
 .ARM.exidx.text._ZN10__cxxabiv117__class_type_infoD2Ev