../Drivers/CMSIS/Include/core_cm4.h:1676:26:uint32_t __NVIC_GetPriorityGrouping()	4	static
../Drivers/CMSIS/Include/core_cm4.h:1688:22:void __NVIC_EnableIRQ(IRQn_Type)	16	static
../Drivers/CMSIS/Include/core_cm4.h:1816:22:void __NVIC_SetPriority(IRQn_Type, uint32_t)	16	static
../Drivers/CMSIS/Include/core_cm4.h:1863:26:uint32_t NVIC_EncodePriority(uint32_t, uint32_t, uint32_t)	40	static
../Drivers/STM32F4xx_HAL_Driver/Inc/stm32f4xx_ll_bus.h:411:22:void LL_AHB1_GRP1_EnableClock(uint32_t)	24	static
../Drivers/STM32F4xx_HAL_Driver/Inc/stm32f4xx_ll_bus.h:1706:22:void LL_APB2_GRP1_EnableClock(uint32_t)	24	static
../Drivers/STM32F4xx_HAL_Driver/Inc/stm32f4xx_ll_dma.h:596:22:void LL_DMA_SetDataTransferDirection(DMA_TypeDef*, uint32_t, uint32_t)	24	static
../Drivers/STM32F4xx_HAL_Driver/Inc/stm32f4xx_ll_dma.h:644:22:void LL_DMA_SetMode(DMA_TypeDef*, uint32_t, uint32_t)	24	static
../Drivers/STM32F4xx_HAL_Driver/Inc/stm32f4xx_ll_dma.h:691:22:void LL_DMA_SetPeriphIncMode(DMA_TypeDef*, uint32_t, uint32_t)	24	static
../Drivers/STM32F4xx_HAL_Driver/Inc/stm32f4xx_ll_dma.h:736:22:void LL_DMA_SetMemoryIncMode(DMA_TypeDef*, uint32_t, uint32_t)	24	static
../Drivers/STM32F4xx_HAL_Driver/Inc/stm32f4xx_ll_dma.h:782:22:void LL_DMA_SetPeriphSize(DMA_TypeDef*, uint32_t, uint32_t)	24	static
../Drivers/STM32F4xx_HAL_Driver/Inc/stm32f4xx_ll_dma.h:829:22:void LL_DMA_SetMemorySize(DMA_TypeDef*, uint32_t, uint32_t)	24	static
../Drivers/STM32F4xx_HAL_Driver/Inc/stm32f4xx_ll_dma.h:922:22:void LL_DMA_SetStreamPriorityLevel(DMA_TypeDef*, uint32_t, uint32_t)	24	static
../Drivers/STM32F4xx_HAL_Driver/Inc/stm32f4xx_ll_dma.h:1020:22:void LL_DMA_SetChannelSelection(DMA_TypeDef*, uint32_t, uint32_t)	24	static
../Drivers/STM32F4xx_HAL_Driver/Inc/stm32f4xx_ll_dma.h:1073:22:void LL_DMA_SetMemoryBurstxfer(DMA_TypeDef*, uint32_t, uint32_t)	24	static
../Drivers/STM32F4xx_HAL_Driver/Inc/stm32f4xx_ll_dma.h:1122:22:void LL_DMA_SetPeriphBurstxfer(DMA_TypeDef*, uint32_t, uint32_t)	24	static
../Drivers/STM32F4xx_HAL_Driver/Inc/stm32f4xx_ll_dma.h:1297:22:void LL_DMA_EnableFifoMode(DMA_TypeDef*, uint32_t)	16	static
../Drivers/STM32F4xx_HAL_Driver/Inc/stm32f4xx_ll_dma.h:1322:22:void LL_DMA_SetFIFOThreshold(DMA_TypeDef*, uint32_t, uint32_t)	24	static
../Drivers/STM32F4xx_HAL_Driver/Inc/stm32f4xx_ll_dma.h:2547:22:void LL_DMA_EnableIT_HT(DMA_TypeDef*, uint32_t)	16	static
../Drivers/STM32F4xx_HAL_Driver/Inc/stm32f4xx_ll_dma.h:2567:22:void LL_DMA_EnableIT_TE(DMA_TypeDef*, uint32_t)	16	static
../Drivers/STM32F4xx_HAL_Driver/Inc/stm32f4xx_ll_dma.h:2587:22:void LL_DMA_EnableIT_TC(DMA_TypeDef*, uint32_t)	16	static
../Drivers/STM32F4xx_HAL_Driver/Inc/stm32f4xx_ll_dma.h:2607:22:void LL_DMA_EnableIT_DME(DMA_TypeDef*, uint32_t)	16	static
../Drivers/STM32F4xx_HAL_Driver/Inc/stm32f4xx_ll_dma.h:2627:22:void LL_DMA_EnableIT_FE(DMA_TypeDef*, uint32_t)	16	static
../Drivers/STM32F4xx_HAL_Driver/Inc/stm32f4xx_ll_usart.h:411:22:void LL_USART_Enable(USART_TypeDef*)	16	static
../Drivers/STM32F4xx_HAL_Driver/Inc/stm32f4xx_ll_usart.h:425:22:void LL_USART_Disable(USART_TypeDef*)	16	static
../Drivers/STM32F4xx_HAL_Driver/Inc/stm32f4xx_ll_usart.h:447:22:void LL_USART_EnableDirectionRx(USART_TypeDef*)	40	static,ignoring_inline_asm
../Drivers/STM32F4xx_HAL_Driver/Inc/stm32f4xx_ll_usart.h:469:22:void LL_USART_EnableDirectionTx(USART_TypeDef*)	40	static,ignoring_inline_asm
../Drivers/STM32F4xx_HAL_Driver/Inc/stm32f4xx_ll_usart.h:1480:22:void LL_USART_ConfigAsyncMode(USART_TypeDef*)	16	static
../Drivers/STM32F4xx_HAL_Driver/Inc/stm32f4xx_ll_usart.h:1804:26:uint32_t LL_USART_IsActiveFlag_TC(USART_TypeDef*)	16	static
../Drivers/STM32F4xx_HAL_Driver/Inc/stm32f4xx_ll_usart.h:1815:26:uint32_t LL_USART_IsActiveFlag_TXE(USART_TypeDef*)	16	static
../Drivers/STM32F4xx_HAL_Driver/Inc/stm32f4xx_ll_usart.h:2025:22:void LL_USART_EnableIT_IDLE(USART_TypeDef*)	40	static,ignoring_inline_asm
../Drivers/STM32F4xx_HAL_Driver/Inc/stm32f4xx_ll_usart.h:2036:22:void LL_USART_EnableIT_RXNE(USART_TypeDef*)	40	static,ignoring_inline_asm
../Drivers/STM32F4xx_HAL_Driver/Inc/stm32f4xx_ll_usart.h:2058:22:void LL_USART_EnableIT_TXE(USART_TypeDef*)	40	static,ignoring_inline_asm
../Drivers/STM32F4xx_HAL_Driver/Inc/stm32f4xx_ll_usart.h:2069:22:void LL_USART_EnableIT_PE(USART_TypeDef*)	40	static,ignoring_inline_asm
../Drivers/STM32F4xx_HAL_Driver/Inc/stm32f4xx_ll_usart.h:2097:22:void LL_USART_EnableIT_ERROR(USART_TypeDef*)	40	static,ignoring_inline_asm
../Drivers/STM32F4xx_HAL_Driver/Inc/stm32f4xx_ll_usart.h:2317:22:void LL_USART_EnableDMAReq_RX(USART_TypeDef*)	40	static,ignoring_inline_asm
../Drivers/STM32F4xx_HAL_Driver/Inc/stm32f4xx_ll_usart.h:2415:26:uint16_t LL_USART_ReceiveData9(USART_TypeDef*)	16	static
../Drivers/STM32F4xx_HAL_Driver/Inc/stm32f4xx_ll_usart.h:2427:22:void LL_USART_TransmitData8(USART_TypeDef*, uint8_t)	16	static
c:\st\stm32cubeide_1.8.0\stm32cubeide\plugins\com.st.stm32cube.ide.mcu.externaltools.gnu-tools-for-stm32.10.3-2021.10.win32_1.0.0.202111181127\tools\bin\../lib/gcc/arm-none-eabi/10.3.1/../../../../arm-none-eabi/include/c++/10.3.1/arm-none-eabi/thumb/v7e-m+fp/hard/bits/gthr-default.h:229:1:int __gthread_key_delete(__gthread_key_t)	16	static
../Core/USER_API/UHAL/UHAL_USART/uhal_usart.cpp:9:6:void UHAL_USART1::initialize(uint32_t)	72	static
../Core/USER_API/UHAL/UHAL_USART/uhal_usart.cpp:95:6:void UHAL_USART1::send(UHAL_USART1::data_T)	16	static
../Core/USER_API/UHAL/UHAL_USART/uhal_usart.cpp:106:6:void UHAL_USART1::send(uint8_t*)	16	static
../Core/USER_API/UHAL/UHAL_USART/uhal_usart.cpp:115:6:void UHAL_USART1::send(const string&)	32	static
../Core/USER_API/UHAL/UHAL_USART/uhal_usart.cpp:128:6:void UHAL_USART1::send(const char*)	24	static
../Core/USER_API/UHAL/UHAL_USART/uhal_usart.cpp:142:6:void UHAL_USART1::interruptTransInit()	8	static
../Core/USER_API/UHAL/UHAL_USART/uhal_usart.cpp:150:6:void UHAL_USART1::interruptReceiveInit()	8	static
../Core/USER_API/UHAL/UHAL_USART/uhal_usart.cpp:166:6:void UHAL_USART1::developing::fristRun(uintptr_t, uint16_t)	16	static
../Core/USER_API/UHAL/UHAL_USART/uhal_usart.cpp:179:6:void UHAL_USART1::enableGPIOClock()	8	static
../Core/USER_API/UHAL/UHAL_USART/uhal_usart.cpp:183:6:void UHAL_USART1::enablePerihClock()	8	static
../Core/USER_API/UHAL/UHAL_USART/uhal_usart.cpp:188:6:void UHAL_USART1::enable()	8	static
../Core/USER_API/UHAL/UHAL_USART/uhal_usart.cpp:198:6:void UHAL_USART1::enableTransmitter()	8	static
../Core/USER_API/UHAL/UHAL_USART/uhal_usart.cpp:202:6:void UHAL_USART1::transmitData(UHAL_USART1::data_T)	16	static
../Core/USER_API/UHAL/UHAL_USART/uhal_usart.cpp:206:6:void UHAL_USART1::disable()	8	static
../Core/USER_API/UHAL/UHAL_USART/uhal_usart.cpp:210:6:void UHAL_USART1::enableInterruptHandle(uint8_t, uint8_t)	16	static
../Core/USER_API/UHAL/UHAL_USART/uhal_usart.cpp:218:6:void UHAL_USART1::enableReceiver()	8	static
../Core/USER_API/UHAL/UHAL_USART/uhal_usart.cpp:223:21:UHAL_USART1::data_T UHAL_USART1::receivedData()	8	static
c:\st\stm32cubeide_1.8.0\stm32cubeide\plugins\com.st.stm32cube.ide.mcu.externaltools.gnu-tools-for-stm32.10.3-2021.10.win32_1.0.0.202111181127\tools\arm-none-eabi\include\c++\10.3.1\bits\stl_iterator.h:1113:5:bool __gnu_cxx::operator!=(const __gnu_cxx::__normal_iterator<_Iterator, _Container>&, const __gnu_cxx::__normal_iterator<_Iterator, _Container>&) [with _Iterator = const char*; _Container = std::__cxx11::basic_string<char>]	24	static
c:\st\stm32cubeide_1.8.0\stm32cubeide\plugins\com.st.stm32cube.ide.mcu.externaltools.gnu-tools-for-stm32.10.3-2021.10.win32_1.0.0.202111181127\tools\arm-none-eabi\include\c++\10.3.1\bits\stl_iterator.h:1003:7:__gnu_cxx::__normal_iterator<_Iterator, _Container>& __gnu_cxx::__normal_iterator<_Iterator, _Container>::operator++() [with _Iterator = const char*; _Container = std::__cxx11::basic_string<char>]	16	static
c:\st\stm32cubeide_1.8.0\stm32cubeide\plugins\com.st.stm32cube.ide.mcu.externaltools.gnu-tools-for-stm32.10.3-2021.10.win32_1.0.0.202111181127\tools\arm-none-eabi\include\c++\10.3.1\bits\stl_iterator.h:993:7:__gnu_cxx::__normal_iterator<_Iterator, _Container>::reference __gnu_cxx::__normal_iterator<_Iterator, _Container>::operator*() const [with _Iterator = const char*; _Container = std::__cxx11::basic_string<char>]	16	static
c:\st\stm32cubeide_1.8.0\stm32cubeide\plugins\com.st.stm32cube.ide.mcu.externaltools.gnu-tools-for-stm32.10.3-2021.10.win32_1.0.0.202111181127\tools\arm-none-eabi\include\c++\10.3.1\bits\stl_iterator.h:1056:7:const _Iterator& __gnu_cxx::__normal_iterator<_Iterator, _Container>::base() const [with _Iterator = const char*; _Container = std::__cxx11::basic_string<char>]	16	static
